Archive member included because of file (symbol)

C:\Users\Piotr\Documents\LPCXpresso_7.8.0_426\mouse_threadmill\lpc_board_nxp_lpcxpresso_1769\Debug\liblpc_board_nxp_lpcxpresso_1769.a(board.o)
                              ./example/src/systick.o (Board_LED_Toggle)
C:\Users\Piotr\Documents\LPCXpresso_7.8.0_426\mouse_threadmill\lpc_board_nxp_lpcxpresso_1769\Debug\liblpc_board_nxp_lpcxpresso_1769.a(board_sysinit.o)
                              ./example/src/sysinit.o (Board_SystemInit)
C:\Users\Piotr\Documents\LPCXpresso_7.8.0_426\mouse_threadmill\lpc_chip_175x_6x\Debug\liblpc_chip_175x_6x.a(chip_17xx_40xx.o)
                              ./example/src/systick.o (SystemCoreClock)
C:\Users\Piotr\Documents\LPCXpresso_7.8.0_426\mouse_threadmill\lpc_chip_175x_6x\Debug\liblpc_chip_175x_6x.a(clock_17xx_40xx.o)
                              C:\Users\Piotr\Documents\LPCXpresso_7.8.0_426\mouse_threadmill\lpc_chip_175x_6x\Debug\liblpc_chip_175x_6x.a(chip_17xx_40xx.o) (Chip_Clock_EnablePLL)
C:\Users\Piotr\Documents\LPCXpresso_7.8.0_426\mouse_threadmill\lpc_chip_175x_6x\Debug\liblpc_chip_175x_6x.a(i2s_17xx_40xx.o)
                              C:\Users\Piotr\Documents\LPCXpresso_7.8.0_426\mouse_threadmill\lpc_board_nxp_lpcxpresso_1769\Debug\liblpc_board_nxp_lpcxpresso_1769.a(board.o) (Chip_I2S_Init)
C:\Users\Piotr\Documents\LPCXpresso_7.8.0_426\mouse_threadmill\lpc_chip_175x_6x\Debug\liblpc_chip_175x_6x.a(iocon_17xx_40xx.o)
                              C:\Users\Piotr\Documents\LPCXpresso_7.8.0_426\mouse_threadmill\lpc_board_nxp_lpcxpresso_1769\Debug\liblpc_board_nxp_lpcxpresso_1769.a(board.o) (Chip_IOCON_PinMux)
C:\Users\Piotr\Documents\LPCXpresso_7.8.0_426\mouse_threadmill\lpc_chip_175x_6x\Debug\liblpc_chip_175x_6x.a(sysinit_17xx_40xx.o)
                              C:\Users\Piotr\Documents\LPCXpresso_7.8.0_426\mouse_threadmill\lpc_board_nxp_lpcxpresso_1769\Debug\liblpc_board_nxp_lpcxpresso_1769.a(board_sysinit.o) (Chip_SetupXtalClocking)
C:\Users\Piotr\Documents\LPCXpresso_7.8.0_426\mouse_threadmill\lpc_chip_175x_6x\Debug\liblpc_chip_175x_6x.a(uart_17xx_40xx.o)
                              C:\Users\Piotr\Documents\LPCXpresso_7.8.0_426\mouse_threadmill\lpc_board_nxp_lpcxpresso_1769\Debug\liblpc_board_nxp_lpcxpresso_1769.a(board.o) (Chip_UART_Init)
C:\Users\Piotr\Documents\LPCXpresso_7.8.0_426\mouse_threadmill\lpc_chip_175x_6x\Debug\liblpc_chip_175x_6x.a(ring_buffer.o)
                              C:\Users\Piotr\Documents\LPCXpresso_7.8.0_426\mouse_threadmill\lpc_chip_175x_6x\Debug\liblpc_chip_175x_6x.a(uart_17xx_40xx.o) (RingBuffer_Insert)
c:/nxp/lpcxpresso_7.8.0_426/lpcxpresso/tools/bin/../lib/gcc/arm-none-eabi/4.9.3/../../../../arm-none-eabi/lib/armv7-m\libcr_nohost.a(_cr__main.o)
                              ./example/src/cr_startup_lpc175x_6x.o (__main)
c:/nxp/lpcxpresso_7.8.0_426/lpcxpresso/tools/bin/../lib/gcc/arm-none-eabi/4.9.3/../../../../arm-none-eabi/lib/armv7-m\libcr_c.a(memcpy.o)
                              C:\Users\Piotr\Documents\LPCXpresso_7.8.0_426\mouse_threadmill\lpc_board_nxp_lpcxpresso_1769\Debug\liblpc_board_nxp_lpcxpresso_1769.a(board.o) (memcpy)
c:/nxp/lpcxpresso_7.8.0_426/lpcxpresso/tools/bin/../lib/gcc/arm-none-eabi/4.9.3/../../../../arm-none-eabi/lib/armv7-m\libcr_c.a(initio.o)
                              c:/nxp/lpcxpresso_7.8.0_426/lpcxpresso/tools/bin/../lib/gcc/arm-none-eabi/4.9.3/../../../../arm-none-eabi/lib/armv7-m\libcr_nohost.a(_cr__main.o) (_initio)
c:/nxp/lpcxpresso_7.8.0_426/lpcxpresso/tools/bin/../lib/gcc/arm-none-eabi/4.9.3/../../../../arm-none-eabi/lib/armv7-m\libcr_c.a(setvbuf.o)
                              c:/nxp/lpcxpresso_7.8.0_426/lpcxpresso/tools/bin/../lib/gcc/arm-none-eabi/4.9.3/../../../../arm-none-eabi/lib/armv7-m\libcr_c.a(initio.o) (setvbuf)
c:/nxp/lpcxpresso_7.8.0_426/lpcxpresso/tools/bin/../lib/gcc/arm-none-eabi/4.9.3/../../../../arm-none-eabi/lib/armv7-m\libcr_c.a(stdio.o)
                              c:/nxp/lpcxpresso_7.8.0_426/lpcxpresso/tools/bin/../lib/gcc/arm-none-eabi/4.9.3/../../../../arm-none-eabi/lib/armv7-m\libcr_c.a(initio.o) (__Ciob)
c:/nxp/lpcxpresso_7.8.0_426/lpcxpresso/tools/bin/../lib/gcc/arm-none-eabi/4.9.3/../../../../arm-none-eabi/lib/armv7-m\libcr_c.a(memset.o)
                              c:/nxp/lpcxpresso_7.8.0_426/lpcxpresso/tools/bin/../lib/gcc/arm-none-eabi/4.9.3/../../../../arm-none-eabi/lib/armv7-m\libcr_c.a(initio.o) (memset)
c:/nxp/lpcxpresso_7.8.0_426/lpcxpresso/tools/bin/../lib/gcc/arm-none-eabi/4.9.3/../../../../arm-none-eabi/lib/armv7-m\libcr_c.a(__fillbuf.o)
                              c:/nxp/lpcxpresso_7.8.0_426/lpcxpresso/tools/bin/../lib/gcc/arm-none-eabi/4.9.3/../../../../arm-none-eabi/lib/armv7-m\libcr_c.a(stdio.o) (__filbuf)
c:/nxp/lpcxpresso_7.8.0_426/lpcxpresso/tools/bin/../lib/gcc/arm-none-eabi/4.9.3/../../../../arm-none-eabi/lib/armv7-m\libcr_c.a(_deferredlazyseek.o)
[...]
Memory Configuration

Name             Origin             Length             Attributes
MFlash512        0x00000000         0x00080000         xr
RamLoc32         0x10000000         0x00008000         xrw
RamAHB32         0x2007c000         0x00008000         xrw
*default*        0x00000000         0xffffffff

Linker script and memory map

LOAD ./example/src/cr_startup_lpc175x_6x.o
LOAD ./example/src/sysinit.o
LOAD ./example/src/systick.o
LOAD C:\Users\Piotr\Documents\LPCXpresso_7.8.0_426\mouse_threadmill\lpc_board_nxp_lpcxpresso_1769\Debug\liblpc_board_nxp_lpcxpresso_1769.a
LOAD C:\Users\Piotr\Documents\LPCXpresso_7.8.0_426\mouse_threadmill\lpc_chip_175x_6x\Debug\liblpc_chip_175x_6x.a
START GROUP
LOAD c:/nxp/lpcxpresso_7.8.0_426/lpcxpresso/tools/bin/../lib/gcc/arm-none-eabi/4.9.3/../../../../arm-none-eabi/lib/armv7-m\libcr_nohost.a
LOAD c:/nxp/lpcxpresso_7.8.0_426/lpcxpresso/tools/bin/../lib/gcc/arm-none-eabi/4.9.3/../../../../arm-none-eabi/lib/armv7-m\libcr_c.a
LOAD c:/nxp/lpcxpresso_7.8.0_426/lpcxpresso/tools/bin/../lib/gcc/arm-none-eabi/4.9.3/armv7-m\libcr_eabihelpers.a
END GROUP
                0x00080000                __top_MFlash512 = 0x80000
                0x10008000                __top_RamLoc32 = 0x10008000
                0x20084000                __top_RamAHB32 = 0x20084000

.text           0x00000000     0x17a0
 FILL mask 0xff
                0x00000000                __vectors_start__ = ABSOLUTE (.)
 *(.isr_vector)
 .isr_vector    0x00000000       0xcc ./example/src/cr_startup_lpc175x_6x.o
                0x00000000                g_pfnVectors
                0x000000cc                . = ALIGN (0x4)
                0x000000cc                __section_table_start = .
                0x000000cc                __data_section_table = .
                0x000000cc        0x4 LONG 0x17a0 LOADADDR (.data)
                0x000000d0        0x4 LONG 0x10000000 ADDR (.data)
                0x000000d4        0x4 LONG 0x0 SIZEOF (.data)
                0x000000d8        0x4 LONG 0x17a0 LOADADDR (.data_RAM2)
                0x000000dc        0x4 LONG 0x2007c000 ADDR (.data_RAM2)
                0x000000e0        0x4 LONG 0x0 SIZEOF (.data_RAM2)
                0x000000e4                __data_section_table_end = .
                0x000000e4                __bss_section_table = .
                0x000000e4        0x4 LONG 0x10000000 ADDR (.bss)
                0x000000e8        0x4 LONG 0x154 SIZEOF (.bss)
                0x000000ec        0x4 LONG 0x2007c000 ADDR (.bss_RAM2)
                0x000000f0        0x4 LONG 0x0 SIZEOF (.bss_RAM2)
                0x000000f4                __bss_section_table_end = .
                0x000000f4                __section_table_end = .
 *(.after_vectors*)
 .after_vectors
                0x000000f4      0x144 ./example/src/cr_startup_lpc175x_6x.o
                0x000000f4                data_init
                0x00000138                bss_init
                0x00000170                ResetISR
                0x000001e8                NMI_Handler
                0x000001f0                HardFault_Handler
                0x000001f8                MemManage_Handler
                0x00000200                BusFault_Handler
                0x00000208                UsageFault_Handler
                0x00000210                SVC_Handler
                0x00000218                DebugMon_Handler
                0x00000220                PendSV_Handler
                0x00000230                UART1_IRQHandler
                0x00000230                EINT3_IRQHandler
                0x00000230                CANActivity_IRQHandler
                0x00000230                TIMER3_IRQHandler
                0x00000230                UART0_IRQHandler
                0x00000230                USBActivity_IRQHandler
                0x00000230                EINT2_IRQHandler
                0x00000230                IntDefaultHandler
                0x00000230                PLL0_IRQHandler
                0x00000230                CAN_IRQHandler
                0x00000230                I2C0_IRQHandler
                0x00000230                SSP0_IRQHandler
                0x00000230                I2C1_IRQHandler
                0x00000230                I2C2_IRQHandler
                0x00000230                RTC_IRQHandler
                0x00000230                TIMER0_IRQHandler
                0x00000230                SPI_IRQHandler
                0x00000230                RIT_IRQHandler
                0x00000230                EINT1_IRQHandler
                0x00000230                TIMER1_IRQHandler
                0x00000230                UART2_IRQHandler
                0x00000230                ADC_IRQHandler
                0x00000230                SSP1_IRQHandler
                0x00000230                USB_IRQHandler
                0x00000230                BOD_IRQHandler
                0x00000230                PWM1_IRQHandler
                0x00000230                WDT_IRQHandler
                0x00000230                I2S_IRQHandler
                0x00000230                QEI_IRQHandler
                0x00000230                EINT0_IRQHandler
                0x00000230                ETH_IRQHandler
                0x00000230                PLL1_IRQHandler
                0x00000230                DMA_IRQHandler
                0x00000230                TIMER2_IRQHandler
                0x00000230                UART3_IRQHandler
                0x00000230                MCPWM_IRQHandler
 *(.text*)
 .text.SystemInit
                0x00000238       0x24 ./example/src/sysinit.o
                0x00000238                SystemInit
 .text.NVIC_SetPriority
                0x0000025c       0x54 ./example/src/systick.o
 .text.SysTick_Config
                0x000002b0       0x44 ./example/src/systick.o
 .text.SysTick_Handler
                0x000002f4        0xc ./example/src/systick.o
                0x000002f4                SysTick_Handler
 .text.main     0x00000300       0x2c ./example/src/systick.o
                0x00000300                main
 .text.Chip_IOCON_Init
                0x0000032c       0x14 C:\Users\Piotr\Documents\LPCXpresso_7.8.0_426\mouse_threadmill\lpc_board_nxp_lpcxpresso_1769\Debug\liblpc_board_nxp_lpcxpresso_1769.a(board.o)
 .text.Chip_GPIO_Init
                0x00000340       0x14 C:\Users\Piotr\Documents\LPCXpresso_7.8.0_426\mouse_threadmill\lpc_board_nxp_lpcxpresso_1769\Debug\liblpc_board_nxp_lpcxpresso_1769.a(board.o)
 .text.Chip_GPIO_SetPinState
                0x00000354       0x68 C:\Users\Piotr\Documents\LPCXpresso_7.8.0_426\mouse_threadmill\lpc_board_nxp_lpcxpresso_1769\Debug\liblpc_board_nxp_lpcxpresso_1769.a(board.o)
 .text.Chip_GPIO_WritePortBit
                0x000003bc       0x2c C:\Users\Piotr\Documents\LPCXpresso_7.8.0_426\mouse_threadmill\lpc_board_nxp_lpcxpresso_1769\Debug\liblpc_board_nxp_lpcxpresso_1769.a(board.o)
 .text.Chip_GPIO_GetPinState
                0x000003e8       0x3c C:\Users\Piotr\Documents\LPCXpresso_7.8.0_426\mouse_threadmill\lpc_board_nxp_lpcxpresso_1769\Debug\liblpc_board_nxp_lpcxpresso_1769.a(board.o)
 .text.Chip_GPIO_ReadPortBit
                0x00000424       0x28 C:\Users\Piotr\Documents\LPCXpresso_7.8.0_426\mouse_threadmill\lpc_board_nxp_lpcxpresso_1769\Debug\liblpc_board_nxp_lpcxpresso_1769.a(board.o)
 .text.Chip_GPIO_SetPinDIROutput
                0x0000044c       0x38 C:\Users\Piotr\Documents\LPCXpresso_7.8.0_426\mouse_threadmill\lpc_board_nxp_lpcxpresso_1769\Debug\liblpc_board_nxp_lpcxpresso_1769.a(board.o)
 .text.Chip_GPIO_SetPinDIRInput
                0x00000484       0x3c C:\Users\Piotr\Documents\LPCXpresso_7.8.0_426\mouse_threadmill\lpc_board_nxp_lpcxpresso_1769\Debug\liblpc_board_nxp_lpcxpresso_1769.a(board.o)
 .text.Chip_GPIO_SetPinDIR
                0x000004c0       0x44 C:\Users\Piotr\Documents\LPCXpresso_7.8.0_426\mouse_threadmill\lpc_board_nxp_lpcxpresso_1769\Debug\liblpc_board_nxp_lpcxpresso_1769.a(board.o)
 .text.Chip_GPIO_WriteDirBit
                0x00000504       0x2c C:\Users\Piotr\Documents\LPCXpresso_7.8.0_426\mouse_threadmill\lpc_board_nxp_lpcxpresso_1769\Debug\liblpc_board_nxp_lpcxpresso_1769.a(board.o)
 .text.Chip_UART_SendByte
                0x00000530       0x1c C:\Users\Piotr\Documents\LPCXpresso_7.8.0_426\mouse_threadmill\lpc_board_nxp_lpcxpresso_1769\Debug\liblpc_board_nxp_lpcxpresso_1769.a(board.o)
 .text.Chip_UART_ConfigData
                0x0000054c       0x1c C:\Users\Piotr\Documents\LPCXpresso_7.8.0_426\mouse_threadmill\lpc_board_nxp_lpcxpresso_1769\Debug\liblpc_board_nxp_lpcxpresso_1769.a(board.o)
 .text.Chip_UART_ReadLineStatus
                0x00000568       0x18 C:\Users\Piotr\Documents\LPCXpresso_7.8.0_426\mouse_threadmill\lpc_board_nxp_lpcxpresso_1769\Debug\liblpc_board_nxp_lpcxpresso_1769.a(board.o)
 .text.__sys_write
                0x00000580       0x38 C:\Users\Piotr\Documents\LPCXpresso_7.8.0_426\mouse_threadmill\lpc_board_nxp_lpcxpresso_1769\Debug\liblpc_board_nxp_lpcxpresso_1769.a(board.o)
                0x00000580                __sys_write
 .text.Board_LED_Init
                0x000005b8       0x18 C:\Users\Piotr\Documents\LPCXpresso_7.8.0_426\mouse_threadmill\lpc_board_nxp_lpcxpresso_1769\Debug\liblpc_board_nxp_lpcxpresso_1769.a(board.o)
 .text.Board_UART_Init
                0x000005d0       0x14 C:\Users\Piotr\Documents\LPCXpresso_7.8.0_426\mouse_threadmill\lpc_board_nxp_lpcxpresso_1769\Debug\liblpc_board_nxp_lpcxpresso_1769.a(board.o)
                0x000005d0                Board_UART_Init
 .text.Board_Debug_Init
                0x000005e4       0x30 C:\Users\Piotr\Documents\LPCXpresso_7.8.0_426\mouse_threadmill\lpc_board_nxp_lpcxpresso_1769\Debug\liblpc_board_nxp_lpcxpresso_1769.a(board.o)
                0x000005e4                Board_Debug_Init
 .text.Board_UARTPutChar
                0x00000614       0x30 C:\Users\Piotr\Documents\LPCXpresso_7.8.0_426\mouse_threadmill\lpc_board_nxp_lpcxpresso_1769\Debug\liblpc_board_nxp_lpcxpresso_1769.a(board.o)
                0x00000614                Board_UARTPutChar
 .text.Board_LED_Set
                0x00000644       0x2c C:\Users\Piotr\Documents\LPCXpresso_7.8.0_426\mouse_threadmill\lpc_board_nxp_lpcxpresso_1769\Debug\liblpc_board_nxp_lpcxpresso_1769.a(board.o)
                0x00000644                Board_LED_Set
 .text.Board_LED_Test
                0x00000670       0x30 C:\Users\Piotr\Documents\LPCXpresso_7.8.0_426\mouse_threadmill\lpc_board_nxp_lpcxpresso_1769\Debug\liblpc_board_nxp_lpcxpresso_1769.a(board.o)
                0x00000670                Board_LED_Test
 .text.Board_LED_Toggle
                0x000006a0       0x40 C:\Users\Piotr\Documents\LPCXpresso_7.8.0_426\mouse_threadmill\lpc_board_nxp_lpcxpresso_1769\Debug\liblpc_board_nxp_lpcxpresso_1769.a(board.o)
                0x000006a0                Board_LED_Toggle
 .text.Board_Init
                0x000006e0       0x24 C:\Users\Piotr\Documents\LPCXpresso_7.8.0_426\mouse_threadmill\lpc_board_nxp_lpcxpresso_1769\Debug\liblpc_board_nxp_lpcxpresso_1769.a(board.o)
                0x000006e0                Board_Init
 .text.Chip_SYSCTL_SetFLASHAccess
                0x00000704       0x30 C:\Users\Piotr\Documents\LPCXpresso_7.8.0_426\mouse_threadmill\lpc_board_nxp_lpcxpresso_1769\Debug\liblpc_board_nxp_lpcxpresso_1769.a(board_sysinit.o)
 .text.Board_SetupMuxing
                0x00000734       0x18 C:\Users\Piotr\Documents\LPCXpresso_7.8.0_426\mouse_threadmill\lpc_board_nxp_lpcxpresso_1769\Debug\liblpc_board_nxp_lpcxpresso_1769.a(board_sysinit.o)
                0x00000734                Board_SetupMuxing
 .text.Board_SetupClocking
                0x0000074c       0x10 C:\Users\Piotr\Documents\LPCXpresso_7.8.0_426\mouse_threadmill\lpc_board_nxp_lpcxpresso_1769\Debug\liblpc_board_nxp_lpcxpresso_1769.a(board_sysinit.o)
                0x0000074c                Board_SetupClocking
 .text.Board_SystemInit
                0x0000075c       0x10 C:\Users\Piotr\Documents\LPCXpresso_7.8.0_426\mouse_threadmill\lpc_board_nxp_lpcxpresso_1769\Debug\liblpc_board_nxp_lpcxpresso_1769.a(board_sysinit.o)
                0x0000075c                Board_SystemInit
 .text.SystemCoreClockUpdate
                0x0000076c       0x14 C:\Users\Piotr\Documents\LPCXpresso_7.8.0_426\mouse_threadmill\lpc_chip_175x_6x\Debug\liblpc_chip_175x_6x.a(chip_17xx_40xx.o)
                0x0000076c                SystemCoreClockUpdate
 .text.Chip_Clock_IsMainPLLEnabled
                0x00000780       0x28 C:\Users\Piotr\Documents\LPCXpresso_7.8.0_426\mouse_threadmill\lpc_chip_175x_6x\Debug\liblpc_chip_175x_6x.a(clock_17xx_40xx.o)
 .text.Chip_Clock_IsMainPLLConnected
                0x000007a8       0x28 C:\Users\Piotr\Documents\LPCXpresso_7.8.0_426\mouse_threadmill\lpc_chip_175x_6x\Debug\liblpc_chip_175x_6x.a(clock_17xx_40xx.o)
 .text.Chip_Clock_FeedPLL
                0x000007d0       0x34 C:\Users\Piotr\Documents\LPCXpresso_7.8.0_426\mouse_threadmill\lpc_chip_175x_6x\Debug\liblpc_chip_175x_6x.a(clock_17xx_40xx.o)
 .text.Chip_Clock_GetMainPLLSource
                0x00000804       0x20 C:\Users\Piotr\Documents\LPCXpresso_7.8.0_426\mouse_threadmill\lpc_chip_175x_6x\Debug\liblpc_chip_175x_6x.a(clock_17xx_40xx.o)
 .text.Chip_Clock_GetMainOscRate
                0x00000824       0x18 C:\Users\Piotr\Documents\LPCXpresso_7.8.0_426\mouse_threadmill\lpc_chip_175x_6x\Debug\liblpc_chip_175x_6x.a(clock_17xx_40xx.o)
 .text.Chip_Clock_GetIntOscRate
                0x0000083c       0x14 C:\Users\Piotr\Documents\LPCXpresso_7.8.0_426\mouse_threadmill\lpc_chip_175x_6x\Debug\liblpc_chip_175x_6x.a(clock_17xx_40xx.o)
 .text.Chip_Clock_GetRTCOscRate
                0x00000850       0x18 C:\Users\Piotr\Documents\LPCXpresso_7.8.0_426\mouse_threadmill\lpc_chip_175x_6x\Debug\liblpc_chip_175x_6x.a(clock_17xx_40xx.o)
 .text.Chip_Clock_GetMainPLLInClockRate
                0x00000868       0x10 C:\Users\Piotr\Documents\LPCXpresso_7.8.0_426\mouse_threadmill\lpc_chip_175x_6x\Debug\liblpc_chip_175x_6x.a(clock_17xx_40xx.o)
 .text.Chip_Clock_EnablePLL
                0x00000878       0x44 C:\Users\Piotr\Documents\LPCXpresso_7.8.0_426\mouse_threadmill\lpc_chip_175x_6x\Debug\liblpc_chip_175x_6x.a(clock_17xx_40xx.o)
                0x00000878                Chip_Clock_EnablePLL
 .text.Chip_Clock_DisablePLL
                0x000008bc       0x44 C:\Users\Piotr\Documents\LPCXpresso_7.8.0_426\mouse_threadmill\lpc_chip_175x_6x\Debug\liblpc_chip_175x_6x.a(clock_17xx_40xx.o)
                0x000008bc                Chip_Clock_DisablePLL
 .text.Chip_Clock_SetupPLL
                0x00000900       0x58 C:\Users\Piotr\Documents\LPCXpresso_7.8.0_426\mouse_threadmill\lpc_chip_175x_6x\Debug\liblpc_chip_175x_6x.a(clock_17xx_40xx.o)
                0x00000900                Chip_Clock_SetupPLL
 .text.Chip_Clock_EnablePeriphClock
                0x00000958       0x34 C:\Users\Piotr\Documents\LPCXpresso_7.8.0_426\mouse_threadmill\lpc_chip_175x_6x\Debug\liblpc_chip_175x_6x.a(clock_17xx_40xx.o)
                0x00000958                Chip_Clock_EnablePeriphClock
 .text.Chip_Clock_GetCPUClockSource
                0x0000098c       0x24 C:\Users\Piotr\Documents\LPCXpresso_7.8.0_426\mouse_threadmill\lpc_chip_175x_6x\Debug\liblpc_chip_175x_6x.a(clock_17xx_40xx.o)
                0x0000098c                Chip_Clock_GetCPUClockSource
 .text.Chip_Clock_SetCPUClockDiv
                0x000009b0       0x20 C:\Users\Piotr\Documents\LPCXpresso_7.8.0_426\mouse_threadmill\lpc_chip_175x_6x\Debug\liblpc_chip_175x_6x.a(clock_17xx_40xx.o)
                0x000009b0                Chip_Clock_SetCPUClockDiv
 .text.Chip_Clock_GetCPUClockDiv
                0x000009d0       0x1c C:\Users\Piotr\Documents\LPCXpresso_7.8.0_426\mouse_threadmill\lpc_chip_175x_6x\Debug\liblpc_chip_175x_6x.a(clock_17xx_40xx.o)
                0x000009d0                Chip_Clock_GetCPUClockDiv
 .text.Chip_Clock_GetPCLKDiv
                0x000009ec       0x90 C:\Users\Piotr\Documents\LPCXpresso_7.8.0_426\mouse_threadmill\lpc_chip_175x_6x\Debug\liblpc_chip_175x_6x.a(clock_17xx_40xx.o)
                0x000009ec                Chip_Clock_GetPCLKDiv
 .text.Chip_Clock_GetSYSCLKRate
                0x00000a7c       0x34 C:\Users\Piotr\Documents\LPCXpresso_7.8.0_426\mouse_threadmill\lpc_chip_175x_6x\Debug\liblpc_chip_175x_6x.a(clock_17xx_40xx.o)
                0x00000a7c                Chip_Clock_GetSYSCLKRate
 .text.Chip_Clock_GetMainPLLOutClockRate
                0x00000ab0       0x54 C:\Users\Piotr\Documents\LPCXpresso_7.8.0_426\mouse_threadmill\lpc_chip_175x_6x\Debug\liblpc_chip_175x_6x.a(clock_17xx_40xx.o)
                0x00000ab0                Chip_Clock_GetMainPLLOutClockRate
 .text.Chip_Clock_GetMainClockRate
                0x00000b04       0x28 C:\Users\Piotr\Documents\LPCXpresso_7.8.0_426\mouse_threadmill\lpc_chip_175x_6x\Debug\liblpc_chip_175x_6x.a(clock_17xx_40xx.o)
                0x00000b04                Chip_Clock_GetMainClockRate
 .text.Chip_Clock_GetSystemClockRate
                0x00000b2c       0x18 C:\Users\Piotr\Documents\LPCXpresso_7.8.0_426\mouse_threadmill\lpc_chip_175x_6x\Debug\liblpc_chip_175x_6x.a(clock_17xx_40xx.o)
                0x00000b2c                Chip_Clock_GetSystemClockRate
 .text.Chip_Clock_GetPeripheralClockRate
                0x00000b44       0x28 C:\Users\Piotr\Documents\LPCXpresso_7.8.0_426\mouse_threadmill\lpc_chip_175x_6x\Debug\liblpc_chip_175x_6x.a(clock_17xx_40xx.o)
                0x00000b44                Chip_Clock_GetPeripheralClockRate
 .text.Chip_IOCON_PinMuxSet
                0x00000b6c       0x34 C:\Users\Piotr\Documents\LPCXpresso_7.8.0_426\mouse_threadmill\lpc_chip_175x_6x\Debug\liblpc_chip_175x_6x.a(iocon_17xx_40xx.o)
                0x00000b6c                Chip_IOCON_PinMuxSet
 .text.Chip_IOCON_PinMux
                0x00000ba0       0x94 C:\Users\Piotr\Documents\LPCXpresso_7.8.0_426\mouse_threadmill\lpc_chip_175x_6x\Debug\liblpc_chip_175x_6x.a(iocon_17xx_40xx.o)
                0x00000ba0                Chip_IOCON_PinMux
 .text.Chip_IOCON_SetPinMuxing
                0x00000c34       0x60 C:\Users\Piotr\Documents\LPCXpresso_7.8.0_426\mouse_threadmill\lpc_chip_175x_6x\Debug\liblpc_chip_175x_6x.a(iocon_17xx_40xx.o)
                0x00000c34                Chip_IOCON_SetPinMuxing
 .text.Chip_Clock_IsMainPLLEnabled
                0x00000c94       0x28 C:\Users\Piotr\Documents\LPCXpresso_7.8.0_426\mouse_threadmill\lpc_chip_175x_6x\Debug\liblpc_chip_175x_6x.a(sysinit_17xx_40xx.o)
 .text.Chip_Clock_IsMainPLLLocked
                0x00000cbc       0x28 C:\Users\Piotr\Documents\LPCXpresso_7.8.0_426\mouse_threadmill\lpc_chip_175x_6x\Debug\liblpc_chip_175x_6x.a(sysinit_17xx_40xx.o)
 .text.Chip_Clock_IsMainPLLConnected
                0x00000ce4       0x28 C:\Users\Piotr\Documents\LPCXpresso_7.8.0_426\mouse_threadmill\lpc_chip_175x_6x\Debug\liblpc_chip_175x_6x.a(sysinit_17xx_40xx.o)
 .text.Chip_Clock_EnableCrystal
                0x00000d0c       0x20 C:\Users\Piotr\Documents\LPCXpresso_7.8.0_426\mouse_threadmill\lpc_chip_175x_6x\Debug\liblpc_chip_175x_6x.a(sysinit_17xx_40xx.o)
 .text.Chip_Clock_IsCrystalEnabled
                0x00000d2c       0x28 C:\Users\Piotr\Documents\LPCXpresso_7.8.0_426\mouse_threadmill\lpc_chip_175x_6x\Debug\liblpc_chip_175x_6x.a(sysinit_17xx_40xx.o)
 .text.Chip_Clock_SetMainPLLSource
                0x00000d54       0x20 C:\Users\Piotr\Documents\LPCXpresso_7.8.0_426\mouse_threadmill\lpc_chip_175x_6x\Debug\liblpc_chip_175x_6x.a(sysinit_17xx_40xx.o)
 .text.Chip_SetupXtalClocking
                0x00000d74       0x90 C:\Users\Piotr\Documents\LPCXpresso_7.8.0_426\mouse_threadmill\lpc_chip_175x_6x\Debug\liblpc_chip_175x_6x.a(sysinit_17xx_40xx.o)
                0x00000d74                Chip_SetupXtalClocking
 .text.Chip_UART_SetupFIFOS
                0x00000e04       0x1c C:\Users\Piotr\Documents\LPCXpresso_7.8.0_426\mouse_threadmill\lpc_chip_175x_6x\Debug\liblpc_chip_175x_6x.a(uart_17xx_40xx.o)
 .text.Chip_UART_ConfigData
                0x00000e20       0x1c C:\Users\Piotr\Documents\LPCXpresso_7.8.0_426\mouse_threadmill\lpc_chip_175x_6x\Debug\liblpc_chip_175x_6x.a(uart_17xx_40xx.o)
 .text.Chip_UART_EnableDivisorAccess
                0x00000e3c       0x20 C:\Users\Piotr\Documents\LPCXpresso_7.8.0_426\mouse_threadmill\lpc_chip_175x_6x\Debug\liblpc_chip_175x_6x.a(uart_17xx_40xx.o)
 .text.Chip_UART_DisableDivisorAccess
                0x00000e5c       0x20 C:\Users\Piotr\Documents\LPCXpresso_7.8.0_426\mouse_threadmill\lpc_chip_175x_6x\Debug\liblpc_chip_175x_6x.a(uart_17xx_40xx.o)
 .text.Chip_UART_SetDivisorLatches
                0x00000e7c       0x28 C:\Users\Piotr\Documents\LPCXpresso_7.8.0_426\mouse_threadmill\lpc_chip_175x_6x\Debug\liblpc_chip_175x_6x.a(uart_17xx_40xx.o)
 .text.Chip_UART_GetClockIndex
                0x00000ea4       0x50 C:\Users\Piotr\Documents\LPCXpresso_7.8.0_426\mouse_threadmill\lpc_chip_175x_6x\Debug\liblpc_chip_175x_6x.a(uart_17xx_40xx.o)
 .text.Chip_UART_GetClkIndex
                0x00000ef4       0x50 C:\Users\Piotr\Documents\LPCXpresso_7.8.0_426\mouse_threadmill\lpc_chip_175x_6x\Debug\liblpc_chip_175x_6x.a(uart_17xx_40xx.o)
 .text.Chip_UART_Init
                0x00000f44       0x74 C:\Users\Piotr\Documents\LPCXpresso_7.8.0_426\mouse_threadmill\lpc_chip_175x_6x\Debug\liblpc_chip_175x_6x.a(uart_17xx_40xx.o)
                0x00000f44                Chip_UART_Init
 .text.Chip_UART_TXEnable
                0x00000fb8       0x18 C:\Users\Piotr\Documents\LPCXpresso_7.8.0_426\mouse_threadmill\lpc_chip_175x_6x\Debug\liblpc_chip_175x_6x.a(uart_17xx_40xx.o)
                0x00000fb8                Chip_UART_TXEnable
 .text.Chip_UART_TXDisable
                0x00000fd0       0x18 C:\Users\Piotr\Documents\LPCXpresso_7.8.0_426\mouse_threadmill\lpc_chip_175x_6x\Debug\liblpc_chip_175x_6x.a(uart_17xx_40xx.o)
                0x00000fd0                Chip_UART_TXDisable
 .text.Chip_UART_SetBaud
                0x00000fe8       0x64 C:\Users\Piotr\Documents\LPCXpresso_7.8.0_426\mouse_threadmill\lpc_chip_175x_6x\Debug\liblpc_chip_175x_6x.a(uart_17xx_40xx.o)
                0x00000fe8                Chip_UART_SetBaud
 .text.__main   0x0000104c       0x14 c:/nxp/lpcxpresso_7.8.0_426/lpcxpresso/tools/bin/../lib/gcc/arm-none-eabi/4.9.3/../../../../arm-none-eabi/lib/armv7-m\libcr_nohost.a(_cr__main.o)
                0x0000104c                __main
 .text._initio  0x00001060       0xa4 c:/nxp/lpcxpresso_7.8.0_426/lpcxpresso/tools/bin/../lib/gcc/arm-none-eabi/4.9.3/../../../../arm-none-eabi/lib/armv7-m\libcr_c.a(initio.o)
                0x00001060                _initio
 .text.setvbuf  0x00001104       0x40 c:/nxp/lpcxpresso_7.8.0_426/lpcxpresso/tools/bin/../lib/gcc/arm-none-eabi/4.9.3/../../../../arm-none-eabi/lib/armv7-m\libcr_c.a(setvbuf.o)
                0x00001104                setvbuf
 .text.memset   0x00001144        0x4 c:/nxp/lpcxpresso_7.8.0_426/lpcxpresso/tools/bin/../lib/gcc/arm-none-eabi/4.9.3/../../../../arm-none-eabi/lib/armv7-m\libcr_c.a(memset.o)
                0x00001144                memset
 .text._deferredlazyseek
                0x00001148       0x44 c:/nxp/lpcxpresso_7.8.0_426/lpcxpresso/tools/bin/../lib/gcc/arm-none-eabi/4.9.3/../../../../arm-none-eabi/lib/armv7-m\libcr_c.a(_deferredlazyseek.o)
                0x00001148                _deferredlazyseek
 .text._fdopen  0x0000118c       0x6a c:/nxp/lpcxpresso_7.8.0_426/lpcxpresso/tools/bin/../lib/gcc/arm-none-eabi/4.9.3/../../../../arm-none-eabi/lib/armv7-m\libcr_c.a(_fdopen.o)
                0x0000118c                _fdopen
 .text._fflush  0x000011f6       0x58 c:/nxp/lpcxpresso_7.8.0_426/lpcxpresso/tools/bin/../lib/gcc/arm-none-eabi/4.9.3/../../../../arm-none-eabi/lib/armv7-m\libcr_c.a(_fflush.o)
                0x000011f6                _fflush
 *fill*         0x0000124e        0x2 
 .text._Cwritebuf
                0x00001250       0x68 c:/nxp/lpcxpresso_7.8.0_426/lpcxpresso/tools/bin/../lib/gcc/arm-none-eabi/4.9.3/../../../../arm-none-eabi/lib/armv7-m\libcr_c.a(_writebuf.o)
                0x00001250                _Cwritebuf
 .text.malloc   0x000012b8       0xcc c:/nxp/lpcxpresso_7.8.0_426/lpcxpresso/tools/bin/../lib/gcc/arm-none-eabi/4.9.3/../../../../arm-none-eabi/lib/armv7-m\libcr_c.a(alloc.o)
                0x000012b8                malloc
 .text.free     0x00001384       0x30 c:/nxp/lpcxpresso_7.8.0_426/lpcxpresso/tools/bin/../lib/gcc/arm-none-eabi/4.9.3/../../../../arm-none-eabi/lib/armv7-m\libcr_c.a(alloc.o)
                0x00001384                free
 .text._Csys_alloc
                0x000013b4       0x20 c:/nxp/lpcxpresso_7.8.0_426/lpcxpresso/tools/bin/../lib/gcc/arm-none-eabi/4.9.3/../../../../arm-none-eabi/lib/armv7-m\libcr_c.a(alloc.o)
                0x000013b4                _Csys_alloc
 .text.fclose   0x000013d4       0x6c c:/nxp/lpcxpresso_7.8.0_426/lpcxpresso/tools/bin/../lib/gcc/arm-none-eabi/4.9.3/../../../../arm-none-eabi/lib/armv7-m\libcr_c.a(fclose.o)
                0x000013d4                fclose
 .text.fflush   0x00001440       0x30 c:/nxp/lpcxpresso_7.8.0_426/lpcxpresso/tools/bin/../lib/gcc/arm-none-eabi/4.9.3/../../../../arm-none-eabi/lib/armv7-m\libcr_c.a(fflush.o)
                0x00001440                fflush
 .text.fseek    0x00001470      0x110 c:/nxp/lpcxpresso_7.8.0_426/lpcxpresso/tools/bin/../lib/gcc/arm-none-eabi/4.9.3/../../../../arm-none-eabi/lib/armv7-m\libcr_c.a(fseek.o)
                0x00001470                fseek
 .text.ftell    0x00001580       0x4c c:/nxp/lpcxpresso_7.8.0_426/lpcxpresso/tools/bin/../lib/gcc/arm-none-eabi/4.9.3/../../../../arm-none-eabi/lib/armv7-m\libcr_c.a(ftell.o)
                0x00001580                ftell
 .text.remove   0x000015cc       0x14 c:/nxp/lpcxpresso_7.8.0_426/lpcxpresso/tools/bin/../lib/gcc/arm-none-eabi/4.9.3/../../../../arm-none-eabi/lib/armv7-m\libcr_c.a(remove.o)
                0x000015cc                remove
 .text.strlen   0x000015e0       0x4a c:/nxp/lpcxpresso_7.8.0_426/lpcxpresso/tools/bin/../lib/gcc/arm-none-eabi/4.9.3/../../../../arm-none-eabi/lib/armv7-m\libcr_c.a(strlen.o)
                0x000015e0                strlen
 *fill*         0x0000162a        0x2 
 .text._sbrk    0x0000162c       0x40 c:/nxp/lpcxpresso_7.8.0_426/lpcxpresso/tools/bin/../lib/gcc/arm-none-eabi/4.9.3/../../../../arm-none-eabi/lib/armv7-m\libcr_c.a(_cr_sbrk.o)
                0x0000162c                _sbrk
 .text._do_fflush
                0x0000166c       0x44 c:/nxp/lpcxpresso_7.8.0_426/lpcxpresso/tools/bin/../lib/gcc/arm-none-eabi/4.9.3/../../../../arm-none-eabi/lib/armv7-m\libcr_c.a(_do_fflush.o)
                0x0000166c                _do_fflush
 .text.__check_heap_overflow
                0x000016b0       0x18 c:/nxp/lpcxpresso_7.8.0_426/lpcxpresso/tools/bin/../lib/gcc/arm-none-eabi/4.9.3/../../../../arm-none-eabi/lib/armv7-m\libcr_c.a(_cr_check_heap.o)
                0x000016b0                __check_heap_overflow
 .text.__aeabi_memset_lowlevel
                0x000016c8       0x32 c:/nxp/lpcxpresso_7.8.0_426/lpcxpresso/tools/bin/../lib/gcc/arm-none-eabi/4.9.3/armv7-m\libcr_eabihelpers.a(memcpy.o)
                0x000016c8                __aeabi_lowlevel_memset
 .text.__sys_appexit
                0x000016fa        0x2 c:/nxp/lpcxpresso_7.8.0_426/lpcxpresso/tools/bin/../lib/gcc/arm-none-eabi/4.9.3/../../../../arm-none-eabi/lib/armv7-m\libcr_nohost.a(__sys_appexit.o)
                0x000016fa                __sys_appexit
                0x000016fa                __exit
 .text.__sys_close
                0x000016fc        0x6 c:/nxp/lpcxpresso_7.8.0_426/lpcxpresso/tools/bin/../lib/gcc/arm-none-eabi/4.9.3/../../../../arm-none-eabi/lib/armv7-m\libcr_nohost.a(__sys_close.o)
                0x000016fc                __sys_close
 .text.__sys_flen
                0x00001702        0x6 c:/nxp/lpcxpresso_7.8.0_426/lpcxpresso/tools/bin/../lib/gcc/arm-none-eabi/4.9.3/../../../../arm-none-eabi/lib/armv7-m\libcr_nohost.a(__sys_flen.o)
                0x00001702                __sys_flen
 .text.__sys_istty
                0x00001708        0x6 c:/nxp/lpcxpresso_7.8.0_426/lpcxpresso/tools/bin/../lib/gcc/arm-none-eabi/4.9.3/../../../../arm-none-eabi/lib/armv7-m\libcr_nohost.a(__sys_istty.o)
                0x00001708                __sys_istty
 .text.__sys_remove
                0x0000170e        0x6 c:/nxp/lpcxpresso_7.8.0_426/lpcxpresso/tools/bin/../lib/gcc/arm-none-eabi/4.9.3/../../../../arm-none-eabi/lib/armv7-m\libcr_nohost.a(__sys_remove.o)
                0x0000170e                __sys_remove
 .text.__sys_seek
                0x00001714        0x6 c:/nxp/lpcxpresso_7.8.0_426/lpcxpresso/tools/bin/../lib/gcc/arm-none-eabi/4.9.3/../../../../arm-none-eabi/lib/armv7-m\libcr_nohost.a(__sys_seek.o)
                0x00001714                __sys_seek
 .text.__sys_tmpnam
                0x0000171a        0x6 c:/nxp/lpcxpresso_7.8.0_426/lpcxpresso/tools/bin/../lib/gcc/arm-none-eabi/4.9.3/../../../../arm-none-eabi/lib/armv7-m\libcr_nohost.a(__sys_tmpnam.o)
                0x0000171a                __sys_tmpnam
 *(.rodata .rodata.* .constdata .constdata.*)
 .rodata.OscRateIn
                0x00001720        0x4 C:\Users\Piotr\Documents\LPCXpresso_7.8.0_426\mouse_threadmill\lpc_board_nxp_lpcxpresso_1769\Debug\liblpc_board_nxp_lpcxpresso_1769.a(board.o)
                0x00001720                OscRateIn
 .rodata.RTCOscRateIn
                0x00001724        0x4 C:\Users\Piotr\Documents\LPCXpresso_7.8.0_426\mouse_threadmill\lpc_board_nxp_lpcxpresso_1769\Debug\liblpc_board_nxp_lpcxpresso_1769.a(board.o)
                0x00001724                RTCOscRateIn
 .rodata.pinmuxing
                0x00001728       0x5c C:\Users\Piotr\Documents\LPCXpresso_7.8.0_426\mouse_threadmill\lpc_board_nxp_lpcxpresso_1769\Debug\liblpc_board_nxp_lpcxpresso_1769.a(board_sysinit.o)
 .rodata.str1.1
                0x00001784        0x4 c:/nxp/lpcxpresso_7.8.0_426/lpcxpresso/tools/bin/../lib/gcc/arm-none-eabi/4.9.3/../../../../arm-none-eabi/lib/armv7-m\libcr_c.a(initio.o)
 .rodata.str1.1
                0x00001788       0x18 c:/nxp/lpcxpresso_7.8.0_426/lpcxpresso/tools/bin/../lib/gcc/arm-none-eabi/4.9.3/../../../../arm-none-eabi/lib/armv7-m\libcr_c.a(alloc.o)
                0x000017a0                . = ALIGN (0x4)

.glue_7         0x000017a0        0x0
 .glue_7        0x00000000        0x0 linker stubs

.glue_7t        0x000017a0        0x0
 .glue_7t       0x00000000        0x0 linker stubs

.vfp11_veneer   0x000017a0        0x0
 .vfp11_veneer  0x00000000        0x0 linker stubs

.v4_bx          0x000017a0        0x0
 .v4_bx         0x00000000        0x0 linker stubs

.iplt           0x000017a0        0x0
 .iplt          0x00000000        0x0 ./example/src/cr_startup_lpc175x_6x.o

.rel.dyn        0x000017a0        0x0
 .rel.iplt      0x00000000        0x0 ./example/src/cr_startup_lpc175x_6x.o

.ARM.extab
 *(.ARM.extab* .gnu.linkonce.armextab.*)
                0x000017a0                __exidx_start = .

.ARM.exidx
 *(.ARM.exidx* .gnu.linkonce.armexidx.*)
                0x000017a0                __exidx_end = .
                0x000017a0                _etext = .

.data_RAM2      0x2007c000        0x0 load address 0x000017a0
 FILL mask 0xff
                0x2007c000                PROVIDE (__start_data_RAM2, .)
 *(.ramfunc.$RAM2)
 *(.ramfunc.$RamAHB32)
 *(.data.$RAM2*)
 *(.data.$RamAHB32*)
                0x2007c000                . = ALIGN (0x4)
                0x2007c000                PROVIDE (__end_data_RAM2, .)

.uninit_RESERVED
                0x10000000        0x0
 *(.bss.$RESERVED*)
                0x10000000                . = ALIGN (0x4)
                0x10000000                _end_uninit_RESERVED = .

.data           0x10000000        0x0 load address 0x000017a0
 FILL mask 0xff
                0x10000000                _data = .
 *(vtable)
 *(.ramfunc*)
 *(.data*)
                0x10000000                . = ALIGN (0x4)
                0x10000000                _edata = .

.igot.plt       0x10000000        0x0 load address 0x000017a0
 .igot.plt      0x00000000        0x0 ./example/src/cr_startup_lpc175x_6x.o

.bss_RAM2       0x2007c000        0x0
                0x2007c000                PROVIDE (__start_bss_RAM2, .)
 *(.bss.$RAM2*)
 *(.bss.$RamAHB32*)
                0x2007c000                . = ALIGN (0x4)
                0x2007c000                PROVIDE (__end_bss_RAM2, .)

.bss            0x10000000      0x154
                0x10000000                _bss = .
 *(.bss*)
 .bss.errno     0x10000000        0x4 c:/nxp/lpcxpresso_7.8.0_426/lpcxpresso/tools/bin/../lib/gcc/arm-none-eabi/4.9.3/../../../../arm-none-eabi/lib/armv7-m\libcr_c.a(errno.o)
                0x10000000                errno
 *(COMMON)
 COMMON         0x10000004        0x4 C:\Users\Piotr\Documents\LPCXpresso_7.8.0_426\mouse_threadmill\lpc_chip_175x_6x\Debug\liblpc_chip_175x_6x.a(chip_17xx_40xx.o)
                0x10000004                SystemCoreClock
 COMMON         0x10000008        0x4 c:/nxp/lpcxpresso_7.8.0_426/lpcxpresso/tools/bin/../lib/gcc/arm-none-eabi/4.9.3/../../../../arm-none-eabi/lib/armv7-m\libcr_c.a(initio.o)
                0x10000008                _extra
 COMMON         0x1000000c      0x140 c:/nxp/lpcxpresso_7.8.0_426/lpcxpresso/tools/bin/../lib/gcc/arm-none-eabi/4.9.3/../../../../arm-none-eabi/lib/armv7-m\libcr_c.a(stdio.o)
                0x1000000c                __Ciob
 COMMON         0x1000014c        0x8 c:/nxp/lpcxpresso_7.8.0_426/lpcxpresso/tools/bin/../lib/gcc/arm-none-eabi/4.9.3/../../../../arm-none-eabi/lib/armv7-m\libcr_c.a(__init_alloc.o)
                0x1000014c                __heaps
                0x10000150                __end_of_heap
                0x10000154                . = ALIGN (0x4)
                0x10000154                _ebss = .
                0x10000154                PROVIDE (end, .)

.noinit_RAM2    0x2007c000        0x0
 *(.noinit.$RAM2*)
 *(.noinit.$RamAHB32*)
                0x2007c000                . = ALIGN (0x4)

.noinit         0x10000154        0x0
                0x10000154                _noinit = .
 *(.noinit*)
                0x10000154                . = ALIGN (0x4)
                0x10000154                _end_noinit = .
                0x10000154                PROVIDE (_pvHeapStart, DEFINED (__user_heap_base)?__user_heap_base:.)
                0x10008000                PROVIDE (_vStackTop, DEFINED (__user_stack_top)?__user_stack_top:(__top_RamLoc32 - 0x0))
OUTPUT(periph_blinky.axf elf32-littlearm)

.debug_info     0x00000000     0x4832
 .debug_info    0x00000000      0x24b ./example/src/cr_startup_lpc175x_6x.o
 .debug_info    0x0000024b      0x110 ./example/src/sysinit.o
 .debug_info    0x0000035b      0x5da ./example/src/systick.o
 .debug_info    0x00000935     0x1392 C:\Users\Piotr\Documents\LPCXpresso_7.8.0_426\mouse_threadmill\lpc_board_nxp_lpcxpresso_1769\Debug\liblpc_board_nxp_lpcxpresso_1769.a(board.o)
 .debug_info    0x00001cc7      0x558 C:\Users\Piotr\Documents\LPCXpresso_7.8.0_426\mouse_threadmill\lpc_board_nxp_lpcxpresso_1769\Debug\liblpc_board_nxp_lpcxpresso_1769.a(board_sysinit.o)
 .debug_info    0x0000221f      0x50a C:\Users\Piotr\Documents\LPCXpresso_7.8.0_426\mouse_threadmill\lpc_chip_175x_6x\Debug\liblpc_chip_175x_6x.a(chip_17xx_40xx.o)
 .debug_info    0x00002729      0xb46 C:\Users\Piotr\Documents\LPCXpresso_7.8.0_426\mouse_threadmill\lpc_chip_175x_6x\Debug\liblpc_chip_175x_6x.a(clock_17xx_40xx.o)
 .debug_info    0x0000326f      0x2d9 C:\Users\Piotr\Documents\LPCXpresso_7.8.0_426\mouse_threadmill\lpc_chip_175x_6x\Debug\liblpc_chip_175x_6x.a(iocon_17xx_40xx.o)
 .debug_info    0x00003548      0x431 C:\Users\Piotr\Documents\LPCXpresso_7.8.0_426\mouse_threadmill\lpc_chip_175x_6x\Debug\liblpc_chip_175x_6x.a(sysinit_17xx_40xx.o)
 .debug_info    0x00003979      0xeb9 C:\Users\Piotr\Documents\LPCXpresso_7.8.0_426\mouse_threadmill\lpc_chip_175x_6x\Debug\liblpc_chip_175x_6x.a(uart_17xx_40xx.o)

.debug_abbrev   0x00000000     0x118b
 .debug_abbrev  0x00000000       0xf5 ./example/src/cr_startup_lpc175x_6x.o
 .debug_abbrev  0x000000f5       0xa3 ./example/src/sysinit.o
 .debug_abbrev  0x00000198      0x191 ./example/src/systick.o
 .debug_abbrev  0x00000329      0x373 C:\Users\Piotr\Documents\LPCXpresso_7.8.0_426\mouse_threadmill\lpc_board_nxp_lpcxpresso_1769\Debug\liblpc_board_nxp_lpcxpresso_1769.a(board.o)
 .debug_abbrev  0x0000069c      0x15a C:\Users\Piotr\Documents\LPCXpresso_7.8.0_426\mouse_threadmill\lpc_board_nxp_lpcxpresso_1769\Debug\liblpc_board_nxp_lpcxpresso_1769.a(board_sysinit.o)
 .debug_abbrev  0x000007f6      0x138 C:\Users\Piotr\Documents\LPCXpresso_7.8.0_426\mouse_threadmill\lpc_chip_175x_6x\Debug\liblpc_chip_175x_6x.a(chip_17xx_40xx.o)
 .debug_abbrev  0x0000092e      0x2e4 C:\Users\Piotr\Documents\LPCXpresso_7.8.0_426\mouse_threadmill\lpc_chip_175x_6x\Debug\liblpc_chip_175x_6x.a(clock_17xx_40xx.o)
 .debug_abbrev  0x00000c12      0x126 C:\Users\Piotr\Documents\LPCXpresso_7.8.0_426\mouse_threadmill\lpc_chip_175x_6x\Debug\liblpc_chip_175x_6x.a(iocon_17xx_40xx.o)
 .debug_abbrev  0x00000d38      0x171 C:\Users\Piotr\Documents\LPCXpresso_7.8.0_426\mouse_threadmill\lpc_chip_175x_6x\Debug\liblpc_chip_175x_6x.a(sysinit_17xx_40xx.o)
 .debug_abbrev  0x00000ea9      0x2e2 C:\Users\Piotr\Documents\LPCXpresso_7.8.0_426\mouse_threadmill\lpc_chip_175x_6x\Debug\liblpc_chip_175x_6x.a(uart_17xx_40xx.o)

.debug_aranges  0x00000000      0x580
 .debug_aranges
                0x00000000       0x80 ./example/src/cr_startup_lpc175x_6x.o
 .debug_aranges
                0x00000080       0x20 ./example/src/sysinit.o
 .debug_aranges
                0x000000a0       0x38 ./example/src/systick.o
 .debug_aranges
                0x000000d8      0x160 C:\Users\Piotr\Documents\LPCXpresso_7.8.0_426\mouse_threadmill\lpc_board_nxp_lpcxpresso_1769\Debug\liblpc_board_nxp_lpcxpresso_1769.a(board.o)
 .debug_aranges
                0x00000238       0x38 C:\Users\Piotr\Documents\LPCXpresso_7.8.0_426\mouse_threadmill\lpc_board_nxp_lpcxpresso_1769\Debug\liblpc_board_nxp_lpcxpresso_1769.a(board_sysinit.o)
 .debug_aranges
                0x00000270       0x38 C:\Users\Piotr\Documents\LPCXpresso_7.8.0_426\mouse_threadmill\lpc_chip_175x_6x\Debug\liblpc_chip_175x_6x.a(chip_17xx_40xx.o)
 .debug_aranges
                0x000002a8      0x120 C:\Users\Piotr\Documents\LPCXpresso_7.8.0_426\mouse_threadmill\lpc_chip_175x_6x\Debug\liblpc_chip_175x_6x.a(clock_17xx_40xx.o)
 .debug_aranges
                0x000003c8       0x30 C:\Users\Piotr\Documents\LPCXpresso_7.8.0_426\mouse_threadmill\lpc_chip_175x_6x\Debug\liblpc_chip_175x_6x.a(iocon_17xx_40xx.o)
 .debug_aranges
                0x000003f8       0x60 C:\Users\Piotr\Documents\LPCXpresso_7.8.0_426\mouse_threadmill\lpc_chip_175x_6x\Debug\liblpc_chip_175x_6x.a(sysinit_17xx_40xx.o)
 .debug_aranges
                0x00000458      0x128 C:\Users\Piotr\Documents\LPCXpresso_7.8.0_426\mouse_threadmill\lpc_chip_175x_6x\Debug\liblpc_chip_175x_6x.a(uart_17xx_40xx.o)

.debug_ranges   0x00000000      0x4e0
 .debug_ranges  0x00000000       0x70 ./example/src/cr_startup_lpc175x_6x.o
 .debug_ranges  0x00000070       0x10 ./example/src/sysinit.o
 .debug_ranges  0x00000080       0x28 ./example/src/systick.o
 .debug_ranges  0x000000a8      0x150 C:\Users\Piotr\Documents\LPCXpresso_7.8.0_426\mouse_threadmill\lpc_board_nxp_lpcxpresso_1769\Debug\liblpc_board_nxp_lpcxpresso_1769.a(board.o)
 .debug_ranges  0x000001f8       0x28 C:\Users\Piotr\Documents\LPCXpresso_7.8.0_426\mouse_threadmill\lpc_board_nxp_lpcxpresso_1769\Debug\liblpc_board_nxp_lpcxpresso_1769.a(board_sysinit.o)
 .debug_ranges  0x00000220       0x28 C:\Users\Piotr\Documents\LPCXpresso_7.8.0_426\mouse_threadmill\lpc_chip_175x_6x\Debug\liblpc_chip_175x_6x.a(chip_17xx_40xx.o)
 .debug_ranges  0x00000248      0x110 C:\Users\Piotr\Documents\LPCXpresso_7.8.0_426\mouse_threadmill\lpc_chip_175x_6x\Debug\liblpc_chip_175x_6x.a(clock_17xx_40xx.o)
 .debug_ranges  0x00000358       0x20 C:\Users\Piotr\Documents\LPCXpresso_7.8.0_426\mouse_threadmill\lpc_chip_175x_6x\Debug\liblpc_chip_175x_6x.a(iocon_17xx_40xx.o)
 .debug_ranges  0x00000378       0x50 C:\Users\Piotr\Documents\LPCXpresso_7.8.0_426\mouse_threadmill\lpc_chip_175x_6x\Debug\liblpc_chip_175x_6x.a(sysinit_17xx_40xx.o)
 .debug_ranges  0x000003c8      0x118 C:\Users\Piotr\Documents\LPCXpresso_7.8.0_426\mouse_threadmill\lpc_chip_175x_6x\Debug\liblpc_chip_175x_6x.a(uart_17xx_40xx.o)

.debug_macro    0x00000000     0x4a60
 .debug_macro   0x00000000       0x1d ./example/src/cr_startup_lpc175x_6x.o
 .debug_macro   0x0000001d      0x874 ./example/src/cr_startup_lpc175x_6x.o
 .debug_macro   0x00000891      0x217 ./example/src/sysinit.o
 .debug_macro   0x00000aa8       0x10 ./example/src/sysinit.o
 .debug_macro   0x00000ab8      0x12d ./example/src/sysinit.o
 .debug_macro   0x00000be5      0x5b2 ./example/src/sysinit.o
 .debug_macro   0x00001197       0x22 ./example/src/sysinit.o
 .debug_macro   0x000011b9       0x7b ./example/src/sysinit.o
 .debug_macro   0x00001234       0x10 ./example/src/sysinit.o
 .debug_macro   0x00001244       0x2d ./example/src/sysinit.o
 .debug_macro   0x00001271       0x3a ./example/src/sysinit.o
 .debug_macro   0x000012ab       0x2d ./example/src/sysinit.o
 .debug_macro   0x000012d8      0xbb1 ./example/src/sysinit.o
 .debug_macro   0x00001e89      0x22c ./example/src/sysinit.o
 .debug_macro   0x000020b5       0x42 ./example/src/sysinit.o
 .debug_macro   0x000020f7       0x52 ./example/src/sysinit.o
 .debug_macro   0x00002149       0x78 ./example/src/sysinit.o
 .debug_macro   0x000021c1       0x82 ./example/src/sysinit.o
 .debug_macro   0x00002243      0x48c ./example/src/sysinit.o
 .debug_macro   0x000026cf       0x34 ./example/src/sysinit.o
 .debug_macro   0x00002703      0x4c5 ./example/src/sysinit.o
 .debug_macro   0x00002bc8      0x1b7 ./example/src/sysinit.o
 .debug_macro   0x00002d7f       0x10 ./example/src/sysinit.o
 .debug_macro   0x00002d8f      0x21b ./example/src/sysinit.o
 .debug_macro   0x00002faa      0x1b9 ./example/src/sysinit.o
 .debug_macro   0x00003163       0x40 ./example/src/sysinit.o
 .debug_macro   0x000031a3       0x22 ./example/src/sysinit.o
 .debug_macro   0x000031c5      0x162 ./example/src/sysinit.o
 .debug_macro   0x00003327       0x94 ./example/src/sysinit.o
 .debug_macro   0x000033bb       0xb8 ./example/src/sysinit.o
 .debug_macro   0x00003473       0x4c ./example/src/sysinit.o
 .debug_macro   0x000034bf       0x16 ./example/src/sysinit.o
 .debug_macro   0x000034d5      0x328 ./example/src/sysinit.o
 .debug_macro   0x000037fd       0x49 ./example/src/sysinit.o
 .debug_macro   0x00003846       0x16 ./example/src/sysinit.o
 .debug_macro   0x0000385c       0xca ./example/src/sysinit.o
 .debug_macro   0x00003926       0x18 ./example/src/sysinit.o
 .debug_macro   0x0000393e       0x70 ./example/src/sysinit.o
 .debug_macro   0x000039ae       0x9a ./example/src/sysinit.o
 .debug_macro   0x00003a48       0x20 ./example/src/sysinit.o
 .debug_macro   0x00003a68       0x28 ./example/src/sysinit.o
 .debug_macro   0x00003a90      0x21d ./example/src/systick.o
 .debug_macro   0x00003cad      0x289 C:\Users\Piotr\Documents\LPCXpresso_7.8.0_426\mouse_threadmill\lpc_board_nxp_lpcxpresso_1769\Debug\liblpc_board_nxp_lpcxpresso_1769.a(board.o)
 .debug_macro   0x00003f36       0x12 C:\Users\Piotr\Documents\LPCXpresso_7.8.0_426\mouse_threadmill\lpc_board_nxp_lpcxpresso_1769\Debug\liblpc_board_nxp_lpcxpresso_1769.a(board.o)
 .debug_macro   0x00003f48      0x217 C:\Users\Piotr\Documents\LPCXpresso_7.8.0_426\mouse_threadmill\lpc_board_nxp_lpcxpresso_1769\Debug\liblpc_board_nxp_lpcxpresso_1769.a(board_sysinit.o)
 .debug_macro   0x0000415f      0x1cd C:\Users\Piotr\Documents\LPCXpresso_7.8.0_426\mouse_threadmill\lpc_chip_175x_6x\Debug\liblpc_chip_175x_6x.a(chip_17xx_40xx.o)
 .debug_macro   0x0000432c      0x1cd C:\Users\Piotr\Documents\LPCXpresso_7.8.0_426\mouse_threadmill\lpc_chip_175x_6x\Debug\liblpc_chip_175x_6x.a(clock_17xx_40xx.o)
 .debug_macro   0x000044f9      0x1cd C:\Users\Piotr\Documents\LPCXpresso_7.8.0_426\mouse_threadmill\lpc_chip_175x_6x\Debug\liblpc_chip_175x_6x.a(iocon_17xx_40xx.o)
 .debug_macro   0x000046c6      0x1cd C:\Users\Piotr\Documents\LPCXpresso_7.8.0_426\mouse_threadmill\lpc_chip_175x_6x\Debug\liblpc_chip_175x_6x.a(sysinit_17xx_40xx.o)
 .debug_macro   0x00004893      0x1cd C:\Users\Piotr\Documents\LPCXpresso_7.8.0_426\mouse_threadmill\lpc_chip_175x_6x\Debug\liblpc_chip_175x_6x.a(uart_17xx_40xx.o)

.debug_line     0x00000000     0x33a1
 .debug_line    0x00000000       0xdd ./example/src/cr_startup_lpc175x_6x.o
 .debug_line    0x000000dd      0x4ab ./example/src/sysinit.o
 .debug_line    0x00000588      0x502 ./example/src/systick.o
 .debug_line    0x00000a8a      0x856 C:\Users\Piotr\Documents\LPCXpresso_7.8.0_426\mouse_threadmill\lpc_board_nxp_lpcxpresso_1769\Debug\liblpc_board_nxp_lpcxpresso_1769.a(board.o)
 .debug_line    0x000012e0      0x4e3 C:\Users\Piotr\Documents\LPCXpresso_7.8.0_426\mouse_threadmill\lpc_board_nxp_lpcxpresso_1769\Debug\liblpc_board_nxp_lpcxpresso_1769.a(board_sysinit.o)
 .debug_line    0x000017c3      0x460 C:\Users\Piotr\Documents\LPCXpresso_7.8.0_426\mouse_threadmill\lpc_chip_175x_6x\Debug\liblpc_chip_175x_6x.a(chip_17xx_40xx.o)
 .debug_line    0x00001c23      0x6d7 C:\Users\Piotr\Documents\LPCXpresso_7.8.0_426\mouse_threadmill\lpc_chip_175x_6x\Debug\liblpc_chip_175x_6x.a(clock_17xx_40xx.o)
 .debug_line    0x000022fa      0x44c C:\Users\Piotr\Documents\LPCXpresso_7.8.0_426\mouse_threadmill\lpc_chip_175x_6x\Debug\liblpc_chip_175x_6x.a(iocon_17xx_40xx.o)
 .debug_line    0x00002746      0x4d6 C:\Users\Piotr\Documents\LPCXpresso_7.8.0_426\mouse_threadmill\lpc_chip_175x_6x\Debug\liblpc_chip_175x_6x.a(sysinit_17xx_40xx.o)
 .debug_line    0x00002c1c      0x785 C:\Users\Piotr\Documents\LPCXpresso_7.8.0_426\mouse_threadmill\lpc_chip_175x_6x\Debug\liblpc_chip_175x_6x.a(uart_17xx_40xx.o)

.debug_str      0x00000000    0x12d6e
 .debug_str     0x00000000     0x2645 ./example/src/cr_startup_lpc175x_6x.o
                               0x2658 (size before relaxing)
 .debug_str     0x00002645     0xe49a ./example/src/sysinit.o
                              0x10a0b (size before relaxing)
 .debug_str     0x00010adf      0x377 ./example/src/systick.o
                              0x10d84 (size before relaxing)
 .debug_str     0x00010e56      0xece C:\Users\Piotr\Documents\LPCXpresso_7.8.0_426\mouse_threadmill\lpc_board_nxp_lpcxpresso_1769\Debug\liblpc_board_nxp_lpcxpresso_1769.a(board.o)
                              0x118e1 (size before relaxing)
 .debug_str     0x00011d24      0x22d C:\Users\Piotr\Documents\LPCXpresso_7.8.0_426\mouse_threadmill\lpc_board_nxp_lpcxpresso_1769\Debug\liblpc_board_nxp_lpcxpresso_1769.a(board_sysinit.o)
                              0x10e1b (size before relaxing)
 .debug_str     0x00011f51       0xc9 C:\Users\Piotr\Documents\LPCXpresso_7.8.0_426\mouse_threadmill\lpc_chip_175x_6x\Debug\liblpc_chip_175x_6x.a(chip_17xx_40xx.o)
                              0x10b12 (size before relaxing)
 .debug_str     0x0001201a      0x857 C:\Users\Piotr\Documents\LPCXpresso_7.8.0_426\mouse_threadmill\lpc_chip_175x_6x\Debug\liblpc_chip_175x_6x.a(clock_17xx_40xx.o)
                              0x11180 (size before relaxing)
 .debug_str     0x00012871       0x79 C:\Users\Piotr\Documents\LPCXpresso_7.8.0_426\mouse_threadmill\lpc_chip_175x_6x\Debug\liblpc_chip_175x_6x.a(iocon_17xx_40xx.o)
                              0x105fd (size before relaxing)
 .debug_str     0x000128ea       0xc4 C:\Users\Piotr\Documents\LPCXpresso_7.8.0_426\mouse_threadmill\lpc_chip_175x_6x\Debug\liblpc_chip_175x_6x.a(sysinit_17xx_40xx.o)
                              0x107e5 (size before relaxing)
 .debug_str     0x000129ae      0x3c0 C:\Users\Piotr\Documents\LPCXpresso_7.8.0_426\mouse_threadmill\lpc_chip_175x_6x\Debug\liblpc_chip_175x_6x.a(uart_17xx_40xx.o)
                              0x11055 (size before relaxing)

.comment        0x00000000       0xe0
 .comment       0x00000000       0x70 ./example/src/cr_startup_lpc175x_6x.o
                                 0x71 (size before relaxing)
 .comment       0x00000000       0x71 ./example/src/sysinit.o
 .comment       0x00000000       0x71 ./example/src/systick.o
 .comment       0x00000000       0x71 C:\Users\Piotr\Documents\LPCXpresso_7.8.0_426\mouse_threadmill\lpc_board_nxp_lpcxpresso_1769\Debug\liblpc_board_nxp_lpcxpresso_1769.a(board.o)
 .comment       0x00000000       0x71 C:\Users\Piotr\Documents\LPCXpresso_7.8.0_426\mouse_threadmill\lpc_board_nxp_lpcxpresso_1769\Debug\liblpc_board_nxp_lpcxpresso_1769.a(board_sysinit.o)
 .comment       0x00000000       0x71 C:\Users\Piotr\Documents\LPCXpresso_7.8.0_426\mouse_threadmill\lpc_chip_175x_6x\Debug\liblpc_chip_175x_6x.a(chip_17xx_40xx.o)
 .comment       0x00000000       0x71 C:\Users\Piotr\Documents\LPCXpresso_7.8.0_426\mouse_threadmill\lpc_chip_175x_6x\Debug\liblpc_chip_175x_6x.a(clock_17xx_40xx.o)
 .comment       0x00000000       0x71 C:\Users\Piotr\Documents\LPCXpresso_7.8.0_426\mouse_threadmill\lpc_chip_175x_6x\Debug\liblpc_chip_175x_6x.a(iocon_17xx_40xx.o)
 .comment       0x00000000       0x71 C:\Users\Piotr\Documents\LPCXpresso_7.8.0_426\mouse_threadmill\lpc_chip_175x_6x\Debug\liblpc_chip_175x_6x.a(sysinit_17xx_40xx.o)
 .comment       0x00000000       0x71 C:\Users\Piotr\Documents\LPCXpresso_7.8.0_426\mouse_threadmill\lpc_chip_175x_6x\Debug\liblpc_chip_175x_6x.a(uart_17xx_40xx.o)
 .comment       0x00000070       0x70 c:/nxp/lpcxpresso_7.8.0_426/lpcxpresso/tools/bin/../lib/gcc/arm-none-eabi/4.9.3/../../../../arm-none-eabi/lib/armv7-m\libcr_nohost.a(_cr__main.o)
                                 0x71 (size before relaxing)
 .comment       0x00000000       0x71 c:/nxp/lpcxpresso_7.8.0_426/lpcxpresso/tools/bin/../lib/gcc/arm-none-eabi/4.9.3/../../../../arm-none-eabi/lib/armv7-m\libcr_c.a(initio.o)
 .comment       0x00000000       0x71 c:/nxp/lpcxpresso_7.8.0_426/lpcxpresso/tools/bin/../lib/gcc/arm-none-eabi/4.9.3/../../../../arm-none-eabi/lib/armv7-m\libcr_c.a(setvbuf.o)
 .comment       0x00000000       0x71 c:/nxp/lpcxpresso_7.8.0_426/lpcxpresso/tools/bin/../lib/gcc/arm-none-eabi/4.9.3/../../../../arm-none-eabi/lib/armv7-m\libcr_c.a(stdio.o)
 .comment       0x00000000       0x71 c:/nxp/lpcxpresso_7.8.0_426/lpcxpresso/tools/bin/../lib/gcc/arm-none-eabi/4.9.3/../../../../arm-none-eabi/lib/armv7-m\libcr_c.a(memset.o)
 .comment       0x00000000       0x71 c:/nxp/lpcxpresso_7.8.0_426/lpcxpresso/tools/bin/../lib/gcc/arm-none-eabi/4.9.3/../../../../arm-none-eabi/lib/armv7-m\libcr_c.a(_deferredlazyseek.o)
 .comment       0x00000000       0x71 c:/nxp/lpcxpresso_7.8.0_426/lpcxpresso/tools/bin/../lib/gcc/arm-none-eabi/4.9.3/../../../../arm-none-eabi/lib/armv7-m\libcr_c.a(_fdopen.o)
 .comment       0x00000000       0x71 c:/nxp/lpcxpresso_7.8.0_426/lpcxpresso/tools/bin/../lib/gcc/arm-none-eabi/4.9.3/../../../../arm-none-eabi/lib/armv7-m\libcr_c.a(_fflush.o)
 .comment       0x00000000       0x71 c:/nxp/lpcxpresso_7.8.0_426/lpcxpresso/tools/bin/../lib/gcc/arm-none-eabi/4.9.3/../../../../arm-none-eabi/lib/armv7-m\libcr_c.a(_writebuf.o)
 .comment       0x00000000       0x71 c:/nxp/lpcxpresso_7.8.0_426/lpcxpresso/tools/bin/../lib/gcc/arm-none-eabi/4.9.3/../../../../arm-none-eabi/lib/armv7-m\libcr_c.a(alloc.o)
 .comment       0x00000000       0x71 c:/nxp/lpcxpresso_7.8.0_426/lpcxpresso/tools/bin/../lib/gcc/arm-none-eabi/4.9.3/../../../../arm-none-eabi/lib/armv7-m\libcr_c.a(fclose.o)
 .comment       0x00000000       0x71 c:/nxp/lpcxpresso_7.8.0_426/lpcxpresso/tools/bin/../lib/gcc/arm-none-eabi/4.9.3/../../../../arm-none-eabi/lib/armv7-m\libcr_c.a(fflush.o)
 .comment       0x00000000       0x71 c:/nxp/lpcxpresso_7.8.0_426/lpcxpresso/tools/bin/../lib/gcc/arm-none-eabi/4.9.3/../../../../arm-none-eabi/lib/armv7-m\libcr_c.a(fseek.o)
 .comment       0x00000000       0x71 c:/nxp/lpcxpresso_7.8.0_426/lpcxpresso/tools/bin/../lib/gcc/arm-none-eabi/4.9.3/../../../../arm-none-eabi/lib/armv7-m\libcr_c.a(ftell.o)
 .comment       0x00000000       0x71 c:/nxp/lpcxpresso_7.8.0_426/lpcxpresso/tools/bin/../lib/gcc/arm-none-eabi/4.9.3/../../../../arm-none-eabi/lib/armv7-m\libcr_c.a(remove.o)
 .comment       0x00000000       0x71 c:/nxp/lpcxpresso_7.8.0_426/lpcxpresso/tools/bin/../lib/gcc/arm-none-eabi/4.9.3/../../../../arm-none-eabi/lib/armv7-m\libcr_c.a(strlen.o)
 .comment       0x00000000       0x71 c:/nxp/lpcxpresso_7.8.0_426/lpcxpresso/tools/bin/../lib/gcc/arm-none-eabi/4.9.3/../../../../arm-none-eabi/lib/armv7-m\libcr_c.a(__init_alloc.o)
 .comment       0x00000000       0x71 c:/nxp/lpcxpresso_7.8.0_426/lpcxpresso/tools/bin/../lib/gcc/arm-none-eabi/4.9.3/../../../../arm-none-eabi/lib/armv7-m\libcr_c.a(_cr_sbrk.o)
 .comment       0x00000000       0x71 c:/nxp/lpcxpresso_7.8.0_426/lpcxpresso/tools/bin/../lib/gcc/arm-none-eabi/4.9.3/../../../../arm-none-eabi/lib/armv7-m\libcr_c.a(_do_fflush.o)
 .comment       0x00000000       0x71 c:/nxp/lpcxpresso_7.8.0_426/lpcxpresso/tools/bin/../lib/gcc/arm-none-eabi/4.9.3/../../../../arm-none-eabi/lib/armv7-m\libcr_c.a(errno.o)
 .comment       0x00000000       0x71 c:/nxp/lpcxpresso_7.8.0_426/lpcxpresso/tools/bin/../lib/gcc/arm-none-eabi/4.9.3/../../../../arm-none-eabi/lib/armv7-m\libcr_c.a(_cr_check_heap.o)
 .comment       0x00000000       0x71 c:/nxp/lpcxpresso_7.8.0_426/lpcxpresso/tools/bin/../lib/gcc/arm-none-eabi/4.9.3/../../../../arm-none-eabi/lib/armv7-m\libcr_nohost.a(__sys_appexit.o)
 .comment       0x00000000       0x71 c:/nxp/lpcxpresso_7.8.0_426/lpcxpresso/tools/bin/../lib/gcc/arm-none-eabi/4.9.3/../../../../arm-none-eabi/lib/armv7-m\libcr_nohost.a(__sys_close.o)
 .comment       0x00000000       0x71 c:/nxp/lpcxpresso_7.8.0_426/lpcxpresso/tools/bin/../lib/gcc/arm-none-eabi/4.9.3/../../../../arm-none-eabi/lib/armv7-m\libcr_nohost.a(__sys_flen.o)
 .comment       0x00000000       0x71 c:/nxp/lpcxpresso_7.8.0_426/lpcxpresso/tools/bin/../lib/gcc/arm-none-eabi/4.9.3/../../../../arm-none-eabi/lib/armv7-m\libcr_nohost.a(__sys_istty.o)
 .comment       0x00000000       0x71 c:/nxp/lpcxpresso_7.8.0_426/lpcxpresso/tools/bin/../lib/gcc/arm-none-eabi/4.9.3/../../../../arm-none-eabi/lib/armv7-m\libcr_nohost.a(__sys_remove.o)
 .comment       0x00000000       0x71 c:/nxp/lpcxpresso_7.8.0_426/lpcxpresso/tools/bin/../lib/gcc/arm-none-eabi/4.9.3/../../../../arm-none-eabi/lib/armv7-m\libcr_nohost.a(__sys_seek.o)
 .comment       0x00000000       0x71 c:/nxp/lpcxpresso_7.8.0_426/lpcxpresso/tools/bin/../lib/gcc/arm-none-eabi/4.9.3/../../../../arm-none-eabi/lib/armv7-m\libcr_nohost.a(__sys_tmpnam.o)

.ARM.attributes
                0x00000000       0x31
 .ARM.attributes
                0x00000000       0x33 ./example/src/cr_startup_lpc175x_6x.o
 .ARM.attributes
                0x00000033       0x33 ./example/src/sysinit.o
 .ARM.attributes
                0x00000066       0x33 ./example/src/systick.o
 .ARM.attributes
                0x00000099       0x33 C:\Users\Piotr\Documents\LPCXpresso_7.8.0_426\mouse_threadmill\lpc_board_nxp_lpcxpresso_1769\Debug\liblpc_board_nxp_lpcxpresso_1769.a(board.o)
 .ARM.attributes
                0x000000cc       0x33 C:\Users\Piotr\Documents\LPCXpresso_7.8.0_426\mouse_threadmill\lpc_board_nxp_lpcxpresso_1769\Debug\liblpc_board_nxp_lpcxpresso_1769.a(board_sysinit.o)
 .ARM.attributes
                0x000000ff       0x33 C:\Users\Piotr\Documents\LPCXpresso_7.8.0_426\mouse_threadmill\lpc_chip_175x_6x\Debug\liblpc_chip_175x_6x.a(chip_17xx_40xx.o)
 .ARM.attributes
                0x00000132       0x33 C:\Users\Piotr\Documents\LPCXpresso_7.8.0_426\mouse_threadmill\lpc_chip_175x_6x\Debug\liblpc_chip_175x_6x.a(clock_17xx_40xx.o)
 .ARM.attributes
                0x00000165       0x33 C:\Users\Piotr\Documents\LPCXpresso_7.8.0_426\mouse_threadmill\lpc_chip_175x_6x\Debug\liblpc_chip_175x_6x.a(iocon_17xx_40xx.o)
 .ARM.attributes
                0x00000198       0x33 C:\Users\Piotr\Documents\LPCXpresso_7.8.0_426\mouse_threadmill\lpc_chip_175x_6x\Debug\liblpc_chip_175x_6x.a(sysinit_17xx_40xx.o)
 .ARM.attributes
                0x000001cb       0x33 C:\Users\Piotr\Documents\LPCXpresso_7.8.0_426\mouse_threadmill\lpc_chip_175x_6x\Debug\liblpc_chip_175x_6x.a(uart_17xx_40xx.o)
 .ARM.attributes
                0x000001fe       0x33 c:/nxp/lpcxpresso_7.8.0_426/lpcxpresso/tools/bin/../lib/gcc/arm-none-eabi/4.9.3/../../../../arm-none-eabi/lib/armv7-m\libcr_nohost.a(_cr__main.o)
 .ARM.attributes
                0x00000231       0x33 c:/nxp/lpcxpresso_7.8.0_426/lpcxpresso/tools/bin/../lib/gcc/arm-none-eabi/4.9.3/../../../../arm-none-eabi/lib/armv7-m\libcr_c.a(initio.o)
 .ARM.attributes
                0x00000264       0x33 c:/nxp/lpcxpresso_7.8.0_426/lpcxpresso/tools/bin/../lib/gcc/arm-none-eabi/4.9.3/../../../../arm-none-eabi/lib/armv7-m\libcr_c.a(setvbuf.o)
 .ARM.attributes
                0x00000297       0x33 c:/nxp/lpcxpresso_7.8.0_426/lpcxpresso/tools/bin/../lib/gcc/arm-none-eabi/4.9.3/../../../../arm-none-eabi/lib/armv7-m\libcr_c.a(stdio.o)
 .ARM.attributes
                0x000002ca       0x33 c:/nxp/lpcxpresso_7.8.0_426/lpcxpresso/tools/bin/../lib/gcc/arm-none-eabi/4.9.3/../../../../arm-none-eabi/lib/armv7-m\libcr_c.a(memset.o)
 .ARM.attributes
                0x000002fd       0x33 c:/nxp/lpcxpresso_7.8.0_426/lpcxpresso/tools/bin/../lib/gcc/arm-none-eabi/4.9.3/../../../../arm-none-eabi/lib/armv7-m\libcr_c.a(_deferredlazyseek.o)
 .ARM.attributes
                0x00000330       0x33 c:/nxp/lpcxpresso_7.8.0_426/lpcxpresso/tools/bin/../lib/gcc/arm-none-eabi/4.9.3/../../../../arm-none-eabi/lib/armv7-m\libcr_c.a(_fdopen.o)
 .ARM.attributes
                0x00000363       0x33 c:/nxp/lpcxpresso_7.8.0_426/lpcxpresso/tools/bin/../lib/gcc/arm-none-eabi/4.9.3/../../../../arm-none-eabi/lib/armv7-m\libcr_c.a(_fflush.o)
 .ARM.attributes
                0x00000396       0x33 c:/nxp/lpcxpresso_7.8.0_426/lpcxpresso/tools/bin/../lib/gcc/arm-none-eabi/4.9.3/../../../../arm-none-eabi/lib/armv7-m\libcr_c.a(_writebuf.o)
 .ARM.attributes
                0x000003c9       0x33 c:/nxp/lpcxpresso_7.8.0_426/lpcxpresso/tools/bin/../lib/gcc/arm-none-eabi/4.9.3/../../../../arm-none-eabi/lib/armv7-m\libcr_c.a(alloc.o)
 .ARM.attributes
                0x000003fc       0x33 c:/nxp/lpcxpresso_7.8.0_426/lpcxpresso/tools/bin/../lib/gcc/arm-none-eabi/4.9.3/../../../../arm-none-eabi/lib/armv7-m\libcr_c.a(fclose.o)
 .ARM.attributes
                0x0000042f       0x33 c:/nxp/lpcxpresso_7.8.0_426/lpcxpresso/tools/bin/../lib/gcc/arm-none-eabi/4.9.3/../../../../arm-none-eabi/lib/armv7-m\libcr_c.a(fflush.o)
 .ARM.attributes
                0x00000462       0x33 c:/nxp/lpcxpresso_7.8.0_426/lpcxpresso/tools/bin/../lib/gcc/arm-none-eabi/4.9.3/../../../../arm-none-eabi/lib/armv7-m\libcr_c.a(fseek.o)
 .ARM.attributes
                0x00000495       0x33 c:/nxp/lpcxpresso_7.8.0_426/lpcxpresso/tools/bin/../lib/gcc/arm-none-eabi/4.9.3/../../../../arm-none-eabi/lib/armv7-m\libcr_c.a(ftell.o)
 .ARM.attributes
                0x000004c8       0x33 c:/nxp/lpcxpresso_7.8.0_426/lpcxpresso/tools/bin/../lib/gcc/arm-none-eabi/4.9.3/../../../../arm-none-eabi/lib/armv7-m\libcr_c.a(remove.o)
 .ARM.attributes
                0x000004fb       0x33 c:/nxp/lpcxpresso_7.8.0_426/lpcxpresso/tools/bin/../lib/gcc/arm-none-eabi/4.9.3/../../../../arm-none-eabi/lib/armv7-m\libcr_c.a(strlen.o)
 .ARM.attributes
                0x0000052e       0x33 c:/nxp/lpcxpresso_7.8.0_426/lpcxpresso/tools/bin/../lib/gcc/arm-none-eabi/4.9.3/../../../../arm-none-eabi/lib/armv7-m\libcr_c.a(__init_alloc.o)
 .ARM.attributes
                0x00000561       0x33 c:/nxp/lpcxpresso_7.8.0_426/lpcxpresso/tools/bin/../lib/gcc/arm-none-eabi/4.9.3/../../../../arm-none-eabi/lib/armv7-m\libcr_c.a(_cr_sbrk.o)
 .ARM.attributes
                0x00000594       0x33 c:/nxp/lpcxpresso_7.8.0_426/lpcxpresso/tools/bin/../lib/gcc/arm-none-eabi/4.9.3/../../../../arm-none-eabi/lib/armv7-m\libcr_c.a(_do_fflush.o)
 .ARM.attributes
                0x000005c7       0x33 c:/nxp/lpcxpresso_7.8.0_426/lpcxpresso/tools/bin/../lib/gcc/arm-none-eabi/4.9.3/../../../../arm-none-eabi/lib/armv7-m\libcr_c.a(errno.o)
 .ARM.attributes
                0x000005fa       0x33 c:/nxp/lpcxpresso_7.8.0_426/lpcxpresso/tools/bin/../lib/gcc/arm-none-eabi/4.9.3/../../../../arm-none-eabi/lib/armv7-m\libcr_c.a(_cr_check_heap.o)
 .ARM.attributes
                0x0000062d       0x21 c:/nxp/lpcxpresso_7.8.0_426/lpcxpresso/tools/bin/../lib/gcc/arm-none-eabi/4.9.3/armv7-m\libcr_eabihelpers.a(memcpy.o)
 .ARM.attributes
                0x0000064e       0x33 c:/nxp/lpcxpresso_7.8.0_426/lpcxpresso/tools/bin/../lib/gcc/arm-none-eabi/4.9.3/../../../../arm-none-eabi/lib/armv7-m\libcr_nohost.a(__sys_appexit.o)
 .ARM.attributes
                0x00000681       0x33 c:/nxp/lpcxpresso_7.8.0_426/lpcxpresso/tools/bin/../lib/gcc/arm-none-eabi/4.9.3/../../../../arm-none-eabi/lib/armv7-m\libcr_nohost.a(__sys_close.o)
 .ARM.attributes
                0x000006b4       0x33 c:/nxp/lpcxpresso_7.8.0_426/lpcxpresso/tools/bin/../lib/gcc/arm-none-eabi/4.9.3/../../../../arm-none-eabi/lib/armv7-m\libcr_nohost.a(__sys_flen.o)
 .ARM.attributes
                0x000006e7       0x33 c:/nxp/lpcxpresso_7.8.0_426/lpcxpresso/tools/bin/../lib/gcc/arm-none-eabi/4.9.3/../../../../arm-none-eabi/lib/armv7-m\libcr_nohost.a(__sys_istty.o)
 .ARM.attributes
                0x0000071a       0x33 c:/nxp/lpcxpresso_7.8.0_426/lpcxpresso/tools/bin/../lib/gcc/arm-none-eabi/4.9.3/../../../../arm-none-eabi/lib/armv7-m\libcr_nohost.a(__sys_remove.o)
 .ARM.attributes
                0x0000074d       0x33 c:/nxp/lpcxpresso_7.8.0_426/lpcxpresso/tools/bin/../lib/gcc/arm-none-eabi/4.9.3/../../../../arm-none-eabi/lib/armv7-m\libcr_nohost.a(__sys_seek.o)
 .ARM.attributes
                0x00000780       0x33 c:/nxp/lpcxpresso_7.8.0_426/lpcxpresso/tools/bin/../lib/gcc/arm-none-eabi/4.9.3/../../../../arm-none-eabi/lib/armv7-m\libcr_nohost.a(__sys_tmpnam.o)

.debug_frame    0x00000000     0x1498
 .debug_frame   0x00000000      0x170 ./example/src/cr_startup_lpc175x_6x.o
 .debug_frame   0x00000170       0x34 ./example/src/sysinit.o
 .debug_frame   0x000001a4       0x94 ./example/src/systick.o
 .debug_frame   0x00000238      0x5d4 C:\Users\Piotr\Documents\LPCXpresso_7.8.0_426\mouse_threadmill\lpc_board_nxp_lpcxpresso_1769\Debug\liblpc_board_nxp_lpcxpresso_1769.a(board.o)
 .debug_frame   0x0000080c       0x8c C:\Users\Piotr\Documents\LPCXpresso_7.8.0_426\mouse_threadmill\lpc_board_nxp_lpcxpresso_1769\Debug\liblpc_board_nxp_lpcxpresso_1769.a(board_sysinit.o)
 .debug_frame   0x00000898       0x88 C:\Users\Piotr\Documents\LPCXpresso_7.8.0_426\mouse_threadmill\lpc_chip_175x_6x\Debug\liblpc_chip_175x_6x.a(chip_17xx_40xx.o)
 .debug_frame   0x00000920      0x490 C:\Users\Piotr\Documents\LPCXpresso_7.8.0_426\mouse_threadmill\lpc_chip_175x_6x\Debug\liblpc_chip_175x_6x.a(clock_17xx_40xx.o)
 .debug_frame   0x00000db0       0x88 C:\Users\Piotr\Documents\LPCXpresso_7.8.0_426\mouse_threadmill\lpc_chip_175x_6x\Debug\liblpc_chip_175x_6x.a(iocon_17xx_40xx.o)
 .debug_frame   0x00000e38      0x12c C:\Users\Piotr\Documents\LPCXpresso_7.8.0_426\mouse_threadmill\lpc_chip_175x_6x\Debug\liblpc_chip_175x_6x.a(sysinit_17xx_40xx.o)
 .debug_frame   0x00000f64      0x534 C:\Users\Piotr\Documents\LPCXpresso_7.8.0_426\mouse_threadmill\lpc_chip_175x_6x\Debug\liblpc_chip_175x_6x.a(uart_17xx_40xx.o)
