Archive member included because of file (symbol)

C:\Users\Piotr\Documents\LPCXpresso_7.8.0_426\mouse_threadmill\lpc_board_nxp_lpcxpresso_1769\Debug\liblpc_board_nxp_lpcxpresso_1769.a(board.o)
                              ./example/src/adc.o (Board_UARTGetChar)
C:\Users\Piotr\Documents\LPCXpresso_7.8.0_426\mouse_threadmill\lpc_board_nxp_lpcxpresso_1769\Debug\liblpc_board_nxp_lpcxpresso_1769.a(board_sysinit.o)
                              ./example/src/sysinit.o (Board_SystemInit)
C:\Users\Piotr\Documents\LPCXpresso_7.8.0_426\mouse_threadmill\lpc_chip_175x_6x\Debug\liblpc_chip_175x_6x.a(adc_17xx_40xx.o)
                              ./example/src/adc.o (Chip_ADC_Init)
C:\Users\Piotr\Documents\LPCXpresso_7.8.0_426\mouse_threadmill\lpc_chip_175x_6x\Debug\liblpc_chip_175x_6x.a(chip_17xx_40xx.o)
                              ./example/src/adc.o (SystemCoreClockUpdate)
C:\Users\Piotr\Documents\LPCXpresso_7.8.0_426\mouse_threadmill\lpc_chip_175x_6x\Debug\liblpc_chip_175x_6x.a(clock_17xx_40xx.o)
                              C:\Users\Piotr\Documents\LPCXpresso_7.8.0_426\mouse_threadmill\lpc_chip_175x_6x\Debug\liblpc_chip_175x_6x.a(chip_17xx_40xx.o) (Chip_Clock_EnablePLL)
C:\Users\Piotr\Documents\LPCXpresso_7.8.0_426\mouse_threadmill\lpc_chip_175x_6x\Debug\liblpc_chip_175x_6x.a(gpdma_17xx_40xx.o)
                              ./example/src/adc.o (Chip_GPDMA_Init)
C:\Users\Piotr\Documents\LPCXpresso_7.8.0_426\mouse_threadmill\lpc_chip_175x_6x\Debug\liblpc_chip_175x_6x.a(i2s_17xx_40xx.o)
                              C:\Users\Piotr\Documents\LPCXpresso_7.8.0_426\mouse_threadmill\lpc_board_nxp_lpcxpresso_1769\Debug\liblpc_board_nxp_lpcxpresso_1769.a(board.o) (Chip_I2S_Init)
C:\Users\Piotr\Documents\LPCXpresso_7.8.0_426\mouse_threadmill\lpc_chip_175x_6x\Debug\liblpc_chip_175x_6x.a(iocon_17xx_40xx.o)
                              C:\Users\Piotr\Documents\LPCXpresso_7.8.0_426\mouse_threadmill\lpc_board_nxp_lpcxpresso_1769\Debug\liblpc_board_nxp_lpcxpresso_1769.a(board.o) (Chip_IOCON_PinMux)
C:\Users\Piotr\Documents\LPCXpresso_7.8.0_426\mouse_threadmill\lpc_chip_175x_6x\Debug\liblpc_chip_175x_6x.a(sysinit_17xx_40xx.o)
                              C:\Users\Piotr\Documents\LPCXpresso_7.8.0_426\mouse_threadmill\lpc_board_nxp_lpcxpresso_1769\Debug\liblpc_board_nxp_lpcxpresso_1769.a(board_sysinit.o) (Chip_SetupXtalClocking)
C:\Users\Piotr\Documents\LPCXpresso_7.8.0_426\mouse_threadmill\lpc_chip_175x_6x\Debug\liblpc_chip_175x_6x.a(uart_17xx_40xx.o)
                              C:\Users\Piotr\Documents\LPCXpresso_7.8.0_426\mouse_threadmill\lpc_board_nxp_lpcxpresso_1769\Debug\liblpc_board_nxp_lpcxpresso_1769.a(board.o) (Chip_UART_Init)
C:\Users\Piotr\Documents\LPCXpresso_7.8.0_426\mouse_threadmill\lpc_chip_175x_6x\Debug\liblpc_chip_175x_6x.a(ring_buffer.o)
                              C:\Users\Piotr\Documents\LPCXpresso_7.8.0_426\mouse_threadmill\lpc_chip_175x_6x\Debug\liblpc_chip_175x_6x.a(uart_17xx_40xx.o) (RingBuffer_Insert)
c:/nxp/lpcxpresso_7.8.0_426/lpcxpresso/tools/bin/../lib/gcc/arm-none-eabi/4.9.3/../../../../arm-none-eabi/lib/armv7-m\libcr_nohost.a(_cr__main.o)
                              ./example/src/cr_startup_lpc175x_6x.o (__main)
c:/nxp/lpcxpresso_7.8.0_426/lpcxpresso/tools/bin/../lib/gcc/arm-none-eabi/4.9.3/../../../../arm-none-eabi/lib/armv7-m\libcr_c.a(memcpy.o)
                              C:\Users\Piotr\Documents\LPCXpresso_7.8.0_426\mouse_threadmill\lpc_board_nxp_lpcxpresso_1769\Debug\liblpc_board_nxp_lpcxpresso_1769.a(board.o) (memcpy)
c:/nxp/lpcxpresso_7.8.0_426/lpcxpresso/tools/bin/../lib/gcc/arm-none-eabi/4.9.3/../../../../arm-none-eabi/lib/armv7-m\libcr_c.a(fpprintf.o)
                              ./example/src/adc.o (printf)
c:/nxp/lpcxpresso_7.8.0_426/lpcxpresso/tools/bin/../lib/gcc/arm-none-eabi/4.9.3/../../../../arm-none-eabi/lib/armv7-m\libcr_c.a(initio.o)
                              c:/nxp/lpcxpresso_7.8.0_426/lpcxpresso/tools/bin/../lib/gcc/arm-none-eabi/4.9.3/../../../../arm-none-eabi/lib/armv7-m\libcr_nohost.a(_cr__main.o) (_initio)
c:/nxp/lpcxpresso_7.8.0_426/lpcxpresso/tools/bin/../lib/gcc/arm-none-eabi/4.9.3/../../../../arm-none-eabi/lib/armv7-m\libcr_c.a(printf.o)
                              c:/nxp/lpcxpresso_7.8.0_426/lpcxpresso/tools/bin/../lib/gcc/arm-none-eabi/4.9.3/../../../../arm-none-eabi/lib/armv7-m\libcr_c.a(fpprintf.o) (__vfprintf)
c:/nxp/lpcxpresso_7.8.0_426/lpcxpresso/tools/bin/../lib/gcc/arm-none-eabi/4.9.3/../../../../arm-none-eabi/lib/armv7-m\libcr_c.a(setvbuf.o)
                              c:/nxp/lpcxpresso_7.8.0_426/lpcxpresso/tools/bin/../lib/gcc/arm-none-eabi/4.9.3/../../../../arm-none-eabi/lib/armv7-m\libcr_c.a(initio.o) (setvbuf)
c:/nxp/lpcxpresso_7.8.0_426/lpcxpresso/tools/bin/../lib/gcc/arm-none-eabi/4.9.3/../../../../arm-none-eabi/lib/armv7-m\libcr_c.a(stdio.o)
                              c:/nxp/lpcxpresso_7.8.0_426/lpcxpresso/tools/bin/../lib/gcc/arm-none-eabi/4.9.3/../../../../arm-none-eabi/lib/armv7-m\libcr_c.a(fpprintf.o) (__Ciob)
[...]
Memory Configuration

Name             Origin             Length             Attributes
MFlash512        0x00000000         0x00080000         xr
RamLoc32         0x10000000         0x00008000         xrw
RamAHB32         0x2007c000         0x00008000         xrw
*default*        0x00000000         0xffffffff

Linker script and memory map

LOAD ./example/src/adc.o
LOAD ./example/src/cr_startup_lpc175x_6x.o
LOAD ./example/src/sysinit.o
LOAD C:\Users\Piotr\Documents\LPCXpresso_7.8.0_426\mouse_threadmill\lpc_board_nxp_lpcxpresso_1769\Debug\liblpc_board_nxp_lpcxpresso_1769.a
LOAD C:\Users\Piotr\Documents\LPCXpresso_7.8.0_426\mouse_threadmill\lpc_chip_175x_6x\Debug\liblpc_chip_175x_6x.a
START GROUP
LOAD c:/nxp/lpcxpresso_7.8.0_426/lpcxpresso/tools/bin/../lib/gcc/arm-none-eabi/4.9.3/../../../../arm-none-eabi/lib/armv7-m\libcr_nohost.a
LOAD c:/nxp/lpcxpresso_7.8.0_426/lpcxpresso/tools/bin/../lib/gcc/arm-none-eabi/4.9.3/../../../../arm-none-eabi/lib/armv7-m\libcr_c.a
LOAD c:/nxp/lpcxpresso_7.8.0_426/lpcxpresso/tools/bin/../lib/gcc/arm-none-eabi/4.9.3/armv7-m\libcr_eabihelpers.a
END GROUP
                0x00080000                __top_MFlash512 = 0x80000
                0x10008000                __top_RamLoc32 = 0x10008000
                0x20084000                __top_RamAHB32 = 0x20084000

.text           0x00000000     0x4698
 FILL mask 0xff
                0x00000000                __vectors_start__ = ABSOLUTE (.)
 *(.isr_vector)
 .isr_vector    0x00000000       0xcc ./example/src/cr_startup_lpc175x_6x.o
                0x00000000                g_pfnVectors
                0x000000cc                . = ALIGN (0x4)
                0x000000cc                __section_table_start = .
                0x000000cc                __data_section_table = .
                0x000000cc        0x4 LONG 0x4698 LOADADDR (.data)
                0x000000d0        0x4 LONG 0x10000000 ADDR (.data)
                0x000000d4        0x4 LONG 0x180 SIZEOF (.data)
                0x000000d8        0x4 LONG 0x4698 LOADADDR (.data_RAM2)
                0x000000dc        0x4 LONG 0x2007c000 ADDR (.data_RAM2)
                0x000000e0        0x4 LONG 0x0 SIZEOF (.data_RAM2)
                0x000000e4                __data_section_table_end = .
                0x000000e4                __bss_section_table = .
                0x000000e4        0x4 LONG 0x10000180 ADDR (.bss)
                0x000000e8        0x4 LONG 0x170 SIZEOF (.bss)
                0x000000ec        0x4 LONG 0x2007c000 ADDR (.bss_RAM2)
                0x000000f0        0x4 LONG 0x0 SIZEOF (.bss_RAM2)
                0x000000f4                __bss_section_table_end = .
                0x000000f4                __section_table_end = .
 *(.after_vectors*)
 .after_vectors
                0x000000f4      0x144 ./example/src/cr_startup_lpc175x_6x.o
                0x000000f4                data_init
                0x00000138                bss_init
                0x00000170                ResetISR
                0x000001e8                NMI_Handler
                0x000001f0                HardFault_Handler
                0x000001f8                MemManage_Handler
                0x00000200                BusFault_Handler
                0x00000208                UsageFault_Handler
                0x00000210                SVC_Handler
                0x00000218                DebugMon_Handler
                0x00000220                PendSV_Handler
                0x00000228                SysTick_Handler
                0x00000230                EINT3_IRQHandler
                0x00000230                CANActivity_IRQHandler
                0x00000230                TIMER3_IRQHandler
                0x00000230                UART0_IRQHandler
                0x00000230                UART1_IRQHandler
                0x00000230                EINT2_IRQHandler
                0x00000230                USBActivity_IRQHandler
                0x00000230                IntDefaultHandler
                0x00000230                PLL0_IRQHandler
                0x00000230                I2C0_IRQHandler
                0x00000230                I2C1_IRQHandler
                0x00000230                SSP0_IRQHandler
                0x00000230                I2S_IRQHandler
                0x00000230                I2C2_IRQHandler
                0x00000230                RTC_IRQHandler
                0x00000230                TIMER0_IRQHandler
                0x00000230                SPI_IRQHandler
                0x00000230                RIT_IRQHandler
                0x00000230                EINT1_IRQHandler
                0x00000230                TIMER1_IRQHandler
                0x00000230                UART2_IRQHandler
                0x00000230                SSP1_IRQHandler
                0x00000230                USB_IRQHandler
                0x00000230                BOD_IRQHandler
                0x00000230                PLL1_IRQHandler
                0x00000230                WDT_IRQHandler
                0x00000230                PWM1_IRQHandler
                0x00000230                QEI_IRQHandler
                0x00000230                EINT0_IRQHandler
                0x00000230                ETH_IRQHandler
                0x00000230                CAN_IRQHandler
                0x00000230                TIMER2_IRQHandler
                0x00000230                UART3_IRQHandler
                0x00000230                MCPWM_IRQHandler
 *(.text*)
 .text.NVIC_EnableIRQ
                0x00000238       0x30 ./example/src/adc.o
 .text.NVIC_DisableIRQ
                0x00000268       0x34 ./example/src/adc.o
 .text.NVIC_SetPriority
                0x0000029c       0x54 ./example/src/adc.o
 .text.App_print_ADC_value
                0x000002f0       0x34 ./example/src/adc.o
 .text.App_DMA_Test
                0x00000324       0xfc ./example/src/adc.o
 .text.App_Interrupt_Test
                0x00000420       0x8c ./example/src/adc.o
 .text.App_Polling_Test
                0x000004ac       0x88 ./example/src/adc.o
 .text.ADC_IRQHandler
                0x00000534       0x64 ./example/src/adc.o
                0x00000534                ADC_IRQHandler
 .text.DMA_IRQHandler
                0x00000598       0x34 ./example/src/adc.o
                0x00000598                DMA_IRQHandler
 .text.main     0x000005cc      0x1ac ./example/src/adc.o
                0x000005cc                main
 .text.SystemInit
                0x00000778       0x24 ./example/src/sysinit.o
                0x00000778                SystemInit
 .text.Chip_IOCON_Init
                0x0000079c       0x14 C:\Users\Piotr\Documents\LPCXpresso_7.8.0_426\mouse_threadmill\lpc_board_nxp_lpcxpresso_1769\Debug\liblpc_board_nxp_lpcxpresso_1769.a(board.o)
 .text.Chip_GPIO_Init
                0x000007b0       0x14 C:\Users\Piotr\Documents\LPCXpresso_7.8.0_426\mouse_threadmill\lpc_board_nxp_lpcxpresso_1769\Debug\liblpc_board_nxp_lpcxpresso_1769.a(board.o)
 .text.Chip_GPIO_SetPinDIROutput
                0x000007c4       0x38 C:\Users\Piotr\Documents\LPCXpresso_7.8.0_426\mouse_threadmill\lpc_board_nxp_lpcxpresso_1769\Debug\liblpc_board_nxp_lpcxpresso_1769.a(board.o)
 .text.Chip_GPIO_SetPinDIRInput
                0x000007fc       0x3c C:\Users\Piotr\Documents\LPCXpresso_7.8.0_426\mouse_threadmill\lpc_board_nxp_lpcxpresso_1769\Debug\liblpc_board_nxp_lpcxpresso_1769.a(board.o)
 .text.Chip_GPIO_SetPinDIR
                0x00000838       0x44 C:\Users\Piotr\Documents\LPCXpresso_7.8.0_426\mouse_threadmill\lpc_board_nxp_lpcxpresso_1769\Debug\liblpc_board_nxp_lpcxpresso_1769.a(board.o)
 .text.Chip_GPIO_WriteDirBit
                0x0000087c       0x2c C:\Users\Piotr\Documents\LPCXpresso_7.8.0_426\mouse_threadmill\lpc_board_nxp_lpcxpresso_1769\Debug\liblpc_board_nxp_lpcxpresso_1769.a(board.o)
 .text.Chip_UART_SendByte
                0x000008a8       0x1c C:\Users\Piotr\Documents\LPCXpresso_7.8.0_426\mouse_threadmill\lpc_board_nxp_lpcxpresso_1769\Debug\liblpc_board_nxp_lpcxpresso_1769.a(board.o)
 .text.Chip_UART_ReadByte
                0x000008c4       0x1c C:\Users\Piotr\Documents\LPCXpresso_7.8.0_426\mouse_threadmill\lpc_board_nxp_lpcxpresso_1769\Debug\liblpc_board_nxp_lpcxpresso_1769.a(board.o)
 .text.Chip_UART_ConfigData
                0x000008e0       0x1c C:\Users\Piotr\Documents\LPCXpresso_7.8.0_426\mouse_threadmill\lpc_board_nxp_lpcxpresso_1769\Debug\liblpc_board_nxp_lpcxpresso_1769.a(board.o)
 .text.Chip_UART_ReadLineStatus
                0x000008fc       0x18 C:\Users\Piotr\Documents\LPCXpresso_7.8.0_426\mouse_threadmill\lpc_board_nxp_lpcxpresso_1769\Debug\liblpc_board_nxp_lpcxpresso_1769.a(board.o)
 .text.__sys_write
                0x00000914       0x38 C:\Users\Piotr\Documents\LPCXpresso_7.8.0_426\mouse_threadmill\lpc_board_nxp_lpcxpresso_1769\Debug\liblpc_board_nxp_lpcxpresso_1769.a(board.o)
                0x00000914                __sys_write
 .text.Board_LED_Init
                0x0000094c       0x18 C:\Users\Piotr\Documents\LPCXpresso_7.8.0_426\mouse_threadmill\lpc_board_nxp_lpcxpresso_1769\Debug\liblpc_board_nxp_lpcxpresso_1769.a(board.o)
 .text.Board_UART_Init
                0x00000964       0x14 C:\Users\Piotr\Documents\LPCXpresso_7.8.0_426\mouse_threadmill\lpc_board_nxp_lpcxpresso_1769\Debug\liblpc_board_nxp_lpcxpresso_1769.a(board.o)
                0x00000964                Board_UART_Init
 .text.Board_Debug_Init
                0x00000978       0x30 C:\Users\Piotr\Documents\LPCXpresso_7.8.0_426\mouse_threadmill\lpc_board_nxp_lpcxpresso_1769\Debug\liblpc_board_nxp_lpcxpresso_1769.a(board.o)
                0x00000978                Board_Debug_Init
 .text.Board_UARTPutChar
                0x000009a8       0x30 C:\Users\Piotr\Documents\LPCXpresso_7.8.0_426\mouse_threadmill\lpc_board_nxp_lpcxpresso_1769\Debug\liblpc_board_nxp_lpcxpresso_1769.a(board.o)
                0x000009a8                Board_UARTPutChar
 .text.Board_UARTGetChar
                0x000009d8       0x2c C:\Users\Piotr\Documents\LPCXpresso_7.8.0_426\mouse_threadmill\lpc_board_nxp_lpcxpresso_1769\Debug\liblpc_board_nxp_lpcxpresso_1769.a(board.o)
                0x000009d8                Board_UARTGetChar
 .text.Board_Init
                0x00000a04       0x24 C:\Users\Piotr\Documents\LPCXpresso_7.8.0_426\mouse_threadmill\lpc_board_nxp_lpcxpresso_1769\Debug\liblpc_board_nxp_lpcxpresso_1769.a(board.o)
                0x00000a04                Board_Init
 .text.Chip_SYSCTL_SetFLASHAccess
                0x00000a28       0x30 C:\Users\Piotr\Documents\LPCXpresso_7.8.0_426\mouse_threadmill\lpc_board_nxp_lpcxpresso_1769\Debug\liblpc_board_nxp_lpcxpresso_1769.a(board_sysinit.o)
 .text.Board_SetupMuxing
                0x00000a58       0x18 C:\Users\Piotr\Documents\LPCXpresso_7.8.0_426\mouse_threadmill\lpc_board_nxp_lpcxpresso_1769\Debug\liblpc_board_nxp_lpcxpresso_1769.a(board_sysinit.o)
                0x00000a58                Board_SetupMuxing
 .text.Board_SetupClocking
                0x00000a70       0x10 C:\Users\Piotr\Documents\LPCXpresso_7.8.0_426\mouse_threadmill\lpc_board_nxp_lpcxpresso_1769\Debug\liblpc_board_nxp_lpcxpresso_1769.a(board_sysinit.o)
                0x00000a70                Board_SetupClocking
 .text.Board_SystemInit
                0x00000a80       0x10 C:\Users\Piotr\Documents\LPCXpresso_7.8.0_426\mouse_threadmill\lpc_board_nxp_lpcxpresso_1769\Debug\liblpc_board_nxp_lpcxpresso_1769.a(board_sysinit.o)
                0x00000a80                Board_SystemInit
 .text.getFullConvClk
                0x00000a90       0x10 C:\Users\Piotr\Documents\LPCXpresso_7.8.0_426\mouse_threadmill\lpc_chip_175x_6x\Debug\liblpc_chip_175x_6x.a(adc_17xx_40xx.o)
 .text.getClkDiv
                0x00000aa0       0x4c C:\Users\Piotr\Documents\LPCXpresso_7.8.0_426\mouse_threadmill\lpc_chip_175x_6x\Debug\liblpc_chip_175x_6x.a(adc_17xx_40xx.o)
 .text.setStartMode
                0x00000aec       0x2c C:\Users\Piotr\Documents\LPCXpresso_7.8.0_426\mouse_threadmill\lpc_chip_175x_6x\Debug\liblpc_chip_175x_6x.a(adc_17xx_40xx.o)
                0x00000aec                setStartMode
 .text.readAdcVal
                0x00000b18       0x44 C:\Users\Piotr\Documents\LPCXpresso_7.8.0_426\mouse_threadmill\lpc_chip_175x_6x\Debug\liblpc_chip_175x_6x.a(adc_17xx_40xx.o)
                0x00000b18                readAdcVal
 .text.Chip_ADC_Init
                0x00000b5c       0x70 C:\Users\Piotr\Documents\LPCXpresso_7.8.0_426\mouse_threadmill\lpc_chip_175x_6x\Debug\liblpc_chip_175x_6x.a(adc_17xx_40xx.o)
                0x00000b5c                Chip_ADC_Init
 .text.Chip_ADC_ReadValue
                0x00000bcc       0x24 C:\Users\Piotr\Documents\LPCXpresso_7.8.0_426\mouse_threadmill\lpc_chip_175x_6x\Debug\liblpc_chip_175x_6x.a(adc_17xx_40xx.o)
                0x00000bcc                Chip_ADC_ReadValue
 .text.Chip_ADC_ReadStatus
                0x00000bf0       0x78 C:\Users\Piotr\Documents\LPCXpresso_7.8.0_426\mouse_threadmill\lpc_chip_175x_6x\Debug\liblpc_chip_175x_6x.a(adc_17xx_40xx.o)
                0x00000bf0                Chip_ADC_ReadStatus
 .text.Chip_ADC_Int_SetChannelCmd
                0x00000c68       0x48 C:\Users\Piotr\Documents\LPCXpresso_7.8.0_426\mouse_threadmill\lpc_chip_175x_6x\Debug\liblpc_chip_175x_6x.a(adc_17xx_40xx.o)
                0x00000c68                Chip_ADC_Int_SetChannelCmd
 .text.Chip_ADC_SetStartMode
                0x00000cb0       0x4c C:\Users\Piotr\Documents\LPCXpresso_7.8.0_426\mouse_threadmill\lpc_chip_175x_6x\Debug\liblpc_chip_175x_6x.a(adc_17xx_40xx.o)
                0x00000cb0                Chip_ADC_SetStartMode
 .text.Chip_ADC_SetSampleRate
                0x00000cfc       0x50 C:\Users\Piotr\Documents\LPCXpresso_7.8.0_426\mouse_threadmill\lpc_chip_175x_6x\Debug\liblpc_chip_175x_6x.a(adc_17xx_40xx.o)
                0x00000cfc                Chip_ADC_SetSampleRate
 .text.Chip_ADC_EnableChannel
                0x00000d4c       0x54 C:\Users\Piotr\Documents\LPCXpresso_7.8.0_426\mouse_threadmill\lpc_chip_175x_6x\Debug\liblpc_chip_175x_6x.a(adc_17xx_40xx.o)
                0x00000d4c                Chip_ADC_EnableChannel
 .text.Chip_ADC_SetBurstCmd
                0x00000da0       0x3c C:\Users\Piotr\Documents\LPCXpresso_7.8.0_426\mouse_threadmill\lpc_chip_175x_6x\Debug\liblpc_chip_175x_6x.a(adc_17xx_40xx.o)
                0x00000da0                Chip_ADC_SetBurstCmd
 .text.SystemCoreClockUpdate
                0x00000ddc       0x14 C:\Users\Piotr\Documents\LPCXpresso_7.8.0_426\mouse_threadmill\lpc_chip_175x_6x\Debug\liblpc_chip_175x_6x.a(chip_17xx_40xx.o)
                0x00000ddc                SystemCoreClockUpdate
 .text.Chip_Clock_IsMainPLLEnabled
                0x00000df0       0x28 C:\Users\Piotr\Documents\LPCXpresso_7.8.0_426\mouse_threadmill\lpc_chip_175x_6x\Debug\liblpc_chip_175x_6x.a(clock_17xx_40xx.o)
 .text.Chip_Clock_IsMainPLLConnected
                0x00000e18       0x28 C:\Users\Piotr\Documents\LPCXpresso_7.8.0_426\mouse_threadmill\lpc_chip_175x_6x\Debug\liblpc_chip_175x_6x.a(clock_17xx_40xx.o)
 .text.Chip_Clock_FeedPLL
                0x00000e40       0x34 C:\Users\Piotr\Documents\LPCXpresso_7.8.0_426\mouse_threadmill\lpc_chip_175x_6x\Debug\liblpc_chip_175x_6x.a(clock_17xx_40xx.o)
 .text.Chip_Clock_GetMainPLLSource
                0x00000e74       0x20 C:\Users\Piotr\Documents\LPCXpresso_7.8.0_426\mouse_threadmill\lpc_chip_175x_6x\Debug\liblpc_chip_175x_6x.a(clock_17xx_40xx.o)
 .text.Chip_Clock_GetMainOscRate
                0x00000e94       0x18 C:\Users\Piotr\Documents\LPCXpresso_7.8.0_426\mouse_threadmill\lpc_chip_175x_6x\Debug\liblpc_chip_175x_6x.a(clock_17xx_40xx.o)
 .text.Chip_Clock_GetIntOscRate
                0x00000eac       0x14 C:\Users\Piotr\Documents\LPCXpresso_7.8.0_426\mouse_threadmill\lpc_chip_175x_6x\Debug\liblpc_chip_175x_6x.a(clock_17xx_40xx.o)
 .text.Chip_Clock_GetRTCOscRate
                0x00000ec0       0x18 C:\Users\Piotr\Documents\LPCXpresso_7.8.0_426\mouse_threadmill\lpc_chip_175x_6x\Debug\liblpc_chip_175x_6x.a(clock_17xx_40xx.o)
 .text.Chip_Clock_GetMainPLLInClockRate
                0x00000ed8       0x10 C:\Users\Piotr\Documents\LPCXpresso_7.8.0_426\mouse_threadmill\lpc_chip_175x_6x\Debug\liblpc_chip_175x_6x.a(clock_17xx_40xx.o)
 .text.Chip_Clock_EnablePLL
                0x00000ee8       0x44 C:\Users\Piotr\Documents\LPCXpresso_7.8.0_426\mouse_threadmill\lpc_chip_175x_6x\Debug\liblpc_chip_175x_6x.a(clock_17xx_40xx.o)
                0x00000ee8                Chip_Clock_EnablePLL
 .text.Chip_Clock_DisablePLL
                0x00000f2c       0x44 C:\Users\Piotr\Documents\LPCXpresso_7.8.0_426\mouse_threadmill\lpc_chip_175x_6x\Debug\liblpc_chip_175x_6x.a(clock_17xx_40xx.o)
                0x00000f2c                Chip_Clock_DisablePLL
 .text.Chip_Clock_SetupPLL
                0x00000f70       0x58 C:\Users\Piotr\Documents\LPCXpresso_7.8.0_426\mouse_threadmill\lpc_chip_175x_6x\Debug\liblpc_chip_175x_6x.a(clock_17xx_40xx.o)
                0x00000f70                Chip_Clock_SetupPLL
 .text.Chip_Clock_EnablePeriphClock
                0x00000fc8       0x34 C:\Users\Piotr\Documents\LPCXpresso_7.8.0_426\mouse_threadmill\lpc_chip_175x_6x\Debug\liblpc_chip_175x_6x.a(clock_17xx_40xx.o)
                0x00000fc8                Chip_Clock_EnablePeriphClock
 .text.Chip_Clock_GetCPUClockSource
                0x00000ffc       0x24 C:\Users\Piotr\Documents\LPCXpresso_7.8.0_426\mouse_threadmill\lpc_chip_175x_6x\Debug\liblpc_chip_175x_6x.a(clock_17xx_40xx.o)
                0x00000ffc                Chip_Clock_GetCPUClockSource
 .text.Chip_Clock_SetCPUClockDiv
                0x00001020       0x20 C:\Users\Piotr\Documents\LPCXpresso_7.8.0_426\mouse_threadmill\lpc_chip_175x_6x\Debug\liblpc_chip_175x_6x.a(clock_17xx_40xx.o)
                0x00001020                Chip_Clock_SetCPUClockDiv
 .text.Chip_Clock_GetCPUClockDiv
                0x00001040       0x1c C:\Users\Piotr\Documents\LPCXpresso_7.8.0_426\mouse_threadmill\lpc_chip_175x_6x\Debug\liblpc_chip_175x_6x.a(clock_17xx_40xx.o)
                0x00001040                Chip_Clock_GetCPUClockDiv
 .text.Chip_Clock_GetPCLKDiv
                0x0000105c       0x90 C:\Users\Piotr\Documents\LPCXpresso_7.8.0_426\mouse_threadmill\lpc_chip_175x_6x\Debug\liblpc_chip_175x_6x.a(clock_17xx_40xx.o)
                0x0000105c                Chip_Clock_GetPCLKDiv
 .text.Chip_Clock_GetSYSCLKRate
                0x000010ec       0x34 C:\Users\Piotr\Documents\LPCXpresso_7.8.0_426\mouse_threadmill\lpc_chip_175x_6x\Debug\liblpc_chip_175x_6x.a(clock_17xx_40xx.o)
                0x000010ec                Chip_Clock_GetSYSCLKRate
 .text.Chip_Clock_GetMainPLLOutClockRate
                0x00001120       0x54 C:\Users\Piotr\Documents\LPCXpresso_7.8.0_426\mouse_threadmill\lpc_chip_175x_6x\Debug\liblpc_chip_175x_6x.a(clock_17xx_40xx.o)
                0x00001120                Chip_Clock_GetMainPLLOutClockRate
 .text.Chip_Clock_GetMainClockRate
                0x00001174       0x28 C:\Users\Piotr\Documents\LPCXpresso_7.8.0_426\mouse_threadmill\lpc_chip_175x_6x\Debug\liblpc_chip_175x_6x.a(clock_17xx_40xx.o)
                0x00001174                Chip_Clock_GetMainClockRate
 .text.Chip_Clock_GetSystemClockRate
                0x0000119c       0x18 C:\Users\Piotr\Documents\LPCXpresso_7.8.0_426\mouse_threadmill\lpc_chip_175x_6x\Debug\liblpc_chip_175x_6x.a(clock_17xx_40xx.o)
                0x0000119c                Chip_Clock_GetSystemClockRate
 .text.Chip_Clock_GetPeripheralClockRate
                0x000011b4       0x28 C:\Users\Piotr\Documents\LPCXpresso_7.8.0_426\mouse_threadmill\lpc_chip_175x_6x\Debug\liblpc_chip_175x_6x.a(clock_17xx_40xx.o)
                0x000011b4                Chip_Clock_GetPeripheralClockRate
 .text.configDMAMux
                0x000011dc       0x64 C:\Users\Piotr\Documents\LPCXpresso_7.8.0_426\mouse_threadmill\lpc_chip_175x_6x\Debug\liblpc_chip_175x_6x.a(gpdma_17xx_40xx.o)
 .text.makeCtrlWord
                0x00001240      0x128 C:\Users\Piotr\Documents\LPCXpresso_7.8.0_426\mouse_threadmill\lpc_chip_175x_6x\Debug\liblpc_chip_175x_6x.a(gpdma_17xx_40xx.o)
                0x00001240                makeCtrlWord
 .text.setupChannel
                0x00001368       0xc0 C:\Users\Piotr\Documents\LPCXpresso_7.8.0_426\mouse_threadmill\lpc_chip_175x_6x\Debug\liblpc_chip_175x_6x.a(gpdma_17xx_40xx.o)
                0x00001368                setupChannel
 .text.Chip_GPDMA_Init
                0x00001428       0x64 C:\Users\Piotr\Documents\LPCXpresso_7.8.0_426\mouse_threadmill\lpc_chip_175x_6x\Debug\liblpc_chip_175x_6x.a(gpdma_17xx_40xx.o)
                0x00001428                Chip_GPDMA_Init
 .text.Chip_GPDMA_Stop
                0x0000148c       0x68 C:\Users\Piotr\Documents\LPCXpresso_7.8.0_426\mouse_threadmill\lpc_chip_175x_6x\Debug\liblpc_chip_175x_6x.a(gpdma_17xx_40xx.o)
                0x0000148c                Chip_GPDMA_Stop
 .text.Chip_GPDMA_Interrupt
                0x000014f4       0x6c C:\Users\Piotr\Documents\LPCXpresso_7.8.0_426\mouse_threadmill\lpc_chip_175x_6x\Debug\liblpc_chip_175x_6x.a(gpdma_17xx_40xx.o)
                0x000014f4                Chip_GPDMA_Interrupt
 .text.Chip_GPDMA_InitChannelCfg
                0x00001560       0xe4 C:\Users\Piotr\Documents\LPCXpresso_7.8.0_426\mouse_threadmill\lpc_chip_175x_6x\Debug\liblpc_chip_175x_6x.a(gpdma_17xx_40xx.o)
                0x00001560                Chip_GPDMA_InitChannelCfg
 .text.Chip_GPDMA_IntGetStatus
                0x00001644       0xc0 C:\Users\Piotr\Documents\LPCXpresso_7.8.0_426\mouse_threadmill\lpc_chip_175x_6x\Debug\liblpc_chip_175x_6x.a(gpdma_17xx_40xx.o)
                0x00001644                Chip_GPDMA_IntGetStatus
 .text.Chip_GPDMA_ClearIntPending
                0x00001704       0x40 C:\Users\Piotr\Documents\LPCXpresso_7.8.0_426\mouse_threadmill\lpc_chip_175x_6x\Debug\liblpc_chip_175x_6x.a(gpdma_17xx_40xx.o)
                0x00001704                Chip_GPDMA_ClearIntPending
 .text.Chip_GPDMA_ChannelCmd
                0x00001744       0x48 C:\Users\Piotr\Documents\LPCXpresso_7.8.0_426\mouse_threadmill\lpc_chip_175x_6x\Debug\liblpc_chip_175x_6x.a(gpdma_17xx_40xx.o)
                0x00001744                Chip_GPDMA_ChannelCmd
 .text.Chip_GPDMA_Transfer
                0x0000178c       0xfc C:\Users\Piotr\Documents\LPCXpresso_7.8.0_426\mouse_threadmill\lpc_chip_175x_6x\Debug\liblpc_chip_175x_6x.a(gpdma_17xx_40xx.o)
                0x0000178c                Chip_GPDMA_Transfer
 .text.Chip_GPDMA_GetFreeChannel
                0x00001888       0x58 C:\Users\Piotr\Documents\LPCXpresso_7.8.0_426\mouse_threadmill\lpc_chip_175x_6x\Debug\liblpc_chip_175x_6x.a(gpdma_17xx_40xx.o)
                0x00001888                Chip_GPDMA_GetFreeChannel
 .text.Chip_IOCON_PinMuxSet
                0x000018e0       0x34 C:\Users\Piotr\Documents\LPCXpresso_7.8.0_426\mouse_threadmill\lpc_chip_175x_6x\Debug\liblpc_chip_175x_6x.a(iocon_17xx_40xx.o)
                0x000018e0                Chip_IOCON_PinMuxSet
 .text.Chip_IOCON_PinMux
                0x00001914       0x94 C:\Users\Piotr\Documents\LPCXpresso_7.8.0_426\mouse_threadmill\lpc_chip_175x_6x\Debug\liblpc_chip_175x_6x.a(iocon_17xx_40xx.o)
                0x00001914                Chip_IOCON_PinMux
 .text.Chip_IOCON_SetPinMuxing
                0x000019a8       0x60 C:\Users\Piotr\Documents\LPCXpresso_7.8.0_426\mouse_threadmill\lpc_chip_175x_6x\Debug\liblpc_chip_175x_6x.a(iocon_17xx_40xx.o)
                0x000019a8                Chip_IOCON_SetPinMuxing
 .text.Chip_Clock_IsMainPLLEnabled
                0x00001a08       0x28 C:\Users\Piotr\Documents\LPCXpresso_7.8.0_426\mouse_threadmill\lpc_chip_175x_6x\Debug\liblpc_chip_175x_6x.a(sysinit_17xx_40xx.o)
 .text.Chip_Clock_IsMainPLLLocked
                0x00001a30       0x28 C:\Users\Piotr\Documents\LPCXpresso_7.8.0_426\mouse_threadmill\lpc_chip_175x_6x\Debug\liblpc_chip_175x_6x.a(sysinit_17xx_40xx.o)
 .text.Chip_Clock_IsMainPLLConnected
                0x00001a58       0x28 C:\Users\Piotr\Documents\LPCXpresso_7.8.0_426\mouse_threadmill\lpc_chip_175x_6x\Debug\liblpc_chip_175x_6x.a(sysinit_17xx_40xx.o)
 .text.Chip_Clock_EnableCrystal
                0x00001a80       0x20 C:\Users\Piotr\Documents\LPCXpresso_7.8.0_426\mouse_threadmill\lpc_chip_175x_6x\Debug\liblpc_chip_175x_6x.a(sysinit_17xx_40xx.o)
 .text.Chip_Clock_IsCrystalEnabled
                0x00001aa0       0x28 C:\Users\Piotr\Documents\LPCXpresso_7.8.0_426\mouse_threadmill\lpc_chip_175x_6x\Debug\liblpc_chip_175x_6x.a(sysinit_17xx_40xx.o)
 .text.Chip_Clock_SetMainPLLSource
                0x00001ac8       0x20 C:\Users\Piotr\Documents\LPCXpresso_7.8.0_426\mouse_threadmill\lpc_chip_175x_6x\Debug\liblpc_chip_175x_6x.a(sysinit_17xx_40xx.o)
 .text.Chip_SetupXtalClocking
                0x00001ae8       0x90 C:\Users\Piotr\Documents\LPCXpresso_7.8.0_426\mouse_threadmill\lpc_chip_175x_6x\Debug\liblpc_chip_175x_6x.a(sysinit_17xx_40xx.o)
                0x00001ae8                Chip_SetupXtalClocking
 .text.Chip_UART_SetupFIFOS
                0x00001b78       0x1c C:\Users\Piotr\Documents\LPCXpresso_7.8.0_426\mouse_threadmill\lpc_chip_175x_6x\Debug\liblpc_chip_175x_6x.a(uart_17xx_40xx.o)
 .text.Chip_UART_ConfigData
                0x00001b94       0x1c C:\Users\Piotr\Documents\LPCXpresso_7.8.0_426\mouse_threadmill\lpc_chip_175x_6x\Debug\liblpc_chip_175x_6x.a(uart_17xx_40xx.o)
 .text.Chip_UART_EnableDivisorAccess
                0x00001bb0       0x20 C:\Users\Piotr\Documents\LPCXpresso_7.8.0_426\mouse_threadmill\lpc_chip_175x_6x\Debug\liblpc_chip_175x_6x.a(uart_17xx_40xx.o)
 .text.Chip_UART_DisableDivisorAccess
                0x00001bd0       0x20 C:\Users\Piotr\Documents\LPCXpresso_7.8.0_426\mouse_threadmill\lpc_chip_175x_6x\Debug\liblpc_chip_175x_6x.a(uart_17xx_40xx.o)
 .text.Chip_UART_SetDivisorLatches
                0x00001bf0       0x28 C:\Users\Piotr\Documents\LPCXpresso_7.8.0_426\mouse_threadmill\lpc_chip_175x_6x\Debug\liblpc_chip_175x_6x.a(uart_17xx_40xx.o)
 .text.Chip_UART_GetClockIndex
                0x00001c18       0x50 C:\Users\Piotr\Documents\LPCXpresso_7.8.0_426\mouse_threadmill\lpc_chip_175x_6x\Debug\liblpc_chip_175x_6x.a(uart_17xx_40xx.o)
 .text.Chip_UART_GetClkIndex
                0x00001c68       0x50 C:\Users\Piotr\Documents\LPCXpresso_7.8.0_426\mouse_threadmill\lpc_chip_175x_6x\Debug\liblpc_chip_175x_6x.a(uart_17xx_40xx.o)
 .text.Chip_UART_Init
                0x00001cb8       0x74 C:\Users\Piotr\Documents\LPCXpresso_7.8.0_426\mouse_threadmill\lpc_chip_175x_6x\Debug\liblpc_chip_175x_6x.a(uart_17xx_40xx.o)
                0x00001cb8                Chip_UART_Init
 .text.Chip_UART_TXEnable
                0x00001d2c       0x18 C:\Users\Piotr\Documents\LPCXpresso_7.8.0_426\mouse_threadmill\lpc_chip_175x_6x\Debug\liblpc_chip_175x_6x.a(uart_17xx_40xx.o)
                0x00001d2c                Chip_UART_TXEnable
 .text.Chip_UART_TXDisable
                0x00001d44       0x18 C:\Users\Piotr\Documents\LPCXpresso_7.8.0_426\mouse_threadmill\lpc_chip_175x_6x\Debug\liblpc_chip_175x_6x.a(uart_17xx_40xx.o)
                0x00001d44                Chip_UART_TXDisable
 .text.Chip_UART_SetBaud
                0x00001d5c       0x64 C:\Users\Piotr\Documents\LPCXpresso_7.8.0_426\mouse_threadmill\lpc_chip_175x_6x\Debug\liblpc_chip_175x_6x.a(uart_17xx_40xx.o)
                0x00001d5c                Chip_UART_SetBaud
 .text.__main   0x00001dc0       0x14 c:/nxp/lpcxpresso_7.8.0_426/lpcxpresso/tools/bin/../lib/gcc/arm-none-eabi/4.9.3/../../../../arm-none-eabi/lib/armv7-m\libcr_nohost.a(_cr__main.o)
                0x00001dc0                __main
 .text.fp_round
                0x00001dd4       0x4a c:/nxp/lpcxpresso_7.8.0_426/lpcxpresso/tools/bin/../lib/gcc/arm-none-eabi/4.9.3/../../../../arm-none-eabi/lib/armv7-m\libcr_c.a(fpprintf.o)
 .text.pr_dec.constprop.1
                0x00001e1e       0x26 c:/nxp/lpcxpresso_7.8.0_426/lpcxpresso/tools/bin/../lib/gcc/arm-none-eabi/4.9.3/../../../../arm-none-eabi/lib/armv7-m\libcr_c.a(fpprintf.o)
 .text.sprintf  0x00001e44       0x6c c:/nxp/lpcxpresso_7.8.0_426/lpcxpresso/tools/bin/../lib/gcc/arm-none-eabi/4.9.3/../../../../arm-none-eabi/lib/armv7-m\libcr_c.a(fpprintf.o)
                0x00001e44                sprintf
 .text.fp_display
                0x00001eb0      0x900 c:/nxp/lpcxpresso_7.8.0_426/lpcxpresso/tools/bin/../lib/gcc/arm-none-eabi/4.9.3/../../../../arm-none-eabi/lib/armv7-m\libcr_c.a(fpprintf.o)
 .text.vsnprintf
                0x000027b0       0x5c c:/nxp/lpcxpresso_7.8.0_426/lpcxpresso/tools/bin/../lib/gcc/arm-none-eabi/4.9.3/../../../../arm-none-eabi/lib/armv7-m\libcr_c.a(fpprintf.o)
                0x000027b0                vsnprintf
 .text.printf   0x0000280c       0x54 c:/nxp/lpcxpresso_7.8.0_426/lpcxpresso/tools/bin/../lib/gcc/arm-none-eabi/4.9.3/../../../../arm-none-eabi/lib/armv7-m\libcr_c.a(fpprintf.o)
                0x0000280c                printf
 .text._initio  0x00002860       0xa4 c:/nxp/lpcxpresso_7.8.0_426/lpcxpresso/tools/bin/../lib/gcc/arm-none-eabi/4.9.3/../../../../arm-none-eabi/lib/armv7-m\libcr_c.a(initio.o)
                0x00002860                _initio
 .text.__vfprintf
                0x00002904      0xca4 c:/nxp/lpcxpresso_7.8.0_426/lpcxpresso/tools/bin/../lib/gcc/arm-none-eabi/4.9.3/../../../../arm-none-eabi/lib/armv7-m\libcr_c.a(printf.o)
                0x00002904                __vfprintf
 .text.setvbuf  0x000035a8       0x40 c:/nxp/lpcxpresso_7.8.0_426/lpcxpresso/tools/bin/../lib/gcc/arm-none-eabi/4.9.3/../../../../arm-none-eabi/lib/armv7-m\libcr_c.a(setvbuf.o)
                0x000035a8                setvbuf
 .text.strlen   0x000035e8       0x4a c:/nxp/lpcxpresso_7.8.0_426/lpcxpresso/tools/bin/../lib/gcc/arm-none-eabi/4.9.3/../../../../arm-none-eabi/lib/armv7-m\libcr_c.a(strlen.o)
                0x000035e8                strlen
 .text.memset   0x00003632        0x4 c:/nxp/lpcxpresso_7.8.0_426/lpcxpresso/tools/bin/../lib/gcc/arm-none-eabi/4.9.3/../../../../arm-none-eabi/lib/armv7-m\libcr_c.a(memset.o)
                0x00003632                memset
 .text._deferredlazyseek
                0x00003636       0x44 c:/nxp/lpcxpresso_7.8.0_426/lpcxpresso/tools/bin/../lib/gcc/arm-none-eabi/4.9.3/../../../../arm-none-eabi/lib/armv7-m\libcr_c.a(_deferredlazyseek.o)
                0x00003636                _deferredlazyseek
 .text.__flsbuf
                0x0000367a      0x142 c:/nxp/lpcxpresso_7.8.0_426/lpcxpresso/tools/bin/../lib/gcc/arm-none-eabi/4.9.3/../../../../arm-none-eabi/lib/armv7-m\libcr_c.a(_deferredlazyseek.o)
                0x0000367a                __flsbuf
 .text._fdopen  0x000037bc       0x6a c:/nxp/lpcxpresso_7.8.0_426/lpcxpresso/tools/bin/../lib/gcc/arm-none-eabi/4.9.3/../../../../arm-none-eabi/lib/armv7-m\libcr_c.a(_fdopen.o)
                0x000037bc                _fdopen
 .text._fflush  0x00003826       0x58 c:/nxp/lpcxpresso_7.8.0_426/lpcxpresso/tools/bin/../lib/gcc/arm-none-eabi/4.9.3/../../../../arm-none-eabi/lib/armv7-m\libcr_c.a(_fflush.o)
                0x00003826                _fflush
 .text._frexpl  0x0000387e       0x5a c:/nxp/lpcxpresso_7.8.0_426/lpcxpresso/tools/bin/../lib/gcc/arm-none-eabi/4.9.3/../../../../arm-none-eabi/lib/armv7-m\libcr_c.a(_frexpl.o)
                0x0000387e                _frexpl
 .text._ldexpl  0x000038d8       0x4c c:/nxp/lpcxpresso_7.8.0_426/lpcxpresso/tools/bin/../lib/gcc/arm-none-eabi/4.9.3/../../../../arm-none-eabi/lib/armv7-m\libcr_c.a(_ldexpl.o)
                0x000038d8                _ldexpl
 .text._Cwritebuf
                0x00003924       0x68 c:/nxp/lpcxpresso_7.8.0_426/lpcxpresso/tools/bin/../lib/gcc/arm-none-eabi/4.9.3/../../../../arm-none-eabi/lib/armv7-m\libcr_c.a(_writebuf.o)
                0x00003924                _Cwritebuf
 .text.malloc   0x0000398c       0xcc c:/nxp/lpcxpresso_7.8.0_426/lpcxpresso/tools/bin/../lib/gcc/arm-none-eabi/4.9.3/../../../../arm-none-eabi/lib/armv7-m\libcr_c.a(alloc.o)
                0x0000398c                malloc
 .text.free     0x00003a58       0x30 c:/nxp/lpcxpresso_7.8.0_426/lpcxpresso/tools/bin/../lib/gcc/arm-none-eabi/4.9.3/../../../../arm-none-eabi/lib/armv7-m\libcr_c.a(alloc.o)
                0x00003a58                free
 .text._Csys_alloc
                0x00003a88       0x20 c:/nxp/lpcxpresso_7.8.0_426/lpcxpresso/tools/bin/../lib/gcc/arm-none-eabi/4.9.3/../../../../arm-none-eabi/lib/armv7-m\libcr_c.a(alloc.o)
                0x00003a88                _Csys_alloc
 .text.fclose   0x00003aa8       0x6c c:/nxp/lpcxpresso_7.8.0_426/lpcxpresso/tools/bin/../lib/gcc/arm-none-eabi/4.9.3/../../../../arm-none-eabi/lib/armv7-m\libcr_c.a(fclose.o)
                0x00003aa8                fclose
 .text.fflush   0x00003b14       0x30 c:/nxp/lpcxpresso_7.8.0_426/lpcxpresso/tools/bin/../lib/gcc/arm-none-eabi/4.9.3/../../../../arm-none-eabi/lib/armv7-m\libcr_c.a(fflush.o)
                0x00003b14                fflush
 .text.fseek    0x00003b44      0x110 c:/nxp/lpcxpresso_7.8.0_426/lpcxpresso/tools/bin/../lib/gcc/arm-none-eabi/4.9.3/../../../../arm-none-eabi/lib/armv7-m\libcr_c.a(fseek.o)
                0x00003b44                fseek
 .text.ftell    0x00003c54       0x4c c:/nxp/lpcxpresso_7.8.0_426/lpcxpresso/tools/bin/../lib/gcc/arm-none-eabi/4.9.3/../../../../arm-none-eabi/lib/armv7-m\libcr_c.a(ftell.o)
                0x00003c54                ftell
 .text.remove   0x00003ca0       0x14 c:/nxp/lpcxpresso_7.8.0_426/lpcxpresso/tools/bin/../lib/gcc/arm-none-eabi/4.9.3/../../../../arm-none-eabi/lib/armv7-m\libcr_c.a(remove.o)
                0x00003ca0                remove
 .text._sbrk    0x00003cb4       0x40 c:/nxp/lpcxpresso_7.8.0_426/lpcxpresso/tools/bin/../lib/gcc/arm-none-eabi/4.9.3/../../../../arm-none-eabi/lib/armv7-m\libcr_c.a(_cr_sbrk.o)
                0x00003cb4                _sbrk
 .text._do_fflush
                0x00003cf4       0x44 c:/nxp/lpcxpresso_7.8.0_426/lpcxpresso/tools/bin/../lib/gcc/arm-none-eabi/4.9.3/../../../../arm-none-eabi/lib/armv7-m\libcr_c.a(_do_fflush.o)
                0x00003cf4                _do_fflush
 .text.__check_heap_overflow
                0x00003d38       0x18 c:/nxp/lpcxpresso_7.8.0_426/lpcxpresso/tools/bin/../lib/gcc/arm-none-eabi/4.9.3/../../../../arm-none-eabi/lib/armv7-m\libcr_c.a(_cr_check_heap.o)
                0x00003d38                __check_heap_overflow
 .text.__aeabi_dmul
                0x00003d50      0x120 c:/nxp/lpcxpresso_7.8.0_426/lpcxpresso/tools/bin/../lib/gcc/arm-none-eabi/4.9.3/armv7-m\libcr_eabihelpers.a(double.o)
                0x00003d50                __aeabi_dmul
 .text.__aeabi_ddiv
                0x00003e70      0x150 c:/nxp/lpcxpresso_7.8.0_426/lpcxpresso/tools/bin/../lib/gcc/arm-none-eabi/4.9.3/armv7-m\libcr_eabihelpers.a(double.o)
                0x00003e70                __aeabi_ddiv
 .text.__aeabi_dsub
                0x00003fc0      0x1d8 c:/nxp/lpcxpresso_7.8.0_426/lpcxpresso/tools/bin/../lib/gcc/arm-none-eabi/4.9.3/armv7-m\libcr_eabihelpers.a(double.o)
                0x00003fc0                __aeabi_dsub
 .text.__aeabi_dadd
                0x00004198      0x134 c:/nxp/lpcxpresso_7.8.0_426/lpcxpresso/tools/bin/../lib/gcc/arm-none-eabi/4.9.3/armv7-m\libcr_eabihelpers.a(double.o)
                0x00004198                __aeabi_dadd
 .text.__aeabi_d2iz
                0x000042cc       0x40 c:/nxp/lpcxpresso_7.8.0_426/lpcxpresso/tools/bin/../lib/gcc/arm-none-eabi/4.9.3/armv7-m\libcr_eabihelpers.a(double.o)
                0x000042cc                __aeabi_d2iz
 .text.__bhs_ui2d
                0x0000430c       0x48 c:/nxp/lpcxpresso_7.8.0_426/lpcxpresso/tools/bin/../lib/gcc/arm-none-eabi/4.9.3/armv7-m\libcr_eabihelpers.a(double.o)
                0x0000430c                __bhs_ui2d
 .text.__aeabi_i2d
                0x00004354       0x14 c:/nxp/lpcxpresso_7.8.0_426/lpcxpresso/tools/bin/../lib/gcc/arm-none-eabi/4.9.3/armv7-m\libcr_eabihelpers.a(double.o)
                0x00004354                __aeabi_i2d
 .text.__aeabi_dcmpeq
                0x00004368       0x2c c:/nxp/lpcxpresso_7.8.0_426/lpcxpresso/tools/bin/../lib/gcc/arm-none-eabi/4.9.3/armv7-m\libcr_eabihelpers.a(double.o)
                0x00004368                __aeabi_dcmpeq
 .text.__aeabi_dcmplt
                0x00004394       0x5c c:/nxp/lpcxpresso_7.8.0_426/lpcxpresso/tools/bin/../lib/gcc/arm-none-eabi/4.9.3/armv7-m\libcr_eabihelpers.a(double.o)
                0x00004394                __aeabi_dcmplt
 .text.__aeabi_dcmple
                0x000043f0       0x5c c:/nxp/lpcxpresso_7.8.0_426/lpcxpresso/tools/bin/../lib/gcc/arm-none-eabi/4.9.3/armv7-m\libcr_eabihelpers.a(double.o)
                0x000043f0                __aeabi_dcmple
 .text.__aeabi_dcmpge
                0x0000444c       0x5c c:/nxp/lpcxpresso_7.8.0_426/lpcxpresso/tools/bin/../lib/gcc/arm-none-eabi/4.9.3/armv7-m\libcr_eabihelpers.a(double.o)
                0x0000444c                __aeabi_dcmpge
 .text.__aeabi_memset_lowlevel
                0x000044a8       0x32 c:/nxp/lpcxpresso_7.8.0_426/lpcxpresso/tools/bin/../lib/gcc/arm-none-eabi/4.9.3/armv7-m\libcr_eabihelpers.a(memcpy.o)
                0x000044a8                __aeabi_lowlevel_memset
 .text.__sys_appexit
                0x000044da        0x2 c:/nxp/lpcxpresso_7.8.0_426/lpcxpresso/tools/bin/../lib/gcc/arm-none-eabi/4.9.3/../../../../arm-none-eabi/lib/armv7-m\libcr_nohost.a(__sys_appexit.o)
                0x000044da                __sys_appexit
                0x000044da                __exit
 .text.__sys_close
                0x000044dc        0x6 c:/nxp/lpcxpresso_7.8.0_426/lpcxpresso/tools/bin/../lib/gcc/arm-none-eabi/4.9.3/../../../../arm-none-eabi/lib/armv7-m\libcr_nohost.a(__sys_close.o)
                0x000044dc                __sys_close
 .text.__sys_flen
                0x000044e2        0x6 c:/nxp/lpcxpresso_7.8.0_426/lpcxpresso/tools/bin/../lib/gcc/arm-none-eabi/4.9.3/../../../../arm-none-eabi/lib/armv7-m\libcr_nohost.a(__sys_flen.o)
                0x000044e2                __sys_flen
 .text.__sys_istty
                0x000044e8        0x6 c:/nxp/lpcxpresso_7.8.0_426/lpcxpresso/tools/bin/../lib/gcc/arm-none-eabi/4.9.3/../../../../arm-none-eabi/lib/armv7-m\libcr_nohost.a(__sys_istty.o)
                0x000044e8                __sys_istty
 .text.__sys_remove
                0x000044ee        0x6 c:/nxp/lpcxpresso_7.8.0_426/lpcxpresso/tools/bin/../lib/gcc/arm-none-eabi/4.9.3/../../../../arm-none-eabi/lib/armv7-m\libcr_nohost.a(__sys_remove.o)
                0x000044ee                __sys_remove
 .text.__sys_seek
                0x000044f4        0x6 c:/nxp/lpcxpresso_7.8.0_426/lpcxpresso/tools/bin/../lib/gcc/arm-none-eabi/4.9.3/../../../../arm-none-eabi/lib/armv7-m\libcr_nohost.a(__sys_seek.o)
                0x000044f4                __sys_seek
 .text.__sys_tmpnam
                0x000044fa        0x6 c:/nxp/lpcxpresso_7.8.0_426/lpcxpresso/tools/bin/../lib/gcc/arm-none-eabi/4.9.3/../../../../arm-none-eabi/lib/armv7-m\libcr_nohost.a(__sys_tmpnam.o)
                0x000044fa                __sys_tmpnam
 *(.rodata .rodata.* .constdata .constdata.*)
 .rodata        0x00004500       0x78 ./example/src/adc.o
 .rodata.OscRateIn
                0x00004578        0x4 C:\Users\Piotr\Documents\LPCXpresso_7.8.0_426\mouse_threadmill\lpc_board_nxp_lpcxpresso_1769\Debug\liblpc_board_nxp_lpcxpresso_1769.a(board.o)
                0x00004578                OscRateIn
 .rodata.RTCOscRateIn
                0x0000457c        0x4 C:\Users\Piotr\Documents\LPCXpresso_7.8.0_426\mouse_threadmill\lpc_board_nxp_lpcxpresso_1769\Debug\liblpc_board_nxp_lpcxpresso_1769.a(board.o)
                0x0000457c                RTCOscRateIn
 .rodata.pinmuxing
                0x00004580       0x5c C:\Users\Piotr\Documents\LPCXpresso_7.8.0_426\mouse_threadmill\lpc_board_nxp_lpcxpresso_1769\Debug\liblpc_board_nxp_lpcxpresso_1769.a(board_sysinit.o)
 .rodata.GPDMA_LUTPerBurst
                0x000045dc       0x18 C:\Users\Piotr\Documents\LPCXpresso_7.8.0_426\mouse_threadmill\lpc_chip_175x_6x\Debug\liblpc_chip_175x_6x.a(gpdma_17xx_40xx.o)
                0x000045dc                GPDMA_LUTPerBurst
 .rodata.GPDMA_LUTPerWid
                0x000045f4       0x18 C:\Users\Piotr\Documents\LPCXpresso_7.8.0_426\mouse_threadmill\lpc_chip_175x_6x\Debug\liblpc_chip_175x_6x.a(gpdma_17xx_40xx.o)
                0x000045f4                GPDMA_LUTPerWid
 .rodata.str1.1
                0x0000460c       0x34 c:/nxp/lpcxpresso_7.8.0_426/lpcxpresso/tools/bin/../lib/gcc/arm-none-eabi/4.9.3/../../../../arm-none-eabi/lib/armv7-m\libcr_c.a(fpprintf.o)
                                 0x35 (size before relaxing)
 .rodata.str1.1
                0x00004640        0x4 c:/nxp/lpcxpresso_7.8.0_426/lpcxpresso/tools/bin/../lib/gcc/arm-none-eabi/4.9.3/../../../../arm-none-eabi/lib/armv7-m\libcr_c.a(initio.o)
 .rodata.str1.1
                0x00004644       0x31 c:/nxp/lpcxpresso_7.8.0_426/lpcxpresso/tools/bin/../lib/gcc/arm-none-eabi/4.9.3/../../../../arm-none-eabi/lib/armv7-m\libcr_c.a(printf.o)
                                 0x38 (size before relaxing)
 .rodata.str1.1
                0x00004675       0x18 c:/nxp/lpcxpresso_7.8.0_426/lpcxpresso/tools/bin/../lib/gcc/arm-none-eabi/4.9.3/../../../../arm-none-eabi/lib/armv7-m\libcr_c.a(alloc.o)
 *fill*         0x0000468d        0x3 
 .rodata.__huge_vall
                0x00004690        0x8 c:/nxp/lpcxpresso_7.8.0_426/lpcxpresso/tools/bin/../lib/gcc/arm-none-eabi/4.9.3/../../../../arm-none-eabi/lib/armv7-m\libcr_c.a(_hugeval.o)
                0x00004690                __huge_vall
                0x00004698                . = ALIGN (0x4)

.glue_7         0x00004698        0x0
 .glue_7        0x00000000        0x0 linker stubs

.glue_7t        0x00004698        0x0
 .glue_7t       0x00000000        0x0 linker stubs

.vfp11_veneer   0x00004698        0x0
 .vfp11_veneer  0x00000000        0x0 linker stubs

.v4_bx          0x00004698        0x0
 .v4_bx         0x00000000        0x0 linker stubs

.iplt           0x00004698        0x0
 .iplt          0x00000000        0x0 ./example/src/adc.o

.rel.dyn        0x00004698        0x0
 .rel.iplt      0x00000000        0x0 ./example/src/adc.o

.ARM.extab
 *(.ARM.extab* .gnu.linkonce.armextab.*)
                0x00004698                __exidx_start = .

.ARM.exidx
 *(.ARM.exidx* .gnu.linkonce.armexidx.*)
                0x00004698                __exidx_end = .
                0x00004698                _etext = .

.data_RAM2      0x2007c000        0x0 load address 0x00004698
 FILL mask 0xff
                0x2007c000                PROVIDE (__start_data_RAM2, .)
 *(.ramfunc.$RAM2)
 *(.ramfunc.$RamAHB32)
 *(.data.$RAM2*)
 *(.data.$RamAHB32*)
                0x2007c000                . = ALIGN (0x4)
                0x2007c000                PROVIDE (__end_data_RAM2, .)

.uninit_RESERVED
                0x10000000        0x0
 *(.bss.$RESERVED*)
                0x10000000                . = ALIGN (0x4)
                0x10000000                _end_uninit_RESERVED = .

.data           0x10000000      0x180 load address 0x00004698
 FILL mask 0xff
                0x10000000                _data = .
 *(vtable)
 *(.ramfunc*)
 *(.data*)
 .data.WelcomeMenu
                0x10000000       0xb8 ./example/src/adc.o
 .data.SelectMenu
                0x100000b8       0x68 ./example/src/adc.o
 .data.GPDMA_LUTPerAddr
                0x10000120       0x60 C:\Users\Piotr\Documents\LPCXpresso_7.8.0_426\mouse_threadmill\lpc_chip_175x_6x\Debug\liblpc_chip_175x_6x.a(gpdma_17xx_40xx.o)
                0x10000120                GPDMA_LUTPerAddr
                0x10000180                . = ALIGN (0x4)
                0x10000180                _edata = .

.igot.plt       0x10000180        0x0 load address 0x00004818
 .igot.plt      0x00000000        0x0 ./example/src/adc.o

.bss_RAM2       0x2007c000        0x0
                0x2007c000                PROVIDE (__start_bss_RAM2, .)
 *(.bss.$RAM2*)
 *(.bss.$RamAHB32*)
                0x2007c000                . = ALIGN (0x4)
                0x2007c000                PROVIDE (__end_bss_RAM2, .)

.bss            0x10000180      0x170
                0x10000180                _bss = .
 *(.bss*)
 .bss.ADCSetup  0x10000180        0x8 ./example/src/adc.o
 .bss.Burst_Mode_Flag
                0x10000188        0x1 ./example/src/adc.o
 .bss.Interrupt_Continue_Flag
                0x10000189        0x1 ./example/src/adc.o
 .bss.ADC_Interrupt_Done_Flag
                0x1000018a        0x1 ./example/src/adc.o
 .bss.channelTC
                0x1000018b        0x1 ./example/src/adc.o
 .bss.dmaChannelNum
                0x1000018c        0x1 ./example/src/adc.o
 *fill*         0x1000018d        0x3 
 .bss.ChannelHandlerArray
                0x10000190        0x8 C:\Users\Piotr\Documents\LPCXpresso_7.8.0_426\mouse_threadmill\lpc_chip_175x_6x\Debug\liblpc_chip_175x_6x.a(gpdma_17xx_40xx.o)
 .bss.errno     0x10000198        0x4 c:/nxp/lpcxpresso_7.8.0_426/lpcxpresso/tools/bin/../lib/gcc/arm-none-eabi/4.9.3/../../../../arm-none-eabi/lib/armv7-m\libcr_c.a(errno.o)
                0x10000198                errno
 *(COMMON)
 COMMON         0x1000019c        0x4 ./example/src/adc.o
                0x1000019c                DMAbuffer
 COMMON         0x100001a0        0x4 C:\Users\Piotr\Documents\LPCXpresso_7.8.0_426\mouse_threadmill\lpc_chip_175x_6x\Debug\liblpc_chip_175x_6x.a(chip_17xx_40xx.o)
                0x100001a0                SystemCoreClock
 COMMON         0x100001a4        0x4 c:/nxp/lpcxpresso_7.8.0_426/lpcxpresso/tools/bin/../lib/gcc/arm-none-eabi/4.9.3/../../../../arm-none-eabi/lib/armv7-m\libcr_c.a(initio.o)
                0x100001a4                _extra
 COMMON         0x100001a8      0x140 c:/nxp/lpcxpresso_7.8.0_426/lpcxpresso/tools/bin/../lib/gcc/arm-none-eabi/4.9.3/../../../../arm-none-eabi/lib/armv7-m\libcr_c.a(stdio.o)
                0x100001a8                __Ciob
 COMMON         0x100002e8        0x8 c:/nxp/lpcxpresso_7.8.0_426/lpcxpresso/tools/bin/../lib/gcc/arm-none-eabi/4.9.3/../../../../arm-none-eabi/lib/armv7-m\libcr_c.a(__init_alloc.o)
                0x100002e8                __heaps
                0x100002ec                __end_of_heap
                0x100002f0                . = ALIGN (0x4)
                0x100002f0                _ebss = .
                0x100002f0                PROVIDE (end, .)

.noinit_RAM2    0x2007c000        0x0
 *(.noinit.$RAM2*)
 *(.noinit.$RamAHB32*)
                0x2007c000                . = ALIGN (0x4)

.noinit         0x100002f0        0x0
                0x100002f0                _noinit = .
 *(.noinit*)
                0x100002f0                . = ALIGN (0x4)
                0x100002f0                _end_noinit = .
                0x100002f0                PROVIDE (_pvHeapStart, DEFINED (__user_heap_base)?__user_heap_base:.)
                0x10008000                PROVIDE (_vStackTop, DEFINED (__user_stack_top)?__user_stack_top:(__top_RamLoc32 - 0x0))
OUTPUT(periph_adc.axf elf32-littlearm)

.debug_info     0x00000000     0x6892
 .debug_info    0x00000000      0xb0c ./example/src/adc.o
 .debug_info    0x00000b0c      0x24b ./example/src/cr_startup_lpc175x_6x.o
 .debug_info    0x00000d57      0x110 ./example/src/sysinit.o
 .debug_info    0x00000e67     0x1392 C:\Users\Piotr\Documents\LPCXpresso_7.8.0_426\mouse_threadmill\lpc_board_nxp_lpcxpresso_1769\Debug\liblpc_board_nxp_lpcxpresso_1769.a(board.o)
 .debug_info    0x000021f9      0x558 C:\Users\Piotr\Documents\LPCXpresso_7.8.0_426\mouse_threadmill\lpc_board_nxp_lpcxpresso_1769\Debug\liblpc_board_nxp_lpcxpresso_1769.a(board_sysinit.o)
 .debug_info    0x00002751      0x869 C:\Users\Piotr\Documents\LPCXpresso_7.8.0_426\mouse_threadmill\lpc_chip_175x_6x\Debug\liblpc_chip_175x_6x.a(adc_17xx_40xx.o)
 .debug_info    0x00002fba      0x50a C:\Users\Piotr\Documents\LPCXpresso_7.8.0_426\mouse_threadmill\lpc_chip_175x_6x\Debug\liblpc_chip_175x_6x.a(chip_17xx_40xx.o)
 .debug_info    0x000034c4      0xb46 C:\Users\Piotr\Documents\LPCXpresso_7.8.0_426\mouse_threadmill\lpc_chip_175x_6x\Debug\liblpc_chip_175x_6x.a(clock_17xx_40xx.o)
 .debug_info    0x0000400a     0x12c5 C:\Users\Piotr\Documents\LPCXpresso_7.8.0_426\mouse_threadmill\lpc_chip_175x_6x\Debug\liblpc_chip_175x_6x.a(gpdma_17xx_40xx.o)
 .debug_info    0x000052cf      0x2d9 C:\Users\Piotr\Documents\LPCXpresso_7.8.0_426\mouse_threadmill\lpc_chip_175x_6x\Debug\liblpc_chip_175x_6x.a(iocon_17xx_40xx.o)
 .debug_info    0x000055a8      0x431 C:\Users\Piotr\Documents\LPCXpresso_7.8.0_426\mouse_threadmill\lpc_chip_175x_6x\Debug\liblpc_chip_175x_6x.a(sysinit_17xx_40xx.o)
 .debug_info    0x000059d9      0xeb9 C:\Users\Piotr\Documents\LPCXpresso_7.8.0_426\mouse_threadmill\lpc_chip_175x_6x\Debug\liblpc_chip_175x_6x.a(uart_17xx_40xx.o)

.debug_abbrev   0x00000000     0x1664
 .debug_abbrev  0x00000000      0x23e ./example/src/adc.o
 .debug_abbrev  0x0000023e       0xf5 ./example/src/cr_startup_lpc175x_6x.o
 .debug_abbrev  0x00000333       0xa3 ./example/src/sysinit.o
 .debug_abbrev  0x000003d6      0x373 C:\Users\Piotr\Documents\LPCXpresso_7.8.0_426\mouse_threadmill\lpc_board_nxp_lpcxpresso_1769\Debug\liblpc_board_nxp_lpcxpresso_1769.a(board.o)
 .debug_abbrev  0x00000749      0x15a C:\Users\Piotr\Documents\LPCXpresso_7.8.0_426\mouse_threadmill\lpc_board_nxp_lpcxpresso_1769\Debug\liblpc_board_nxp_lpcxpresso_1769.a(board_sysinit.o)
 .debug_abbrev  0x000008a3      0x1b6 C:\Users\Piotr\Documents\LPCXpresso_7.8.0_426\mouse_threadmill\lpc_chip_175x_6x\Debug\liblpc_chip_175x_6x.a(adc_17xx_40xx.o)
 .debug_abbrev  0x00000a59      0x138 C:\Users\Piotr\Documents\LPCXpresso_7.8.0_426\mouse_threadmill\lpc_chip_175x_6x\Debug\liblpc_chip_175x_6x.a(chip_17xx_40xx.o)
 .debug_abbrev  0x00000b91      0x2e4 C:\Users\Piotr\Documents\LPCXpresso_7.8.0_426\mouse_threadmill\lpc_chip_175x_6x\Debug\liblpc_chip_175x_6x.a(clock_17xx_40xx.o)
 .debug_abbrev  0x00000e75      0x276 C:\Users\Piotr\Documents\LPCXpresso_7.8.0_426\mouse_threadmill\lpc_chip_175x_6x\Debug\liblpc_chip_175x_6x.a(gpdma_17xx_40xx.o)
 .debug_abbrev  0x000010eb      0x126 C:\Users\Piotr\Documents\LPCXpresso_7.8.0_426\mouse_threadmill\lpc_chip_175x_6x\Debug\liblpc_chip_175x_6x.a(iocon_17xx_40xx.o)
 .debug_abbrev  0x00001211      0x171 C:\Users\Piotr\Documents\LPCXpresso_7.8.0_426\mouse_threadmill\lpc_chip_175x_6x\Debug\liblpc_chip_175x_6x.a(sysinit_17xx_40xx.o)
 .debug_abbrev  0x00001382      0x2e2 C:\Users\Piotr\Documents\LPCXpresso_7.8.0_426\mouse_threadmill\lpc_chip_175x_6x\Debug\liblpc_chip_175x_6x.a(uart_17xx_40xx.o)

.debug_aranges  0x00000000      0x6c8
 .debug_aranges
                0x00000000       0x68 ./example/src/adc.o
 .debug_aranges
                0x00000068       0x80 ./example/src/cr_startup_lpc175x_6x.o
 .debug_aranges
                0x000000e8       0x20 ./example/src/sysinit.o
 .debug_aranges
                0x00000108      0x160 C:\Users\Piotr\Documents\LPCXpresso_7.8.0_426\mouse_threadmill\lpc_board_nxp_lpcxpresso_1769\Debug\liblpc_board_nxp_lpcxpresso_1769.a(board.o)
 .debug_aranges
                0x00000268       0x38 C:\Users\Piotr\Documents\LPCXpresso_7.8.0_426\mouse_threadmill\lpc_board_nxp_lpcxpresso_1769\Debug\liblpc_board_nxp_lpcxpresso_1769.a(board_sysinit.o)
 .debug_aranges
                0x000002a0       0x88 C:\Users\Piotr\Documents\LPCXpresso_7.8.0_426\mouse_threadmill\lpc_chip_175x_6x\Debug\liblpc_chip_175x_6x.a(adc_17xx_40xx.o)
 .debug_aranges
                0x00000328       0x38 C:\Users\Piotr\Documents\LPCXpresso_7.8.0_426\mouse_threadmill\lpc_chip_175x_6x\Debug\liblpc_chip_175x_6x.a(chip_17xx_40xx.o)
 .debug_aranges
                0x00000360      0x120 C:\Users\Piotr\Documents\LPCXpresso_7.8.0_426\mouse_threadmill\lpc_chip_175x_6x\Debug\liblpc_chip_175x_6x.a(clock_17xx_40xx.o)
 .debug_aranges
                0x00000480       0x90 C:\Users\Piotr\Documents\LPCXpresso_7.8.0_426\mouse_threadmill\lpc_chip_175x_6x\Debug\liblpc_chip_175x_6x.a(gpdma_17xx_40xx.o)
 .debug_aranges
                0x00000510       0x30 C:\Users\Piotr\Documents\LPCXpresso_7.8.0_426\mouse_threadmill\lpc_chip_175x_6x\Debug\liblpc_chip_175x_6x.a(iocon_17xx_40xx.o)
 .debug_aranges
                0x00000540       0x60 C:\Users\Piotr\Documents\LPCXpresso_7.8.0_426\mouse_threadmill\lpc_chip_175x_6x\Debug\liblpc_chip_175x_6x.a(sysinit_17xx_40xx.o)
 .debug_aranges
                0x000005a0      0x128 C:\Users\Piotr\Documents\LPCXpresso_7.8.0_426\mouse_threadmill\lpc_chip_175x_6x\Debug\liblpc_chip_175x_6x.a(uart_17xx_40xx.o)

.debug_ranges   0x00000000      0x608
 .debug_ranges  0x00000000       0x58 ./example/src/adc.o
 .debug_ranges  0x00000058       0x70 ./example/src/cr_startup_lpc175x_6x.o
 .debug_ranges  0x000000c8       0x10 ./example/src/sysinit.o
 .debug_ranges  0x000000d8      0x150 C:\Users\Piotr\Documents\LPCXpresso_7.8.0_426\mouse_threadmill\lpc_board_nxp_lpcxpresso_1769\Debug\liblpc_board_nxp_lpcxpresso_1769.a(board.o)
 .debug_ranges  0x00000228       0x28 C:\Users\Piotr\Documents\LPCXpresso_7.8.0_426\mouse_threadmill\lpc_board_nxp_lpcxpresso_1769\Debug\liblpc_board_nxp_lpcxpresso_1769.a(board_sysinit.o)
 .debug_ranges  0x00000250       0x78 C:\Users\Piotr\Documents\LPCXpresso_7.8.0_426\mouse_threadmill\lpc_chip_175x_6x\Debug\liblpc_chip_175x_6x.a(adc_17xx_40xx.o)
 .debug_ranges  0x000002c8       0x28 C:\Users\Piotr\Documents\LPCXpresso_7.8.0_426\mouse_threadmill\lpc_chip_175x_6x\Debug\liblpc_chip_175x_6x.a(chip_17xx_40xx.o)
 .debug_ranges  0x000002f0      0x110 C:\Users\Piotr\Documents\LPCXpresso_7.8.0_426\mouse_threadmill\lpc_chip_175x_6x\Debug\liblpc_chip_175x_6x.a(clock_17xx_40xx.o)
 .debug_ranges  0x00000400       0x80 C:\Users\Piotr\Documents\LPCXpresso_7.8.0_426\mouse_threadmill\lpc_chip_175x_6x\Debug\liblpc_chip_175x_6x.a(gpdma_17xx_40xx.o)
 .debug_ranges  0x00000480       0x20 C:\Users\Piotr\Documents\LPCXpresso_7.8.0_426\mouse_threadmill\lpc_chip_175x_6x\Debug\liblpc_chip_175x_6x.a(iocon_17xx_40xx.o)
 .debug_ranges  0x000004a0       0x50 C:\Users\Piotr\Documents\LPCXpresso_7.8.0_426\mouse_threadmill\lpc_chip_175x_6x\Debug\liblpc_chip_175x_6x.a(sysinit_17xx_40xx.o)
 .debug_ranges  0x000004f0      0x118 C:\Users\Piotr\Documents\LPCXpresso_7.8.0_426\mouse_threadmill\lpc_chip_175x_6x\Debug\liblpc_chip_175x_6x.a(uart_17xx_40xx.o)

.debug_macro    0x00000000     0x5706
 .debug_macro   0x00000000      0x23a ./example/src/adc.o
 .debug_macro   0x0000023a      0x87a ./example/src/adc.o
 .debug_macro   0x00000ab4       0x10 ./example/src/adc.o
 .debug_macro   0x00000ac4      0x12d ./example/src/adc.o
 .debug_macro   0x00000bf1      0x5b2 ./example/src/adc.o
 .debug_macro   0x000011a3       0x22 ./example/src/adc.o
 .debug_macro   0x000011c5       0x7b ./example/src/adc.o
 .debug_macro   0x00001240       0x10 ./example/src/adc.o
 .debug_macro   0x00001250       0x2d ./example/src/adc.o
 .debug_macro   0x0000127d       0x3a ./example/src/adc.o
 .debug_macro   0x000012b7       0x2d ./example/src/adc.o
 .debug_macro   0x000012e4      0xbb1 ./example/src/adc.o
 .debug_macro   0x00001e95      0x233 ./example/src/adc.o
 .debug_macro   0x000020c8       0x42 ./example/src/adc.o
 .debug_macro   0x0000210a       0x52 ./example/src/adc.o
 .debug_macro   0x0000215c       0x78 ./example/src/adc.o
 .debug_macro   0x000021d4       0x82 ./example/src/adc.o
 .debug_macro   0x00002256      0x48c ./example/src/adc.o
 .debug_macro   0x000026e2       0x34 ./example/src/adc.o
 .debug_macro   0x00002716      0x4c5 ./example/src/adc.o
 .debug_macro   0x00002bdb      0x1b7 ./example/src/adc.o
 .debug_macro   0x00002d92       0x10 ./example/src/adc.o
 .debug_macro   0x00002da2      0x21b ./example/src/adc.o
 .debug_macro   0x00002fbd      0x1b9 ./example/src/adc.o
 .debug_macro   0x00003176       0x40 ./example/src/adc.o
 .debug_macro   0x000031b6       0x22 ./example/src/adc.o
 .debug_macro   0x000031d8      0x162 ./example/src/adc.o
 .debug_macro   0x0000333a       0x94 ./example/src/adc.o
 .debug_macro   0x000033ce       0xb8 ./example/src/adc.o
 .debug_macro   0x00003486       0x4c ./example/src/adc.o
 .debug_macro   0x000034d2       0x16 ./example/src/adc.o
 .debug_macro   0x000034e8      0x328 ./example/src/adc.o
 .debug_macro   0x00003810       0x49 ./example/src/adc.o
 .debug_macro   0x00003859       0x16 ./example/src/adc.o
 .debug_macro   0x0000386f       0xca ./example/src/adc.o
 .debug_macro   0x00003939       0x18 ./example/src/adc.o
 .debug_macro   0x00003951       0x70 ./example/src/adc.o
 .debug_macro   0x000039c1       0x9a ./example/src/adc.o
 .debug_macro   0x00003a5b       0x20 ./example/src/adc.o
 .debug_macro   0x00003a7b       0x28 ./example/src/adc.o
 .debug_macro   0x00003aa3       0x1d ./example/src/cr_startup_lpc175x_6x.o
 .debug_macro   0x00003ac0      0x222 ./example/src/sysinit.o
 .debug_macro   0x00003ce2      0x294 C:\Users\Piotr\Documents\LPCXpresso_7.8.0_426\mouse_threadmill\lpc_board_nxp_lpcxpresso_1769\Debug\liblpc_board_nxp_lpcxpresso_1769.a(board.o)
 .debug_macro   0x00003f76      0x874 C:\Users\Piotr\Documents\LPCXpresso_7.8.0_426\mouse_threadmill\lpc_board_nxp_lpcxpresso_1769\Debug\liblpc_board_nxp_lpcxpresso_1769.a(board.o)
 .debug_macro   0x000047ea       0x12 C:\Users\Piotr\Documents\LPCXpresso_7.8.0_426\mouse_threadmill\lpc_board_nxp_lpcxpresso_1769\Debug\liblpc_board_nxp_lpcxpresso_1769.a(board.o)
 .debug_macro   0x000047fc      0x222 C:\Users\Piotr\Documents\LPCXpresso_7.8.0_426\mouse_threadmill\lpc_board_nxp_lpcxpresso_1769\Debug\liblpc_board_nxp_lpcxpresso_1769.a(board_sysinit.o)
 .debug_macro   0x00004a1e      0x1d8 C:\Users\Piotr\Documents\LPCXpresso_7.8.0_426\mouse_threadmill\lpc_chip_175x_6x\Debug\liblpc_chip_175x_6x.a(adc_17xx_40xx.o)
 .debug_macro   0x00004bf6      0x1d8 C:\Users\Piotr\Documents\LPCXpresso_7.8.0_426\mouse_threadmill\lpc_chip_175x_6x\Debug\liblpc_chip_175x_6x.a(chip_17xx_40xx.o)
 .debug_macro   0x00004dce      0x1d8 C:\Users\Piotr\Documents\LPCXpresso_7.8.0_426\mouse_threadmill\lpc_chip_175x_6x\Debug\liblpc_chip_175x_6x.a(clock_17xx_40xx.o)
 .debug_macro   0x00004fa6      0x1d8 C:\Users\Piotr\Documents\LPCXpresso_7.8.0_426\mouse_threadmill\lpc_chip_175x_6x\Debug\liblpc_chip_175x_6x.a(gpdma_17xx_40xx.o)
 .debug_macro   0x0000517e      0x1d8 C:\Users\Piotr\Documents\LPCXpresso_7.8.0_426\mouse_threadmill\lpc_chip_175x_6x\Debug\liblpc_chip_175x_6x.a(iocon_17xx_40xx.o)
 .debug_macro   0x00005356      0x1d8 C:\Users\Piotr\Documents\LPCXpresso_7.8.0_426\mouse_threadmill\lpc_chip_175x_6x\Debug\liblpc_chip_175x_6x.a(sysinit_17xx_40xx.o)
 .debug_macro   0x0000552e      0x1d8 C:\Users\Piotr\Documents\LPCXpresso_7.8.0_426\mouse_threadmill\lpc_chip_175x_6x\Debug\liblpc_chip_175x_6x.a(uart_17xx_40xx.o)

.debug_line     0x00000000     0x40c5
 .debug_line    0x00000000      0x634 ./example/src/adc.o
 .debug_line    0x00000634       0xdd ./example/src/cr_startup_lpc175x_6x.o
 .debug_line    0x00000711      0x4be ./example/src/sysinit.o
 .debug_line    0x00000bcf      0x869 C:\Users\Piotr\Documents\LPCXpresso_7.8.0_426\mouse_threadmill\lpc_board_nxp_lpcxpresso_1769\Debug\liblpc_board_nxp_lpcxpresso_1769.a(board.o)
 .debug_line    0x00001438      0x4f6 C:\Users\Piotr\Documents\LPCXpresso_7.8.0_426\mouse_threadmill\lpc_board_nxp_lpcxpresso_1769\Debug\liblpc_board_nxp_lpcxpresso_1769.a(board_sysinit.o)
 .debug_line    0x0000192e      0x548 C:\Users\Piotr\Documents\LPCXpresso_7.8.0_426\mouse_threadmill\lpc_chip_175x_6x\Debug\liblpc_chip_175x_6x.a(adc_17xx_40xx.o)
 .debug_line    0x00001e76      0x473 C:\Users\Piotr\Documents\LPCXpresso_7.8.0_426\mouse_threadmill\lpc_chip_175x_6x\Debug\liblpc_chip_175x_6x.a(chip_17xx_40xx.o)
 .debug_line    0x000022e9      0x6ea C:\Users\Piotr\Documents\LPCXpresso_7.8.0_426\mouse_threadmill\lpc_chip_175x_6x\Debug\liblpc_chip_175x_6x.a(clock_17xx_40xx.o)
 .debug_line    0x000029d3      0x612 C:\Users\Piotr\Documents\LPCXpresso_7.8.0_426\mouse_threadmill\lpc_chip_175x_6x\Debug\liblpc_chip_175x_6x.a(gpdma_17xx_40xx.o)
 .debug_line    0x00002fe5      0x45f C:\Users\Piotr\Documents\LPCXpresso_7.8.0_426\mouse_threadmill\lpc_chip_175x_6x\Debug\liblpc_chip_175x_6x.a(iocon_17xx_40xx.o)
 .debug_line    0x00003444      0x4e9 C:\Users\Piotr\Documents\LPCXpresso_7.8.0_426\mouse_threadmill\lpc_chip_175x_6x\Debug\liblpc_chip_175x_6x.a(sysinit_17xx_40xx.o)
 .debug_line    0x0000392d      0x798 C:\Users\Piotr\Documents\LPCXpresso_7.8.0_426\mouse_threadmill\lpc_chip_175x_6x\Debug\liblpc_chip_175x_6x.a(uart_17xx_40xx.o)

.debug_str      0x00000000    0x13859
 .debug_str     0x00000000    0x11336 ./example/src/adc.o
                              0x11478 (size before relaxing)
 .debug_str     0x00011336      0x1ca ./example/src/cr_startup_lpc175x_6x.o
                               0x2655 (size before relaxing)
 .debug_str     0x00011500       0x23 ./example/src/sysinit.o
                              0x10a43 (size before relaxing)
 .debug_str     0x00011523      0xd1c C:\Users\Piotr\Documents\LPCXpresso_7.8.0_426\mouse_threadmill\lpc_board_nxp_lpcxpresso_1769\Debug\liblpc_board_nxp_lpcxpresso_1769.a(board.o)
                              0x1191c (size before relaxing)
 .debug_str     0x0001223f      0x22d C:\Users\Piotr\Documents\LPCXpresso_7.8.0_426\mouse_threadmill\lpc_board_nxp_lpcxpresso_1769\Debug\liblpc_board_nxp_lpcxpresso_1769.a(board_sysinit.o)
                              0x10e56 (size before relaxing)
 .debug_str     0x0001246c      0x436 C:\Users\Piotr\Documents\LPCXpresso_7.8.0_426\mouse_threadmill\lpc_chip_175x_6x\Debug\liblpc_chip_175x_6x.a(adc_17xx_40xx.o)
                              0x10df0 (size before relaxing)
 .debug_str     0x000128a2       0x83 C:\Users\Piotr\Documents\LPCXpresso_7.8.0_426\mouse_threadmill\lpc_chip_175x_6x\Debug\liblpc_chip_175x_6x.a(chip_17xx_40xx.o)
                              0x10b4d (size before relaxing)
 .debug_str     0x00012925      0x623 C:\Users\Piotr\Documents\LPCXpresso_7.8.0_426\mouse_threadmill\lpc_chip_175x_6x\Debug\liblpc_chip_175x_6x.a(clock_17xx_40xx.o)
                              0x111bb (size before relaxing)
 .debug_str     0x00012f48      0x452 C:\Users\Piotr\Documents\LPCXpresso_7.8.0_426\mouse_threadmill\lpc_chip_175x_6x\Debug\liblpc_chip_175x_6x.a(gpdma_17xx_40xx.o)
                              0x11280 (size before relaxing)
 .debug_str     0x0001339a       0x74 C:\Users\Piotr\Documents\LPCXpresso_7.8.0_426\mouse_threadmill\lpc_chip_175x_6x\Debug\liblpc_chip_175x_6x.a(iocon_17xx_40xx.o)
                              0x10638 (size before relaxing)
 .debug_str     0x0001340e       0xc4 C:\Users\Piotr\Documents\LPCXpresso_7.8.0_426\mouse_threadmill\lpc_chip_175x_6x\Debug\liblpc_chip_175x_6x.a(sysinit_17xx_40xx.o)
                              0x10820 (size before relaxing)
 .debug_str     0x000134d2      0x387 C:\Users\Piotr\Documents\LPCXpresso_7.8.0_426\mouse_threadmill\lpc_chip_175x_6x\Debug\liblpc_chip_175x_6x.a(uart_17xx_40xx.o)
                              0x11090 (size before relaxing)

.comment        0x00000000       0xe0
 .comment       0x00000000       0x70 ./example/src/adc.o
                                 0x71 (size before relaxing)
 .comment       0x00000000       0x71 ./example/src/cr_startup_lpc175x_6x.o
 .comment       0x00000000       0x71 ./example/src/sysinit.o
 .comment       0x00000000       0x71 C:\Users\Piotr\Documents\LPCXpresso_7.8.0_426\mouse_threadmill\lpc_board_nxp_lpcxpresso_1769\Debug\liblpc_board_nxp_lpcxpresso_1769.a(board.o)
 .comment       0x00000000       0x71 C:\Users\Piotr\Documents\LPCXpresso_7.8.0_426\mouse_threadmill\lpc_board_nxp_lpcxpresso_1769\Debug\liblpc_board_nxp_lpcxpresso_1769.a(board_sysinit.o)
 .comment       0x00000000       0x71 C:\Users\Piotr\Documents\LPCXpresso_7.8.0_426\mouse_threadmill\lpc_chip_175x_6x\Debug\liblpc_chip_175x_6x.a(adc_17xx_40xx.o)
 .comment       0x00000000       0x71 C:\Users\Piotr\Documents\LPCXpresso_7.8.0_426\mouse_threadmill\lpc_chip_175x_6x\Debug\liblpc_chip_175x_6x.a(chip_17xx_40xx.o)
 .comment       0x00000000       0x71 C:\Users\Piotr\Documents\LPCXpresso_7.8.0_426\mouse_threadmill\lpc_chip_175x_6x\Debug\liblpc_chip_175x_6x.a(clock_17xx_40xx.o)
 .comment       0x00000000       0x71 C:\Users\Piotr\Documents\LPCXpresso_7.8.0_426\mouse_threadmill\lpc_chip_175x_6x\Debug\liblpc_chip_175x_6x.a(gpdma_17xx_40xx.o)
 .comment       0x00000000       0x71 C:\Users\Piotr\Documents\LPCXpresso_7.8.0_426\mouse_threadmill\lpc_chip_175x_6x\Debug\liblpc_chip_175x_6x.a(iocon_17xx_40xx.o)
 .comment       0x00000000       0x71 C:\Users\Piotr\Documents\LPCXpresso_7.8.0_426\mouse_threadmill\lpc_chip_175x_6x\Debug\liblpc_chip_175x_6x.a(sysinit_17xx_40xx.o)
 .comment       0x00000000       0x71 C:\Users\Piotr\Documents\LPCXpresso_7.8.0_426\mouse_threadmill\lpc_chip_175x_6x\Debug\liblpc_chip_175x_6x.a(uart_17xx_40xx.o)
 .comment       0x00000070       0x70 c:/nxp/lpcxpresso_7.8.0_426/lpcxpresso/tools/bin/../lib/gcc/arm-none-eabi/4.9.3/../../../../arm-none-eabi/lib/armv7-m\libcr_nohost.a(_cr__main.o)
                                 0x71 (size before relaxing)
 .comment       0x00000000       0x71 c:/nxp/lpcxpresso_7.8.0_426/lpcxpresso/tools/bin/../lib/gcc/arm-none-eabi/4.9.3/../../../../arm-none-eabi/lib/armv7-m\libcr_c.a(fpprintf.o)
 .comment       0x00000000       0x71 c:/nxp/lpcxpresso_7.8.0_426/lpcxpresso/tools/bin/../lib/gcc/arm-none-eabi/4.9.3/../../../../arm-none-eabi/lib/armv7-m\libcr_c.a(initio.o)
 .comment       0x00000000       0x71 c:/nxp/lpcxpresso_7.8.0_426/lpcxpresso/tools/bin/../lib/gcc/arm-none-eabi/4.9.3/../../../../arm-none-eabi/lib/armv7-m\libcr_c.a(printf.o)
 .comment       0x00000000       0x71 c:/nxp/lpcxpresso_7.8.0_426/lpcxpresso/tools/bin/../lib/gcc/arm-none-eabi/4.9.3/../../../../arm-none-eabi/lib/armv7-m\libcr_c.a(setvbuf.o)
 .comment       0x00000000       0x71 c:/nxp/lpcxpresso_7.8.0_426/lpcxpresso/tools/bin/../lib/gcc/arm-none-eabi/4.9.3/../../../../arm-none-eabi/lib/armv7-m\libcr_c.a(stdio.o)
 .comment       0x00000000       0x71 c:/nxp/lpcxpresso_7.8.0_426/lpcxpresso/tools/bin/../lib/gcc/arm-none-eabi/4.9.3/../../../../arm-none-eabi/lib/armv7-m\libcr_c.a(strlen.o)
 .comment       0x00000000       0x71 c:/nxp/lpcxpresso_7.8.0_426/lpcxpresso/tools/bin/../lib/gcc/arm-none-eabi/4.9.3/../../../../arm-none-eabi/lib/armv7-m\libcr_c.a(memset.o)
 .comment       0x00000000       0x71 c:/nxp/lpcxpresso_7.8.0_426/lpcxpresso/tools/bin/../lib/gcc/arm-none-eabi/4.9.3/../../../../arm-none-eabi/lib/armv7-m\libcr_c.a(_deferredlazyseek.o)
 .comment       0x00000000       0x71 c:/nxp/lpcxpresso_7.8.0_426/lpcxpresso/tools/bin/../lib/gcc/arm-none-eabi/4.9.3/../../../../arm-none-eabi/lib/armv7-m\libcr_c.a(_fdopen.o)
 .comment       0x00000000       0x71 c:/nxp/lpcxpresso_7.8.0_426/lpcxpresso/tools/bin/../lib/gcc/arm-none-eabi/4.9.3/../../../../arm-none-eabi/lib/armv7-m\libcr_c.a(_fflush.o)
 .comment       0x00000000       0x71 c:/nxp/lpcxpresso_7.8.0_426/lpcxpresso/tools/bin/../lib/gcc/arm-none-eabi/4.9.3/../../../../arm-none-eabi/lib/armv7-m\libcr_c.a(_frexpl.o)
 .comment       0x00000000       0x71 c:/nxp/lpcxpresso_7.8.0_426/lpcxpresso/tools/bin/../lib/gcc/arm-none-eabi/4.9.3/../../../../arm-none-eabi/lib/armv7-m\libcr_c.a(_ldexpl.o)
 .comment       0x00000000       0x71 c:/nxp/lpcxpresso_7.8.0_426/lpcxpresso/tools/bin/../lib/gcc/arm-none-eabi/4.9.3/../../../../arm-none-eabi/lib/armv7-m\libcr_c.a(_writebuf.o)
 .comment       0x00000000       0x71 c:/nxp/lpcxpresso_7.8.0_426/lpcxpresso/tools/bin/../lib/gcc/arm-none-eabi/4.9.3/../../../../arm-none-eabi/lib/armv7-m\libcr_c.a(alloc.o)
 .comment       0x00000000       0x71 c:/nxp/lpcxpresso_7.8.0_426/lpcxpresso/tools/bin/../lib/gcc/arm-none-eabi/4.9.3/../../../../arm-none-eabi/lib/armv7-m\libcr_c.a(errno.o)
 .comment       0x00000000       0x71 c:/nxp/lpcxpresso_7.8.0_426/lpcxpresso/tools/bin/../lib/gcc/arm-none-eabi/4.9.3/../../../../arm-none-eabi/lib/armv7-m\libcr_c.a(fclose.o)
 .comment       0x00000000       0x71 c:/nxp/lpcxpresso_7.8.0_426/lpcxpresso/tools/bin/../lib/gcc/arm-none-eabi/4.9.3/../../../../arm-none-eabi/lib/armv7-m\libcr_c.a(fflush.o)
 .comment       0x00000000       0x71 c:/nxp/lpcxpresso_7.8.0_426/lpcxpresso/tools/bin/../lib/gcc/arm-none-eabi/4.9.3/../../../../arm-none-eabi/lib/armv7-m\libcr_c.a(fseek.o)
 .comment       0x00000000       0x71 c:/nxp/lpcxpresso_7.8.0_426/lpcxpresso/tools/bin/../lib/gcc/arm-none-eabi/4.9.3/../../../../arm-none-eabi/lib/armv7-m\libcr_c.a(ftell.o)
 .comment       0x00000000       0x71 c:/nxp/lpcxpresso_7.8.0_426/lpcxpresso/tools/bin/../lib/gcc/arm-none-eabi/4.9.3/../../../../arm-none-eabi/lib/armv7-m\libcr_c.a(remove.o)
 .comment       0x00000000       0x71 c:/nxp/lpcxpresso_7.8.0_426/lpcxpresso/tools/bin/../lib/gcc/arm-none-eabi/4.9.3/../../../../arm-none-eabi/lib/armv7-m\libcr_c.a(__init_alloc.o)
 .comment       0x00000000       0x71 c:/nxp/lpcxpresso_7.8.0_426/lpcxpresso/tools/bin/../lib/gcc/arm-none-eabi/4.9.3/../../../../arm-none-eabi/lib/armv7-m\libcr_c.a(_cr_sbrk.o)
 .comment       0x00000000       0x71 c:/nxp/lpcxpresso_7.8.0_426/lpcxpresso/tools/bin/../lib/gcc/arm-none-eabi/4.9.3/../../../../arm-none-eabi/lib/armv7-m\libcr_c.a(_do_fflush.o)
 .comment       0x00000000       0x71 c:/nxp/lpcxpresso_7.8.0_426/lpcxpresso/tools/bin/../lib/gcc/arm-none-eabi/4.9.3/../../../../arm-none-eabi/lib/armv7-m\libcr_c.a(_hugeval.o)
 .comment       0x00000000       0x71 c:/nxp/lpcxpresso_7.8.0_426/lpcxpresso/tools/bin/../lib/gcc/arm-none-eabi/4.9.3/../../../../arm-none-eabi/lib/armv7-m\libcr_c.a(_cr_check_heap.o)
 .comment       0x00000000       0x71 c:/nxp/lpcxpresso_7.8.0_426/lpcxpresso/tools/bin/../lib/gcc/arm-none-eabi/4.9.3/armv7-m\libcr_eabihelpers.a(double.o)
 .comment       0x00000000       0x71 c:/nxp/lpcxpresso_7.8.0_426/lpcxpresso/tools/bin/../lib/gcc/arm-none-eabi/4.9.3/../../../../arm-none-eabi/lib/armv7-m\libcr_nohost.a(__sys_appexit.o)
 .comment       0x00000000       0x71 c:/nxp/lpcxpresso_7.8.0_426/lpcxpresso/tools/bin/../lib/gcc/arm-none-eabi/4.9.3/../../../../arm-none-eabi/lib/armv7-m\libcr_nohost.a(__sys_close.o)
 .comment       0x00000000       0x71 c:/nxp/lpcxpresso_7.8.0_426/lpcxpresso/tools/bin/../lib/gcc/arm-none-eabi/4.9.3/../../../../arm-none-eabi/lib/armv7-m\libcr_nohost.a(__sys_flen.o)
 .comment       0x00000000       0x71 c:/nxp/lpcxpresso_7.8.0_426/lpcxpresso/tools/bin/../lib/gcc/arm-none-eabi/4.9.3/../../../../arm-none-eabi/lib/armv7-m\libcr_nohost.a(__sys_istty.o)
 .comment       0x00000000       0x71 c:/nxp/lpcxpresso_7.8.0_426/lpcxpresso/tools/bin/../lib/gcc/arm-none-eabi/4.9.3/../../../../arm-none-eabi/lib/armv7-m\libcr_nohost.a(__sys_remove.o)
 .comment       0x00000000       0x71 c:/nxp/lpcxpresso_7.8.0_426/lpcxpresso/tools/bin/../lib/gcc/arm-none-eabi/4.9.3/../../../../arm-none-eabi/lib/armv7-m\libcr_nohost.a(__sys_seek.o)
 .comment       0x00000000       0x71 c:/nxp/lpcxpresso_7.8.0_426/lpcxpresso/tools/bin/../lib/gcc/arm-none-eabi/4.9.3/../../../../arm-none-eabi/lib/armv7-m\libcr_nohost.a(__sys_tmpnam.o)

.ARM.attributes
                0x00000000       0x31
 .ARM.attributes
                0x00000000       0x33 ./example/src/adc.o
 .ARM.attributes
                0x00000033       0x33 ./example/src/cr_startup_lpc175x_6x.o
 .ARM.attributes
                0x00000066       0x33 ./example/src/sysinit.o
 .ARM.attributes
                0x00000099       0x33 C:\Users\Piotr\Documents\LPCXpresso_7.8.0_426\mouse_threadmill\lpc_board_nxp_lpcxpresso_1769\Debug\liblpc_board_nxp_lpcxpresso_1769.a(board.o)
 .ARM.attributes
                0x000000cc       0x33 C:\Users\Piotr\Documents\LPCXpresso_7.8.0_426\mouse_threadmill\lpc_board_nxp_lpcxpresso_1769\Debug\liblpc_board_nxp_lpcxpresso_1769.a(board_sysinit.o)
 .ARM.attributes
                0x000000ff       0x33 C:\Users\Piotr\Documents\LPCXpresso_7.8.0_426\mouse_threadmill\lpc_chip_175x_6x\Debug\liblpc_chip_175x_6x.a(adc_17xx_40xx.o)
 .ARM.attributes
                0x00000132       0x33 C:\Users\Piotr\Documents\LPCXpresso_7.8.0_426\mouse_threadmill\lpc_chip_175x_6x\Debug\liblpc_chip_175x_6x.a(chip_17xx_40xx.o)
 .ARM.attributes
                0x00000165       0x33 C:\Users\Piotr\Documents\LPCXpresso_7.8.0_426\mouse_threadmill\lpc_chip_175x_6x\Debug\liblpc_chip_175x_6x.a(clock_17xx_40xx.o)
 .ARM.attributes
                0x00000198       0x33 C:\Users\Piotr\Documents\LPCXpresso_7.8.0_426\mouse_threadmill\lpc_chip_175x_6x\Debug\liblpc_chip_175x_6x.a(gpdma_17xx_40xx.o)
 .ARM.attributes
                0x000001cb       0x33 C:\Users\Piotr\Documents\LPCXpresso_7.8.0_426\mouse_threadmill\lpc_chip_175x_6x\Debug\liblpc_chip_175x_6x.a(iocon_17xx_40xx.o)
 .ARM.attributes
                0x000001fe       0x33 C:\Users\Piotr\Documents\LPCXpresso_7.8.0_426\mouse_threadmill\lpc_chip_175x_6x\Debug\liblpc_chip_175x_6x.a(sysinit_17xx_40xx.o)
 .ARM.attributes
                0x00000231       0x33 C:\Users\Piotr\Documents\LPCXpresso_7.8.0_426\mouse_threadmill\lpc_chip_175x_6x\Debug\liblpc_chip_175x_6x.a(uart_17xx_40xx.o)
 .ARM.attributes
                0x00000264       0x33 c:/nxp/lpcxpresso_7.8.0_426/lpcxpresso/tools/bin/../lib/gcc/arm-none-eabi/4.9.3/../../../../arm-none-eabi/lib/armv7-m\libcr_nohost.a(_cr__main.o)
 .ARM.attributes
                0x00000297       0x33 c:/nxp/lpcxpresso_7.8.0_426/lpcxpresso/tools/bin/../lib/gcc/arm-none-eabi/4.9.3/../../../../arm-none-eabi/lib/armv7-m\libcr_c.a(fpprintf.o)
 .ARM.attributes
                0x000002ca       0x33 c:/nxp/lpcxpresso_7.8.0_426/lpcxpresso/tools/bin/../lib/gcc/arm-none-eabi/4.9.3/../../../../arm-none-eabi/lib/armv7-m\libcr_c.a(initio.o)
 .ARM.attributes
                0x000002fd       0x33 c:/nxp/lpcxpresso_7.8.0_426/lpcxpresso/tools/bin/../lib/gcc/arm-none-eabi/4.9.3/../../../../arm-none-eabi/lib/armv7-m\libcr_c.a(printf.o)
 .ARM.attributes
                0x00000330       0x33 c:/nxp/lpcxpresso_7.8.0_426/lpcxpresso/tools/bin/../lib/gcc/arm-none-eabi/4.9.3/../../../../arm-none-eabi/lib/armv7-m\libcr_c.a(setvbuf.o)
 .ARM.attributes
                0x00000363       0x33 c:/nxp/lpcxpresso_7.8.0_426/lpcxpresso/tools/bin/../lib/gcc/arm-none-eabi/4.9.3/../../../../arm-none-eabi/lib/armv7-m\libcr_c.a(stdio.o)
 .ARM.attributes
                0x00000396       0x33 c:/nxp/lpcxpresso_7.8.0_426/lpcxpresso/tools/bin/../lib/gcc/arm-none-eabi/4.9.3/../../../../arm-none-eabi/lib/armv7-m\libcr_c.a(strlen.o)
 .ARM.attributes
                0x000003c9       0x33 c:/nxp/lpcxpresso_7.8.0_426/lpcxpresso/tools/bin/../lib/gcc/arm-none-eabi/4.9.3/../../../../arm-none-eabi/lib/armv7-m\libcr_c.a(memset.o)
 .ARM.attributes
                0x000003fc       0x33 c:/nxp/lpcxpresso_7.8.0_426/lpcxpresso/tools/bin/../lib/gcc/arm-none-eabi/4.9.3/../../../../arm-none-eabi/lib/armv7-m\libcr_c.a(_deferredlazyseek.o)
 .ARM.attributes
                0x0000042f       0x33 c:/nxp/lpcxpresso_7.8.0_426/lpcxpresso/tools/bin/../lib/gcc/arm-none-eabi/4.9.3/../../../../arm-none-eabi/lib/armv7-m\libcr_c.a(_fdopen.o)
 .ARM.attributes
                0x00000462       0x33 c:/nxp/lpcxpresso_7.8.0_426/lpcxpresso/tools/bin/../lib/gcc/arm-none-eabi/4.9.3/../../../../arm-none-eabi/lib/armv7-m\libcr_c.a(_fflush.o)
 .ARM.attributes
                0x00000495       0x33 c:/nxp/lpcxpresso_7.8.0_426/lpcxpresso/tools/bin/../lib/gcc/arm-none-eabi/4.9.3/../../../../arm-none-eabi/lib/armv7-m\libcr_c.a(_frexpl.o)
 .ARM.attributes
                0x000004c8       0x33 c:/nxp/lpcxpresso_7.8.0_426/lpcxpresso/tools/bin/../lib/gcc/arm-none-eabi/4.9.3/../../../../arm-none-eabi/lib/armv7-m\libcr_c.a(_ldexpl.o)
 .ARM.attributes
                0x000004fb       0x33 c:/nxp/lpcxpresso_7.8.0_426/lpcxpresso/tools/bin/../lib/gcc/arm-none-eabi/4.9.3/../../../../arm-none-eabi/lib/armv7-m\libcr_c.a(_writebuf.o)
 .ARM.attributes
                0x0000052e       0x33 c:/nxp/lpcxpresso_7.8.0_426/lpcxpresso/tools/bin/../lib/gcc/arm-none-eabi/4.9.3/../../../../arm-none-eabi/lib/armv7-m\libcr_c.a(alloc.o)
 .ARM.attributes
                0x00000561       0x33 c:/nxp/lpcxpresso_7.8.0_426/lpcxpresso/tools/bin/../lib/gcc/arm-none-eabi/4.9.3/../../../../arm-none-eabi/lib/armv7-m\libcr_c.a(errno.o)
 .ARM.attributes
                0x00000594       0x33 c:/nxp/lpcxpresso_7.8.0_426/lpcxpresso/tools/bin/../lib/gcc/arm-none-eabi/4.9.3/../../../../arm-none-eabi/lib/armv7-m\libcr_c.a(fclose.o)
 .ARM.attributes
                0x000005c7       0x33 c:/nxp/lpcxpresso_7.8.0_426/lpcxpresso/tools/bin/../lib/gcc/arm-none-eabi/4.9.3/../../../../arm-none-eabi/lib/armv7-m\libcr_c.a(fflush.o)
 .ARM.attributes
                0x000005fa       0x33 c:/nxp/lpcxpresso_7.8.0_426/lpcxpresso/tools/bin/../lib/gcc/arm-none-eabi/4.9.3/../../../../arm-none-eabi/lib/armv7-m\libcr_c.a(fseek.o)
 .ARM.attributes
                0x0000062d       0x33 c:/nxp/lpcxpresso_7.8.0_426/lpcxpresso/tools/bin/../lib/gcc/arm-none-eabi/4.9.3/../../../../arm-none-eabi/lib/armv7-m\libcr_c.a(ftell.o)
 .ARM.attributes
                0x00000660       0x33 c:/nxp/lpcxpresso_7.8.0_426/lpcxpresso/tools/bin/../lib/gcc/arm-none-eabi/4.9.3/../../../../arm-none-eabi/lib/armv7-m\libcr_c.a(remove.o)
 .ARM.attributes
                0x00000693       0x33 c:/nxp/lpcxpresso_7.8.0_426/lpcxpresso/tools/bin/../lib/gcc/arm-none-eabi/4.9.3/../../../../arm-none-eabi/lib/armv7-m\libcr_c.a(__init_alloc.o)
 .ARM.attributes
                0x000006c6       0x33 c:/nxp/lpcxpresso_7.8.0_426/lpcxpresso/tools/bin/../lib/gcc/arm-none-eabi/4.9.3/../../../../arm-none-eabi/lib/armv7-m\libcr_c.a(_cr_sbrk.o)
 .ARM.attributes
                0x000006f9       0x33 c:/nxp/lpcxpresso_7.8.0_426/lpcxpresso/tools/bin/../lib/gcc/arm-none-eabi/4.9.3/../../../../arm-none-eabi/lib/armv7-m\libcr_c.a(_do_fflush.o)
 .ARM.attributes
                0x0000072c       0x33 c:/nxp/lpcxpresso_7.8.0_426/lpcxpresso/tools/bin/../lib/gcc/arm-none-eabi/4.9.3/../../../../arm-none-eabi/lib/armv7-m\libcr_c.a(_hugeval.o)
 .ARM.attributes
                0x0000075f       0x33 c:/nxp/lpcxpresso_7.8.0_426/lpcxpresso/tools/bin/../lib/gcc/arm-none-eabi/4.9.3/../../../../arm-none-eabi/lib/armv7-m\libcr_c.a(_cr_check_heap.o)
 .ARM.attributes
                0x00000792       0x33 c:/nxp/lpcxpresso_7.8.0_426/lpcxpresso/tools/bin/../lib/gcc/arm-none-eabi/4.9.3/armv7-m\libcr_eabihelpers.a(double.o)
 .ARM.attributes
                0x000007c5       0x21 c:/nxp/lpcxpresso_7.8.0_426/lpcxpresso/tools/bin/../lib/gcc/arm-none-eabi/4.9.3/armv7-m\libcr_eabihelpers.a(memcpy.o)
 .ARM.attributes
                0x000007e6       0x33 c:/nxp/lpcxpresso_7.8.0_426/lpcxpresso/tools/bin/../lib/gcc/arm-none-eabi/4.9.3/../../../../arm-none-eabi/lib/armv7-m\libcr_nohost.a(__sys_appexit.o)
 .ARM.attributes
                0x00000819       0x33 c:/nxp/lpcxpresso_7.8.0_426/lpcxpresso/tools/bin/../lib/gcc/arm-none-eabi/4.9.3/../../../../arm-none-eabi/lib/armv7-m\libcr_nohost.a(__sys_close.o)
 .ARM.attributes
                0x0000084c       0x33 c:/nxp/lpcxpresso_7.8.0_426/lpcxpresso/tools/bin/../lib/gcc/arm-none-eabi/4.9.3/../../../../arm-none-eabi/lib/armv7-m\libcr_nohost.a(__sys_flen.o)
 .ARM.attributes
                0x0000087f       0x33 c:/nxp/lpcxpresso_7.8.0_426/lpcxpresso/tools/bin/../lib/gcc/arm-none-eabi/4.9.3/../../../../arm-none-eabi/lib/armv7-m\libcr_nohost.a(__sys_istty.o)
 .ARM.attributes
                0x000008b2       0x33 c:/nxp/lpcxpresso_7.8.0_426/lpcxpresso/tools/bin/../lib/gcc/arm-none-eabi/4.9.3/../../../../arm-none-eabi/lib/armv7-m\libcr_nohost.a(__sys_remove.o)
 .ARM.attributes
                0x000008e5       0x33 c:/nxp/lpcxpresso_7.8.0_426/lpcxpresso/tools/bin/../lib/gcc/arm-none-eabi/4.9.3/../../../../arm-none-eabi/lib/armv7-m\libcr_nohost.a(__sys_seek.o)
 .ARM.attributes
                0x00000918       0x33 c:/nxp/lpcxpresso_7.8.0_426/lpcxpresso/tools/bin/../lib/gcc/arm-none-eabi/4.9.3/../../../../arm-none-eabi/lib/armv7-m\libcr_nohost.a(__sys_tmpnam.o)

.debug_frame    0x00000000     0x19f0
 .debug_frame   0x00000000      0x178 ./example/src/adc.o
 .debug_frame   0x00000178      0x170 ./example/src/cr_startup_lpc175x_6x.o
 .debug_frame   0x000002e8       0x34 ./example/src/sysinit.o
 .debug_frame   0x0000031c      0x5d4 C:\Users\Piotr\Documents\LPCXpresso_7.8.0_426\mouse_threadmill\lpc_board_nxp_lpcxpresso_1769\Debug\liblpc_board_nxp_lpcxpresso_1769.a(board.o)
 .debug_frame   0x000008f0       0x8c C:\Users\Piotr\Documents\LPCXpresso_7.8.0_426\mouse_threadmill\lpc_board_nxp_lpcxpresso_1769\Debug\liblpc_board_nxp_lpcxpresso_1769.a(board_sysinit.o)
 .debug_frame   0x0000097c      0x218 C:\Users\Piotr\Documents\LPCXpresso_7.8.0_426\mouse_threadmill\lpc_chip_175x_6x\Debug\liblpc_chip_175x_6x.a(adc_17xx_40xx.o)
 .debug_frame   0x00000b94       0x88 C:\Users\Piotr\Documents\LPCXpresso_7.8.0_426\mouse_threadmill\lpc_chip_175x_6x\Debug\liblpc_chip_175x_6x.a(chip_17xx_40xx.o)
 .debug_frame   0x00000c1c      0x490 C:\Users\Piotr\Documents\LPCXpresso_7.8.0_426\mouse_threadmill\lpc_chip_175x_6x\Debug\liblpc_chip_175x_6x.a(clock_17xx_40xx.o)
 .debug_frame   0x000010ac      0x25c C:\Users\Piotr\Documents\LPCXpresso_7.8.0_426\mouse_threadmill\lpc_chip_175x_6x\Debug\liblpc_chip_175x_6x.a(gpdma_17xx_40xx.o)
 .debug_frame   0x00001308       0x88 C:\Users\Piotr\Documents\LPCXpresso_7.8.0_426\mouse_threadmill\lpc_chip_175x_6x\Debug\liblpc_chip_175x_6x.a(iocon_17xx_40xx.o)
 .debug_frame   0x00001390      0x12c C:\Users\Piotr\Documents\LPCXpresso_7.8.0_426\mouse_threadmill\lpc_chip_175x_6x\Debug\liblpc_chip_175x_6x.a(sysinit_17xx_40xx.o)
 .debug_frame   0x000014bc      0x534 C:\Users\Piotr\Documents\LPCXpresso_7.8.0_426\mouse_threadmill\lpc_chip_175x_6x\Debug\liblpc_chip_175x_6x.a(uart_17xx_40xx.o)
